Compiled from "Base64.java"
public class org.apache.commons.codec.binary.Base64 implements org.apache.commons.codec.BinaryEncoder,org.apache.commons.codec.BinaryDecoder {
  private static final int DEFAULT_BUFFER_RESIZE_FACTOR;
  private static final int DEFAULT_BUFFER_SIZE;
  static final int CHUNK_SIZE;
  static final byte[] CHUNK_SEPARATOR;
  private static final byte[] STANDARD_ENCODE_TABLE;
  private static final byte[] URL_SAFE_ENCODE_TABLE;
  private static final byte PAD;
  private static final byte[] DECODE_TABLE;
  private static final int MASK_6BITS;
  private static final int MASK_8BITS;
  private final byte[] encodeTable;
  private final int lineLength;
  private final byte[] lineSeparator;
  private final int decodeSize;
  private final int encodeSize;
  private byte[] buffer;
  private int pos;
  private int readPos;
  private int currentLinePos;
  private int modulus;
  private boolean eof;
  private int x;
  public org.apache.commons.codec.binary.Base64();
  public org.apache.commons.codec.binary.Base64(boolean);
  public org.apache.commons.codec.binary.Base64(int);
  public org.apache.commons.codec.binary.Base64(int, byte[]);
  public org.apache.commons.codec.binary.Base64(int, byte[], boolean);
  public boolean isUrlSafe();
  boolean hasData();
  int avail();
  private void resizeBuffer();
  int readResults(byte[], int, int);
  void setInitialBuffer(byte[], int, int);
  void encode(byte[], int, int);
  void decode(byte[], int, int);
  public static boolean isBase64(byte);
  public static boolean isArrayByteBase64(byte[]);
  private static boolean containsBase64Byte(byte[]);
  public static byte[] encodeBase64(byte[]);
  public static java.lang.String encodeBase64String(byte[]);
  public static byte[] encodeBase64URLSafe(byte[]);
  public static java.lang.String encodeBase64URLSafeString(byte[]);
  public static byte[] encodeBase64Chunked(byte[]);
  public java.lang.Object decode(java.lang.Object) throws org.apache.commons.codec.DecoderException;
  public byte[] decode(java.lang.String);
  public byte[] decode(byte[]);
  public static byte[] encodeBase64(byte[], boolean);
  public static byte[] encodeBase64(byte[], boolean, boolean);
  public static byte[] encodeBase64(byte[], boolean, boolean, int);
  public static byte[] decodeBase64(java.lang.String);
  public static byte[] decodeBase64(byte[]);
  static byte[] discardWhitespace(byte[]);
  private static boolean isWhiteSpace(byte);
  public java.lang.Object encode(java.lang.Object) throws org.apache.commons.codec.EncoderException;
  public java.lang.String encodeToString(byte[]);
  public byte[] encode(byte[]);
  private static long getEncodeLength(byte[], int, byte[]);
  public static java.math.BigInteger decodeInteger(byte[]);
  public static byte[] encodeInteger(java.math.BigInteger);
  static byte[] toIntegerBytes(java.math.BigInteger);
  private void reset();
  static {};
}
