Compiled from "JsonReader.java"
public class com.google.gson.stream.JsonReader implements java.io.Closeable {
  private static final char[] NON_EXECUTE_PREFIX;
  private static final long MIN_INCOMPLETE_INTEGER;
  private static final int PEEKED_NONE;
  private static final int PEEKED_BEGIN_OBJECT;
  private static final int PEEKED_END_OBJECT;
  private static final int PEEKED_BEGIN_ARRAY;
  private static final int PEEKED_END_ARRAY;
  private static final int PEEKED_TRUE;
  private static final int PEEKED_FALSE;
  private static final int PEEKED_NULL;
  private static final int PEEKED_SINGLE_QUOTED;
  private static final int PEEKED_DOUBLE_QUOTED;
  private static final int PEEKED_UNQUOTED;
  private static final int PEEKED_BUFFERED;
  private static final int PEEKED_SINGLE_QUOTED_NAME;
  private static final int PEEKED_DOUBLE_QUOTED_NAME;
  private static final int PEEKED_UNQUOTED_NAME;
  private static final int PEEKED_LONG;
  private static final int PEEKED_NUMBER;
  private static final int PEEKED_EOF;
  private static final int NUMBER_CHAR_NONE;
  private static final int NUMBER_CHAR_SIGN;
  private static final int NUMBER_CHAR_DIGIT;
  private static final int NUMBER_CHAR_DECIMAL;
  private static final int NUMBER_CHAR_FRACTION_DIGIT;
  private static final int NUMBER_CHAR_EXP_E;
  private static final int NUMBER_CHAR_EXP_SIGN;
  private static final int NUMBER_CHAR_EXP_DIGIT;
  private final java.io.Reader in;
  private boolean lenient;
  private final char[] buffer;
  private int pos;
  private int limit;
  private int lineNumber;
  private int lineStart;
  int peeked;
  private long peekedLong;
  private int peekedNumberLength;
  private java.lang.String peekedString;
  private int[] stack;
  private int stackSize;
  private java.lang.String[] pathNames;
  private int[] pathIndices;
  public com.google.gson.stream.JsonReader(java.io.Reader);
  public final void setLenient(boolean);
  public final boolean isLenient();
  public void beginArray() throws java.io.IOException;
  public void endArray() throws java.io.IOException;
  public void beginObject() throws java.io.IOException;
  public void endObject() throws java.io.IOException;
  public boolean hasNext() throws java.io.IOException;
  public com.google.gson.stream.JsonToken peek() throws java.io.IOException;
  int doPeek() throws java.io.IOException;
  private int peekKeyword() throws java.io.IOException;
  private int peekNumber() throws java.io.IOException;
  private boolean isLiteral(char) throws java.io.IOException;
  public java.lang.String nextName() throws java.io.IOException;
  public java.lang.String nextString() throws java.io.IOException;
  public boolean nextBoolean() throws java.io.IOException;
  public void nextNull() throws java.io.IOException;
  public double nextDouble() throws java.io.IOException;
  public long nextLong() throws java.io.IOException;
  private java.lang.String nextQuotedValue(char) throws java.io.IOException;
  private java.lang.String nextUnquotedValue() throws java.io.IOException;
  private void skipQuotedValue(char) throws java.io.IOException;
  private void skipUnquotedValue() throws java.io.IOException;
  public int nextInt() throws java.io.IOException;
  public void close() throws java.io.IOException;
  public void skipValue() throws java.io.IOException;
  private void push(int);
  private boolean fillBuffer(int) throws java.io.IOException;
  int getLineNumber();
  int getColumnNumber();
  private int nextNonWhitespace(boolean) throws java.io.IOException;
  private void checkLenient() throws java.io.IOException;
  private void skipToEndOfLine() throws java.io.IOException;
  private boolean skipTo(java.lang.String) throws java.io.IOException;
  public java.lang.String toString();
  public java.lang.String getPath();
  private char readEscapeCharacter() throws java.io.IOException;
  private java.io.IOException syntaxError(java.lang.String) throws java.io.IOException;
  private void consumeNonExecutePrefix() throws java.io.IOException;
  static {};
}
Compiled from "JsonWriter.java"
public class com.google.gson.stream.JsonWriter implements java.io.Closeable,java.io.Flushable {
  private static final java.lang.String[] REPLACEMENT_CHARS;
  private static final java.lang.String[] HTML_SAFE_REPLACEMENT_CHARS;
  private final java.io.Writer out;
  private int[] stack;
  private int stackSize;
  private java.lang.String indent;
  private java.lang.String separator;
  private boolean lenient;
  private boolean htmlSafe;
  private java.lang.String deferredName;
  private boolean serializeNulls;
  public com.google.gson.stream.JsonWriter(java.io.Writer);
  public final void setIndent(java.lang.String);
  public final void setLenient(boolean);
  public boolean isLenient();
  public final void setHtmlSafe(boolean);
  public final boolean isHtmlSafe();
  public final void setSerializeNulls(boolean);
  public final boolean getSerializeNulls();
  public com.google.gson.stream.JsonWriter beginArray() throws java.io.IOException;
  public com.google.gson.stream.JsonWriter endArray() throws java.io.IOException;
  public com.google.gson.stream.JsonWriter beginObject() throws java.io.IOException;
  public com.google.gson.stream.JsonWriter endObject() throws java.io.IOException;
  private com.google.gson.stream.JsonWriter open(int, java.lang.String) throws java.io.IOException;
  private com.google.gson.stream.JsonWriter close(int, int, java.lang.String) throws java.io.IOException;
  private void push(int);
  private int peek();
  private void replaceTop(int);
  public com.google.gson.stream.JsonWriter name(java.lang.String) throws java.io.IOException;
  private void writeDeferredName() throws java.io.IOException;
  public com.google.gson.stream.JsonWriter value(java.lang.String) throws java.io.IOException;
  public com.google.gson.stream.JsonWriter jsonValue(java.lang.String) throws java.io.IOException;
  public com.google.gson.stream.JsonWriter nullValue() throws java.io.IOException;
  public com.google.gson.stream.JsonWriter value(boolean) throws java.io.IOException;
  public com.google.gson.stream.JsonWriter value(double) throws java.io.IOException;
  public com.google.gson.stream.JsonWriter value(long) throws java.io.IOException;
  public com.google.gson.stream.JsonWriter value(java.lang.Number) throws java.io.IOException;
  public void flush() throws java.io.IOException;
  public void close() throws java.io.IOException;
  private void string(java.lang.String) throws java.io.IOException;
  private void newline() throws java.io.IOException;
  private void beforeName() throws java.io.IOException;
  private void beforeValue(boolean) throws java.io.IOException;
  static {};
}
