Compiled from "TypeAdapters.java"
public final class com.google.gson.internal.bind.TypeAdapters {
  public static final com.google.gson.TypeAdapter<java.lang.Class> CLASS;
  public static final com.google.gson.TypeAdapterFactory CLASS_FACTORY;
  public static final com.google.gson.TypeAdapter<java.util.BitSet> BIT_SET;
  public static final com.google.gson.TypeAdapterFactory BIT_SET_FACTORY;
  public static final com.google.gson.TypeAdapter<java.lang.Boolean> BOOLEAN;
  public static final com.google.gson.TypeAdapter<java.lang.Boolean> BOOLEAN_AS_STRING;
  public static final com.google.gson.TypeAdapterFactory BOOLEAN_FACTORY;
  public static final com.google.gson.TypeAdapter<java.lang.Number> BYTE;
  public static final com.google.gson.TypeAdapterFactory BYTE_FACTORY;
  public static final com.google.gson.TypeAdapter<java.lang.Number> SHORT;
  public static final com.google.gson.TypeAdapterFactory SHORT_FACTORY;
  public static final com.google.gson.TypeAdapter<java.lang.Number> INTEGER;
  public static final com.google.gson.TypeAdapterFactory INTEGER_FACTORY;
  public static final com.google.gson.TypeAdapter<java.lang.Number> LONG;
  public static final com.google.gson.TypeAdapter<java.lang.Number> FLOAT;
  public static final com.google.gson.TypeAdapter<java.lang.Number> DOUBLE;
  public static final com.google.gson.TypeAdapter<java.lang.Number> NUMBER;
  public static final com.google.gson.TypeAdapterFactory NUMBER_FACTORY;
  public static final com.google.gson.TypeAdapter<java.lang.Character> CHARACTER;
  public static final com.google.gson.TypeAdapterFactory CHARACTER_FACTORY;
  public static final com.google.gson.TypeAdapter<java.lang.String> STRING;
  public static final com.google.gson.TypeAdapter<java.math.BigDecimal> BIG_DECIMAL;
  public static final com.google.gson.TypeAdapter<java.math.BigInteger> BIG_INTEGER;
  public static final com.google.gson.TypeAdapterFactory STRING_FACTORY;
  public static final com.google.gson.TypeAdapter<java.lang.StringBuilder> STRING_BUILDER;
  public static final com.google.gson.TypeAdapterFactory STRING_BUILDER_FACTORY;
  public static final com.google.gson.TypeAdapter<java.lang.StringBuffer> STRING_BUFFER;
  public static final com.google.gson.TypeAdapterFactory STRING_BUFFER_FACTORY;
  public static final com.google.gson.TypeAdapter<java.net.URL> URL;
  public static final com.google.gson.TypeAdapterFactory URL_FACTORY;
  public static final com.google.gson.TypeAdapter<java.net.URI> URI;
  public static final com.google.gson.TypeAdapterFactory URI_FACTORY;
  public static final com.google.gson.TypeAdapter<java.net.InetAddress> INET_ADDRESS;
  public static final com.google.gson.TypeAdapterFactory INET_ADDRESS_FACTORY;
  public static final com.google.gson.TypeAdapter<java.util.UUID> UUID;
  public static final com.google.gson.TypeAdapterFactory UUID_FACTORY;
  public static final com.google.gson.TypeAdapterFactory TIMESTAMP_FACTORY;
  public static final com.google.gson.TypeAdapter<java.util.Calendar> CALENDAR;
  public static final com.google.gson.TypeAdapterFactory CALENDAR_FACTORY;
  public static final com.google.gson.TypeAdapter<java.util.Locale> LOCALE;
  public static final com.google.gson.TypeAdapterFactory LOCALE_FACTORY;
  public static final com.google.gson.TypeAdapter<com.google.gson.JsonElement> JSON_ELEMENT;
  public static final com.google.gson.TypeAdapterFactory JSON_ELEMENT_FACTORY;
  public static final com.google.gson.TypeAdapterFactory ENUM_FACTORY;
  private com.google.gson.internal.bind.TypeAdapters();
  public static <TT> com.google.gson.TypeAdapterFactory newFactory(com.google.gson.reflect.TypeToken<TT>, com.google.gson.TypeAdapter<TT>);
  public static <TT> com.google.gson.TypeAdapterFactory newFactory(java.lang.Class<TT>, com.google.gson.TypeAdapter<TT>);
  public static <TT> com.google.gson.TypeAdapterFactory newFactory(java.lang.Class<TT>, java.lang.Class<TT>, com.google.gson.TypeAdapter<? super TT>);
  public static <TT> com.google.gson.TypeAdapterFactory newFactoryForMultipleTypes(java.lang.Class<TT>, java.lang.Class<? extends TT>, com.google.gson.TypeAdapter<? super TT>);
  public static <T1> com.google.gson.TypeAdapterFactory newTypeHierarchyFactory(java.lang.Class<T1>, com.google.gson.TypeAdapter<T1>);
  static {};
}
