Traceback (most recent call last):
  File "<frozen runpy>", line 198, in _run_module_as_main
  File "<frozen runpy>", line 88, in _run_code
  File "D:\Projects\SQA_p\Project_SQA\scripts\study\api854\inspect_beam_graphics_acceptance.py", line 357, in <module>
    main()
    ~~~~^^
  File "D:\Projects\SQA_p\Project_SQA\scripts\study\api854\inspect_beam_graphics_acceptance.py", line 351, in main
    result = run(parser.parse_args().output)
  File "D:\Projects\SQA_p\Project_SQA\scripts\study\api854\inspect_beam_graphics_acceptance.py", line 248, in run
    require(tests['exit_code'] == 0 and re.search(r'Ran 8 tests in', log) and log.strip().endswith('OK')
    ~~~~~~~^^^^^^^^^^^^^^^^^^^^^^^^^^^^^^^^^^^^^^^^^^^^^^^^^^^^^^^^^^^^^^^^^^^^^^^^^^^^^^^^^^^^^^^^^^^^^
            and len(re.findall(r'\.\.\. ok', log)) == 8 and 'skipped' not in log.lower()
            ^^^^^^^^^^^^^^^^^^^^^^^^^^^^^^^^^^^^^^^^^^^^^^^^^^^^^^^^^^^^^^^^^^^^^^^^^^^^
            and receipt['fresh_focused_tests_passed'] == 8 and receipt['fresh_focused_tests_skipped'] == 0,
            ^^^^^^^^^^^^^^^^^^^^^^^^^^^^^^^^^^^^^^^^^^^^^^^^^^^^^^^^^^^^^^^^^^^^^^^^^^^^^^^^^^^^^^^^^^^^^^^
            'Received focused test count/status differs')
            ^^^^^^^^^^^^^^^^^^^^^^^^^^^^^^^^^^^^^^^^^^^^^
  File "D:\Projects\SQA_p\Project_SQA\scripts\study\api854\review_joint_recipe_intake.py", line 36, in require
    raise ValueError(reason)
ValueError: Received focused test count/status differs
