Compiled from "NodePointer.java"
public abstract class org.apache.commons.jxpath.ri.model.NodePointer implements org.apache.commons.jxpath.Pointer {
  public static final int WHOLE_COLLECTION;
  protected int index;
  public static final java.lang.String UNKNOWN_NAMESPACE;
  private boolean attribute;
  private transient java.lang.Object rootNode;
  private org.apache.commons.jxpath.ri.NamespaceResolver namespaceResolver;
  protected org.apache.commons.jxpath.ri.model.NodePointer parent;
  protected java.util.Locale locale;
  public static org.apache.commons.jxpath.ri.model.NodePointer newNodePointer(org.apache.commons.jxpath.ri.QName, java.lang.Object, java.util.Locale);
  public static org.apache.commons.jxpath.ri.model.NodePointer newChildNodePointer(org.apache.commons.jxpath.ri.model.NodePointer, org.apache.commons.jxpath.ri.QName, java.lang.Object);
  protected org.apache.commons.jxpath.ri.model.NodePointer(org.apache.commons.jxpath.ri.model.NodePointer);
  protected org.apache.commons.jxpath.ri.model.NodePointer(org.apache.commons.jxpath.ri.model.NodePointer, java.util.Locale);
  public org.apache.commons.jxpath.ri.NamespaceResolver getNamespaceResolver();
  public void setNamespaceResolver(org.apache.commons.jxpath.ri.NamespaceResolver);
  public org.apache.commons.jxpath.ri.model.NodePointer getParent();
  public org.apache.commons.jxpath.ri.model.NodePointer getImmediateParentPointer();
  public void setAttribute(boolean);
  public boolean isAttribute();
  public boolean isRoot();
  public abstract boolean isLeaf();
  public boolean isNode();
  public boolean isContainer();
  public int getIndex();
  public void setIndex(int);
  public abstract boolean isCollection();
  public abstract int getLength();
  public java.lang.Object getValue();
  public org.apache.commons.jxpath.ri.model.NodePointer getValuePointer();
  public org.apache.commons.jxpath.ri.model.NodePointer getImmediateValuePointer();
  public boolean isActual();
  public abstract org.apache.commons.jxpath.ri.QName getName();
  public abstract java.lang.Object getBaseValue();
  public java.lang.Object getNodeValue();
  public java.lang.Object getNode();
  public java.lang.Object getRootNode();
  public abstract java.lang.Object getImmediateNode();
  public abstract void setValue(java.lang.Object);
  public abstract int compareChildNodePointers(org.apache.commons.jxpath.ri.model.NodePointer, org.apache.commons.jxpath.ri.model.NodePointer);
  public boolean testNode(org.apache.commons.jxpath.ri.compiler.NodeTest);
  private static boolean equalStrings(java.lang.String, java.lang.String);
  public org.apache.commons.jxpath.ri.model.NodePointer createPath(org.apache.commons.jxpath.JXPathContext, java.lang.Object);
  public void remove();
  public org.apache.commons.jxpath.ri.model.NodePointer createPath(org.apache.commons.jxpath.JXPathContext);
  public org.apache.commons.jxpath.ri.model.NodePointer createChild(org.apache.commons.jxpath.JXPathContext, org.apache.commons.jxpath.ri.QName, int, java.lang.Object);
  public org.apache.commons.jxpath.ri.model.NodePointer createChild(org.apache.commons.jxpath.JXPathContext, org.apache.commons.jxpath.ri.QName, int);
  public org.apache.commons.jxpath.ri.model.NodePointer createAttribute(org.apache.commons.jxpath.JXPathContext, org.apache.commons.jxpath.ri.QName);
  public java.util.Locale getLocale();
  public boolean isLanguage(java.lang.String);
  public org.apache.commons.jxpath.ri.model.NodeIterator childIterator(org.apache.commons.jxpath.ri.compiler.NodeTest, boolean, org.apache.commons.jxpath.ri.model.NodePointer);
  public org.apache.commons.jxpath.ri.model.NodeIterator attributeIterator(org.apache.commons.jxpath.ri.QName);
  public org.apache.commons.jxpath.ri.model.NodeIterator namespaceIterator();
  public org.apache.commons.jxpath.ri.model.NodePointer namespacePointer(java.lang.String);
  public java.lang.String getNamespaceURI(java.lang.String);
  public java.lang.String getNamespaceURI();
  protected boolean isDefaultNamespace(java.lang.String);
  protected java.lang.String getDefaultNamespaceURI();
  public org.apache.commons.jxpath.Pointer getPointerByID(org.apache.commons.jxpath.JXPathContext, java.lang.String);
  public org.apache.commons.jxpath.Pointer getPointerByKey(org.apache.commons.jxpath.JXPathContext, java.lang.String, java.lang.String);
  public java.lang.String asPath();
  public java.lang.Object clone();
  public java.lang.String toString();
  public int compareTo(java.lang.Object);
  private int compareNodePointers(org.apache.commons.jxpath.ri.model.NodePointer, int, org.apache.commons.jxpath.ri.model.NodePointer, int);
  public void printPointerChain();
  private static void printDeep(org.apache.commons.jxpath.ri.model.NodePointer, java.lang.String);
}
