org.junit.ComparisonFailure: expected:<...java.lang.Byte:MA==;[java.lang.Byte:NDg=;java.lang.Byte:NTU=;java.lang.Byte:NDg=;java.lang.Byte:NTU=;java.lang.Byte:NDg=;java.lang.Byte:NDk=;java.lang.Byte:NDg=;java.lang.Byte:NDg=;java.lang.Byte:NDg=;java.lang.Byte:NDg=;java.lang.Byte:NDg=;java.lang.Byte:NDg=;java.lang.Byte:NDg=;java.lang.Byte:NDg=;java.lang.Byte:NDg=;java.lang.Byte:NDg=;java.lang.Byte:NDg=;java.lang.Byte:NDg=;java.lang.Byte:NDg=;java.lang.Byte:NDg=;java.lang.Byte:NDg=;java.lang.Byte:NDg=;java.lang.Byte:NDg=;java.lang.Byte:NDg=;java.lang.Byte:NDg=;java.lang.Byte:NDg=;java.lang.Byte:NDg=;java.lang.Byte:NDg=;java.lang.Byte:NDg=;java.lang.Byte:NDg=;java.lang.Byte:NDg=;java.lang.Byte:NDg=;java.lang.Byte:NDg=;java.lang.Byte:NDg=;java.lang.Byte:NDg=;java.lang.Byte:NDg=;java.lang.Byte:NDg=;java.lang.Byte:NDg=;java.lang.Byte:NDg=;java.lang.Byte:NDg=;java.lang.Byte:NDg=;java.lang.Byte:NDg=;java.lang.Byte:NDg=;java.lang.Byte:NDg=;java.lang.Byte:NDg=;java.lang.Byte:NDk=;java.lang.Byte:MTAy;java.lang.Byte:MTAy;java.lang.Byte:MTAy;java.lang.Byte:MTAy;java.lang.Byte:MTAy;java.lang.Byte:MTAy;java.lang.Byte:MTAy;java.lang.Byte:MTAy;java.lang.Byte:NDg=;java.lang.Byte:NDg=;java.lang.Byte:NDg=;java.lang.Byte:NDg=;java.lang.Byte:NDg=;java.lang.Byte:NDg=;java.lang.Byte:NDg=;java.lang.Byte:NDg=;java.lang.Byte:NDg=;java.lang.Byte:NDg=;java.lang.Byte:NDg=;java.lang.Byte:NDg=;java.lang.Byte:NDg=;java.lang.Byte:NDg=;java.lang.Byte:NDg=;java.lang.Byte:NDg=;java.lang.Byte:NDg=;java.lang.Byte:NDg=;java.lang.Byte:NDg=;java.lang.Byte:NDg=;java.lang.Byte:NDg=;java.lang.Byte:NDg=;java.lang.Byte:NDg=;java.lang.Byte:NDg=;java.lang.Byte:NDg=;java.lang.Byte:NDg=;java.lang.Byte:NDg=;java.lang.Byte:NDg=;java.lang.Byte:NDg=;java.lang.Byte:NDg=;java.lang.Byte:NDg=;java.lang.Byte:NDg=;java.lang.Byte:NDg=;java.lang.Byte:NDg=;java.lang.Byte:NDg=;java.lang.Byte:NDg=;java.lang.Byte:NDg=;java.lang.Byte:NDg=;java.lang.Byte:NDg=;java.lang.Byte:NDg=;java.lang.Byte:NDg=;java.lang.Byte:NDg=;java.lang.Byte:NDg=;java.lang.Byte:NDg=;java.lang.Byte:NDg=;java.lang.Byte:NDg=;java.lang.Byte:NDg=;java.lang.Byte:OTg=;java.lang.Byte:NDg=;java.lang.Byte:NDg=;java.lang.Byte:NDg=;java.lang.Byte:NDg=;java.lang.Byte:NDg=;java.lang.Byte:NDg=;java.lang.Byte:NDg=;java.lang.Byte:NDg=;java.lang.Byte:ODQ=;java.lang.Byte:ODI=;java.lang.Byte:NjU=;java.lang.Byte:NzM=;java.lang.Byte:NzY=;java.lang.Byte:Njk=;java.lang.Byte:ODI=;java.lang.Byte:MzM=;java.lang.Byte:MzM=;java.lang.Byte:MzM=;java.lang.Byte:MA==;java.lang.Byte:MA==;java.lang.Byte:MA==;java.lang.Byte:MA==;]]> but was:<...java.lang.Byte:MA==;[]]>
	at org.junit.Assert.assertEquals(Assert.java:115)
	at org.junit.Assert.assertEquals(Assert.java:144)
	at GeneratedStudyTest.generated3(GeneratedStudyTest.java:49)
	at java.base/jdk.internal.reflect.NativeMethodAccessorImpl.invoke0(Native Method)
	at java.base/jdk.internal.reflect.NativeMethodAccessorImpl.invoke(NativeMethodAccessorImpl.java:77)
	at java.base/jdk.internal.reflect.DelegatingMethodAccessorImpl.invoke(DelegatingMethodAccessorImpl.java:43)
	at java.base/java.lang.reflect.Method.invoke(Method.java:569)
	at org.junit.runners.model.FrameworkMethod$1.runReflectiveCall(FrameworkMethod.java:50)
	at org.junit.internal.runners.model.ReflectiveCallable.run(ReflectiveCallable.java:12)
	at org.junit.runners.model.FrameworkMethod.invokeExplosively(FrameworkMethod.java:47)
	at org.junit.internal.runners.statements.InvokeMethod.evaluate(InvokeMethod.java:17)
	at org.junit.internal.runners.statements.FailOnTimeout$CallableStatement.call(FailOnTimeout.java:298)
	at org.junit.internal.runners.statements.FailOnTimeout$CallableStatement.call(FailOnTimeout.java:292)
	at java.base/java.util.concurrent.FutureTask.run(FutureTask.java:264)
	at java.base/java.lang.Thread.run(Thread.java:840)

org.junit.ComparisonFailure: expected:<...java.lang.Byte:MA==;[java.lang.Byte:NDg=;java.lang.Byte:NTU=;java.lang.Byte:NDg=;java.lang.Byte:NTU=;java.lang.Byte:NDg=;java.lang.Byte:NDk=;java.lang.Byte:NDg=;java.lang.Byte:NDg=;java.lang.Byte:NDg=;java.lang.Byte:NDg=;java.lang.Byte:NDg=;java.lang.Byte:NDg=;java.lang.Byte:NDg=;java.lang.Byte:NDg=;java.lang.Byte:NDg=;java.lang.Byte:NDg=;java.lang.Byte:NDg=;java.lang.Byte:NDg=;java.lang.Byte:NDg=;java.lang.Byte:NDg=;java.lang.Byte:NDg=;java.lang.Byte:NDg=;java.lang.Byte:NDg=;java.lang.Byte:NDg=;java.lang.Byte:NDg=;java.lang.Byte:NDg=;java.lang.Byte:NDg=;java.lang.Byte:NDg=;java.lang.Byte:NDg=;java.lang.Byte:NDg=;java.lang.Byte:NDg=;java.lang.Byte:NDg=;java.lang.Byte:NDg=;java.lang.Byte:NDg=;java.lang.Byte:NDg=;java.lang.Byte:NDg=;java.lang.Byte:NDg=;java.lang.Byte:NDg=;java.lang.Byte:NDg=;java.lang.Byte:NDg=;java.lang.Byte:NDg=;java.lang.Byte:NDg=;java.lang.Byte:NDg=;java.lang.Byte:NDg=;java.lang.Byte:NDg=;java.lang.Byte:NDk=;java.lang.Byte:MTAy;java.lang.Byte:MTAy;java.lang.Byte:MTAy;java.lang.Byte:MTAy;java.lang.Byte:MTAy;java.lang.Byte:MTAy;java.lang.Byte:MTAy;java.lang.Byte:MTAy;java.lang.Byte:NDg=;java.lang.Byte:NDg=;java.lang.Byte:NDg=;java.lang.Byte:NDg=;java.lang.Byte:NDg=;java.lang.Byte:NDg=;java.lang.Byte:NDg=;java.lang.Byte:NDg=;java.lang.Byte:NDg=;java.lang.Byte:NDg=;java.lang.Byte:NDg=;java.lang.Byte:NDg=;java.lang.Byte:NDg=;java.lang.Byte:NDg=;java.lang.Byte:NDg=;java.lang.Byte:NDg=;java.lang.Byte:NDg=;java.lang.Byte:NDg=;java.lang.Byte:NDg=;java.lang.Byte:NDg=;java.lang.Byte:NDg=;java.lang.Byte:NDg=;java.lang.Byte:NDg=;java.lang.Byte:NDg=;java.lang.Byte:NDg=;java.lang.Byte:NDg=;java.lang.Byte:NDg=;java.lang.Byte:NDg=;java.lang.Byte:NDg=;java.lang.Byte:NDg=;java.lang.Byte:NDg=;java.lang.Byte:NDg=;java.lang.Byte:NDg=;java.lang.Byte:NDg=;java.lang.Byte:NDg=;java.lang.Byte:NDg=;java.lang.Byte:NDg=;java.lang.Byte:NDg=;java.lang.Byte:NDg=;java.lang.Byte:NDg=;java.lang.Byte:NDg=;java.lang.Byte:NDg=;java.lang.Byte:NDg=;java.lang.Byte:NDg=;java.lang.Byte:NDg=;java.lang.Byte:NDg=;java.lang.Byte:NDg=;java.lang.Byte:OTg=;java.lang.Byte:NDg=;java.lang.Byte:NDg=;java.lang.Byte:NDg=;java.lang.Byte:NDg=;java.lang.Byte:NDg=;java.lang.Byte:NDg=;java.lang.Byte:NDg=;java.lang.Byte:NDg=;java.lang.Byte:ODQ=;java.lang.Byte:ODI=;java.lang.Byte:NjU=;java.lang.Byte:NzM=;java.lang.Byte:NzY=;java.lang.Byte:Njk=;java.lang.Byte:ODI=;java.lang.Byte:MzM=;java.lang.Byte:MzM=;java.lang.Byte:MzM=;java.lang.Byte:MA==;java.lang.Byte:MA==;java.lang.Byte:MA==;java.lang.Byte:MA==;]]> but was:<...java.lang.Byte:MA==;[]]>
	at org.junit.Assert.assertEquals(Assert.java:115)
	at org.junit.Assert.assertEquals(Assert.java:144)
	at GeneratedStudyTest.generated16(GeneratedStudyTest.java:140)
	at java.base/jdk.internal.reflect.NativeMethodAccessorImpl.invoke0(Native Method)
	at java.base/jdk.internal.reflect.NativeMethodAccessorImpl.invoke(NativeMethodAccessorImpl.java:77)
	at java.base/jdk.internal.reflect.DelegatingMethodAccessorImpl.invoke(DelegatingMethodAccessorImpl.java:43)
	at java.base/java.lang.reflect.Method.invoke(Method.java:569)
	at org.junit.runners.model.FrameworkMethod$1.runReflectiveCall(FrameworkMethod.java:50)
	at org.junit.internal.runners.model.ReflectiveCallable.run(ReflectiveCallable.java:12)
	at org.junit.runners.model.FrameworkMethod.invokeExplosively(FrameworkMethod.java:47)
	at org.junit.internal.runners.statements.InvokeMethod.evaluate(InvokeMethod.java:17)
	at org.junit.internal.runners.statements.FailOnTimeout$CallableStatement.call(FailOnTimeout.java:298)
	at org.junit.internal.runners.statements.FailOnTimeout$CallableStatement.call(FailOnTimeout.java:292)
	at java.base/java.util.concurrent.FutureTask.run(FutureTask.java:264)
	at java.base/java.lang.Thread.run(Thread.java:840)

org.junit.ComparisonFailure: expected:<...java.lang.Byte:MA==;[java.lang.Byte:NDg=;java.lang.Byte:NTU=;java.lang.Byte:NDg=;java.lang.Byte:NTU=;java.lang.Byte:NDg=;java.lang.Byte:NDk=;java.lang.Byte:NDg=;java.lang.Byte:NDg=;java.lang.Byte:NDg=;java.lang.Byte:NDg=;java.lang.Byte:NDg=;java.lang.Byte:NDg=;java.lang.Byte:NDg=;java.lang.Byte:NDg=;java.lang.Byte:NDg=;java.lang.Byte:NDg=;java.lang.Byte:NDg=;java.lang.Byte:NDg=;java.lang.Byte:NDg=;java.lang.Byte:NDg=;java.lang.Byte:NDg=;java.lang.Byte:NDg=;java.lang.Byte:NDg=;java.lang.Byte:NDg=;java.lang.Byte:NDg=;java.lang.Byte:NDg=;java.lang.Byte:NDg=;java.lang.Byte:NDg=;java.lang.Byte:NDg=;java.lang.Byte:NDg=;java.lang.Byte:NDg=;java.lang.Byte:NDg=;java.lang.Byte:NDg=;java.lang.Byte:NDg=;java.lang.Byte:NDg=;java.lang.Byte:NDg=;java.lang.Byte:NDg=;java.lang.Byte:NDg=;java.lang.Byte:NDg=;java.lang.Byte:NDg=;java.lang.Byte:NDg=;java.lang.Byte:NDg=;java.lang.Byte:NDg=;java.lang.Byte:NDg=;java.lang.Byte:NDg=;java.lang.Byte:NDk=;java.lang.Byte:MTAy;java.lang.Byte:MTAy;java.lang.Byte:MTAy;java.lang.Byte:MTAy;java.lang.Byte:MTAy;java.lang.Byte:MTAy;java.lang.Byte:MTAy;java.lang.Byte:MTAy;java.lang.Byte:NDg=;java.lang.Byte:NDg=;java.lang.Byte:NDg=;java.lang.Byte:NDg=;java.lang.Byte:NDg=;java.lang.Byte:NDg=;java.lang.Byte:NDg=;java.lang.Byte:NDg=;java.lang.Byte:NDg=;java.lang.Byte:NDg=;java.lang.Byte:NDg=;java.lang.Byte:NDg=;java.lang.Byte:NDg=;java.lang.Byte:NDg=;java.lang.Byte:NDg=;java.lang.Byte:NDg=;java.lang.Byte:NDg=;java.lang.Byte:NDg=;java.lang.Byte:NDg=;java.lang.Byte:NDg=;java.lang.Byte:NDg=;java.lang.Byte:NDg=;java.lang.Byte:NDg=;java.lang.Byte:NDg=;java.lang.Byte:NDg=;java.lang.Byte:NDg=;java.lang.Byte:NDg=;java.lang.Byte:NDg=;java.lang.Byte:NDg=;java.lang.Byte:NDg=;java.lang.Byte:NDg=;java.lang.Byte:NDg=;java.lang.Byte:NDg=;java.lang.Byte:NDg=;java.lang.Byte:NDg=;java.lang.Byte:NDg=;java.lang.Byte:NDg=;java.lang.Byte:NDg=;java.lang.Byte:NDg=;java.lang.Byte:NDg=;java.lang.Byte:NDg=;java.lang.Byte:NDg=;java.lang.Byte:NDg=;java.lang.Byte:NDg=;java.lang.Byte:NDg=;java.lang.Byte:NDg=;java.lang.Byte:NDg=;java.lang.Byte:OTg=;java.lang.Byte:NDg=;java.lang.Byte:NDg=;java.lang.Byte:NDg=;java.lang.Byte:NDg=;java.lang.Byte:NDg=;java.lang.Byte:NDg=;java.lang.Byte:NDg=;java.lang.Byte:NDg=;java.lang.Byte:ODQ=;java.lang.Byte:ODI=;java.lang.Byte:NjU=;java.lang.Byte:NzM=;java.lang.Byte:NzY=;java.lang.Byte:Njk=;java.lang.Byte:ODI=;java.lang.Byte:MzM=;java.lang.Byte:MzM=;java.lang.Byte:MzM=;java.lang.Byte:MA==;java.lang.Byte:MA==;java.lang.Byte:MA==;java.lang.Byte:MA==;]]> but was:<...java.lang.Byte:MA==;[]]>
	at org.junit.Assert.assertEquals(Assert.java:115)
	at org.junit.Assert.assertEquals(Assert.java:144)
	at GeneratedStudyTest.generated22(GeneratedStudyTest.java:182)
	at java.base/jdk.internal.reflect.NativeMethodAccessorImpl.invoke0(Native Method)
	at java.base/jdk.internal.reflect.NativeMethodAccessorImpl.invoke(NativeMethodAccessorImpl.java:77)
	at java.base/jdk.internal.reflect.DelegatingMethodAccessorImpl.invoke(DelegatingMethodAccessorImpl.java:43)
	at java.base/java.lang.reflect.Method.invoke(Method.java:569)
	at org.junit.runners.model.FrameworkMethod$1.runReflectiveCall(FrameworkMethod.java:50)
	at org.junit.internal.runners.model.ReflectiveCallable.run(ReflectiveCallable.java:12)
	at org.junit.runners.model.FrameworkMethod.invokeExplosively(FrameworkMethod.java:47)
	at org.junit.internal.runners.statements.InvokeMethod.evaluate(InvokeMethod.java:17)
	at org.junit.internal.runners.statements.FailOnTimeout$CallableStatement.call(FailOnTimeout.java:298)
	at org.junit.internal.runners.statements.FailOnTimeout$CallableStatement.call(FailOnTimeout.java:292)
	at java.base/java.util.concurrent.FutureTask.run(FutureTask.java:264)
	at java.base/java.lang.Thread.run(Thread.java:840)

org.junit.ComparisonFailure: expected:<...java.lang.Byte:MA==;[java.lang.Byte:NDg=;java.lang.Byte:NTU=;java.lang.Byte:NDg=;java.lang.Byte:NTU=;java.lang.Byte:NDg=;java.lang.Byte:NDk=;java.lang.Byte:NDg=;java.lang.Byte:NDg=;java.lang.Byte:NDg=;java.lang.Byte:NDg=;java.lang.Byte:NDg=;java.lang.Byte:NDg=;java.lang.Byte:NDg=;java.lang.Byte:NDg=;java.lang.Byte:NDg=;java.lang.Byte:NDg=;java.lang.Byte:NDg=;java.lang.Byte:NDg=;java.lang.Byte:NDg=;java.lang.Byte:NDg=;java.lang.Byte:NDg=;java.lang.Byte:NDg=;java.lang.Byte:NDg=;java.lang.Byte:NDg=;java.lang.Byte:NDg=;java.lang.Byte:NDg=;java.lang.Byte:NDg=;java.lang.Byte:NDg=;java.lang.Byte:NDg=;java.lang.Byte:NDg=;java.lang.Byte:NDg=;java.lang.Byte:NDg=;java.lang.Byte:NDg=;java.lang.Byte:NDg=;java.lang.Byte:NDg=;java.lang.Byte:NDg=;java.lang.Byte:NDg=;java.lang.Byte:NDg=;java.lang.Byte:NDg=;java.lang.Byte:NDg=;java.lang.Byte:NDg=;java.lang.Byte:NDg=;java.lang.Byte:NDg=;java.lang.Byte:NDg=;java.lang.Byte:NDg=;java.lang.Byte:NDk=;java.lang.Byte:MTAy;java.lang.Byte:MTAy;java.lang.Byte:MTAy;java.lang.Byte:MTAy;java.lang.Byte:MTAy;java.lang.Byte:MTAy;java.lang.Byte:MTAy;java.lang.Byte:MTAy;java.lang.Byte:NDg=;java.lang.Byte:NDg=;java.lang.Byte:NDg=;java.lang.Byte:NDg=;java.lang.Byte:NDg=;java.lang.Byte:NDg=;java.lang.Byte:NDg=;java.lang.Byte:NDg=;java.lang.Byte:NDg=;java.lang.Byte:NDg=;java.lang.Byte:NDg=;java.lang.Byte:NDg=;java.lang.Byte:NDg=;java.lang.Byte:NDg=;java.lang.Byte:NDg=;java.lang.Byte:NDg=;java.lang.Byte:NDg=;java.lang.Byte:NDg=;java.lang.Byte:NDg=;java.lang.Byte:NDg=;java.lang.Byte:NDg=;java.lang.Byte:NDg=;java.lang.Byte:NDg=;java.lang.Byte:NDg=;java.lang.Byte:NDg=;java.lang.Byte:NDg=;java.lang.Byte:NDg=;java.lang.Byte:NDg=;java.lang.Byte:NDg=;java.lang.Byte:NDg=;java.lang.Byte:NDg=;java.lang.Byte:NDg=;java.lang.Byte:NDg=;java.lang.Byte:NDg=;java.lang.Byte:NDg=;java.lang.Byte:NDg=;java.lang.Byte:NDg=;java.lang.Byte:NDg=;java.lang.Byte:NDg=;java.lang.Byte:NDg=;java.lang.Byte:NDg=;java.lang.Byte:NDg=;java.lang.Byte:NDg=;java.lang.Byte:NDg=;java.lang.Byte:NDg=;java.lang.Byte:NDg=;java.lang.Byte:NDg=;java.lang.Byte:OTg=;java.lang.Byte:NDg=;java.lang.Byte:NDg=;java.lang.Byte:NDg=;java.lang.Byte:NDg=;java.lang.Byte:NDg=;java.lang.Byte:NDg=;java.lang.Byte:NDg=;java.lang.Byte:NDg=;java.lang.Byte:ODQ=;java.lang.Byte:ODI=;java.lang.Byte:NjU=;java.lang.Byte:NzM=;java.lang.Byte:NzY=;java.lang.Byte:Njk=;java.lang.Byte:ODI=;java.lang.Byte:MzM=;java.lang.Byte:MzM=;java.lang.Byte:MzM=;java.lang.Byte:MA==;java.lang.Byte:MA==;java.lang.Byte:MA==;java.lang.Byte:MA==;]]> but was:<...java.lang.Byte:MA==;[]]>
	at org.junit.Assert.assertEquals(Assert.java:115)
	at org.junit.Assert.assertEquals(Assert.java:144)
	at GeneratedStudyTest.generated25(GeneratedStudyTest.java:203)
	at java.base/jdk.internal.reflect.NativeMethodAccessorImpl.invoke0(Native Method)
	at java.base/jdk.internal.reflect.NativeMethodAccessorImpl.invoke(NativeMethodAccessorImpl.java:77)
	at java.base/jdk.internal.reflect.DelegatingMethodAccessorImpl.invoke(DelegatingMethodAccessorImpl.java:43)
	at java.base/java.lang.reflect.Method.invoke(Method.java:569)
	at org.junit.runners.model.FrameworkMethod$1.runReflectiveCall(FrameworkMethod.java:50)
	at org.junit.internal.runners.model.ReflectiveCallable.run(ReflectiveCallable.java:12)
	at org.junit.runners.model.FrameworkMethod.invokeExplosively(FrameworkMethod.java:47)
	at org.junit.internal.runners.statements.InvokeMethod.evaluate(InvokeMethod.java:17)
	at org.junit.internal.runners.statements.FailOnTimeout$CallableStatement.call(FailOnTimeout.java:298)
	at org.junit.internal.runners.statements.FailOnTimeout$CallableStatement.call(FailOnTimeout.java:292)
	at java.base/java.util.concurrent.FutureTask.run(FutureTask.java:264)
	at java.base/java.lang.Thread.run(Thread.java:840)

org.junit.ComparisonFailure: expected:<...java.lang.Byte:MA==;[java.lang.Byte:NDg=;java.lang.Byte:NTU=;java.lang.Byte:NDg=;java.lang.Byte:NTU=;java.lang.Byte:NDg=;java.lang.Byte:NDk=;java.lang.Byte:NDg=;java.lang.Byte:NDg=;java.lang.Byte:NDg=;java.lang.Byte:NDg=;java.lang.Byte:NDg=;java.lang.Byte:NDg=;java.lang.Byte:NDg=;java.lang.Byte:NDg=;java.lang.Byte:NDg=;java.lang.Byte:NDg=;java.lang.Byte:NDg=;java.lang.Byte:NDg=;java.lang.Byte:NDg=;java.lang.Byte:NDg=;java.lang.Byte:NDg=;java.lang.Byte:NDg=;java.lang.Byte:NDg=;java.lang.Byte:NDg=;java.lang.Byte:NDg=;java.lang.Byte:NDg=;java.lang.Byte:NDg=;java.lang.Byte:NDg=;java.lang.Byte:NDg=;java.lang.Byte:NDg=;java.lang.Byte:NDg=;java.lang.Byte:NDg=;java.lang.Byte:NDg=;java.lang.Byte:NDg=;java.lang.Byte:NDg=;java.lang.Byte:NDg=;java.lang.Byte:NDg=;java.lang.Byte:NDg=;java.lang.Byte:NDg=;java.lang.Byte:NDg=;java.lang.Byte:NDg=;java.lang.Byte:NDg=;java.lang.Byte:NDg=;java.lang.Byte:NDg=;java.lang.Byte:NDg=;java.lang.Byte:NDk=;java.lang.Byte:MTAy;java.lang.Byte:MTAy;java.lang.Byte:MTAy;java.lang.Byte:MTAy;java.lang.Byte:MTAy;java.lang.Byte:MTAy;java.lang.Byte:MTAy;java.lang.Byte:MTAy;java.lang.Byte:NDg=;java.lang.Byte:NDg=;java.lang.Byte:NDg=;java.lang.Byte:NDg=;java.lang.Byte:NDg=;java.lang.Byte:NDg=;java.lang.Byte:NDg=;java.lang.Byte:NDg=;java.lang.Byte:NDg=;java.lang.Byte:NDg=;java.lang.Byte:NDg=;java.lang.Byte:NDg=;java.lang.Byte:NDg=;java.lang.Byte:NDg=;java.lang.Byte:NDg=;java.lang.Byte:NDg=;java.lang.Byte:NDg=;java.lang.Byte:NDg=;java.lang.Byte:NDg=;java.lang.Byte:NDg=;java.lang.Byte:NDg=;java.lang.Byte:NDg=;java.lang.Byte:NDg=;java.lang.Byte:NDg=;java.lang.Byte:NDg=;java.lang.Byte:NDg=;java.lang.Byte:NDg=;java.lang.Byte:NDg=;java.lang.Byte:NDg=;java.lang.Byte:NDg=;java.lang.Byte:NDg=;java.lang.Byte:NDg=;java.lang.Byte:NDg=;java.lang.Byte:NDg=;java.lang.Byte:NDg=;java.lang.Byte:NDg=;java.lang.Byte:NDg=;java.lang.Byte:NDg=;java.lang.Byte:NDg=;java.lang.Byte:NDg=;java.lang.Byte:NDg=;java.lang.Byte:NDg=;java.lang.Byte:NDg=;java.lang.Byte:NDg=;java.lang.Byte:NDg=;java.lang.Byte:NDg=;java.lang.Byte:NDg=;java.lang.Byte:OTg=;java.lang.Byte:NDg=;java.lang.Byte:NDg=;java.lang.Byte:NDg=;java.lang.Byte:NDg=;java.lang.Byte:NDg=;java.lang.Byte:NDg=;java.lang.Byte:NDg=;java.lang.Byte:NDg=;java.lang.Byte:ODQ=;java.lang.Byte:ODI=;java.lang.Byte:NjU=;java.lang.Byte:NzM=;java.lang.Byte:NzY=;java.lang.Byte:Njk=;java.lang.Byte:ODI=;java.lang.Byte:MzM=;java.lang.Byte:MzM=;java.lang.Byte:MzM=;java.lang.Byte:MA==;java.lang.Byte:MA==;java.lang.Byte:MA==;java.lang.Byte:MA==;]]> but was:<...java.lang.Byte:MA==;[]]>
	at org.junit.Assert.assertEquals(Assert.java:115)
	at org.junit.Assert.assertEquals(Assert.java:144)
	at GeneratedStudyTest.generated28(GeneratedStudyTest.java:224)
	at java.base/jdk.internal.reflect.NativeMethodAccessorImpl.invoke0(Native Method)
	at java.base/jdk.internal.reflect.NativeMethodAccessorImpl.invoke(NativeMethodAccessorImpl.java:77)
	at java.base/jdk.internal.reflect.DelegatingMethodAccessorImpl.invoke(DelegatingMethodAccessorImpl.java:43)
	at java.base/java.lang.reflect.Method.invoke(Method.java:569)
	at org.junit.runners.model.FrameworkMethod$1.runReflectiveCall(FrameworkMethod.java:50)
	at org.junit.internal.runners.model.ReflectiveCallable.run(ReflectiveCallable.java:12)
	at org.junit.runners.model.FrameworkMethod.invokeExplosively(FrameworkMethod.java:47)
	at org.junit.internal.runners.statements.InvokeMethod.evaluate(InvokeMethod.java:17)
	at org.junit.internal.runners.statements.FailOnTimeout$CallableStatement.call(FailOnTimeout.java:298)
	at org.junit.internal.runners.statements.FailOnTimeout$CallableStatement.call(FailOnTimeout.java:292)
	at java.base/java.util.concurrent.FutureTask.run(FutureTask.java:264)
	at java.base/java.lang.Thread.run(Thread.java:840)

CSV_COUNTS:{"executed":30,"skipped":0,"failed":5}
