Compiled from "CommandLine.java"
public class org.apache.commons.cli.CommandLine {
  private java.util.List args;
  private java.util.Map options;
  private java.util.Map names;
  private java.util.Map hashcodeMap;
  org.apache.commons.cli.CommandLine();
  public boolean hasOption(java.lang.String);
  public boolean hasOption(char);
  public java.lang.Object getOptionObject(java.lang.String);
  public java.lang.Object getOptionObject(char);
  public java.lang.String getOptionValue(java.lang.String);
  public java.lang.String getOptionValue(char);
  public java.lang.String[] getOptionValues(java.lang.String);
  public java.lang.String[] getOptionValues(char);
  public java.lang.String getOptionValue(java.lang.String, java.lang.String);
  public java.lang.String getOptionValue(char, java.lang.String);
  public java.lang.String[] getArgs();
  public java.util.List getArgList();
  void addArg(java.lang.String);
  void addOption(org.apache.commons.cli.Option);
  public java.util.Iterator iterator();
  public org.apache.commons.cli.Option[] getOptions();
}
