Cobertura 2.0.3 - GNU GPL License (NO WARRANTY) - See COPYRIGHT file
WARN   instrumentClass, Unable to instrument file D:\Projects\SQA_p\Project_SQA\output\.champ-csv-development-iksfdmmr\fixed\classes\org\jsoup\parser\Parser.class
java.lang.RuntimeException: java.lang.ClassNotFoundException: org/jsoup/nodes/DataNode
	at net.sourceforge.cobertura.instrument.CoberturaClassWriter.getCommonSuperClass(CoberturaClassWriter.java:35)
	at org.objectweb.asm.ClassWriter.a(Unknown Source)
	at org.objectweb.asm.Frame.a(Unknown Source)
	at org.objectweb.asm.Frame.a(Unknown Source)
	at org.objectweb.asm.MethodWriter.visitMaxs(Unknown Source)
	at org.objectweb.asm.MethodVisitor.visitMaxs(Unknown Source)
	at org.objectweb.asm.util.CheckMethodAdapter.visitMaxs(Unknown Source)
	at org.objectweb.asm.MethodVisitor.visitMaxs(Unknown Source)
	at org.objectweb.asm.commons.LocalVariablesSorter.visitMaxs(Unknown Source)
	at org.objectweb.asm.tree.MethodNode.accept(Unknown Source)
	at org.objectweb.asm.util.CheckMethodAdapter$1.visitEnd(Unknown Source)
	at org.objectweb.asm.MethodVisitor.visitEnd(Unknown Source)
	at org.objectweb.asm.util.CheckMethodAdapter.visitEnd(Unknown Source)
	at org.objectweb.asm.ClassReader.b(Unknown Source)
	at org.objectweb.asm.ClassReader.accept(Unknown Source)
	at org.objectweb.asm.ClassReader.accept(Unknown Source)
	at net.sourceforge.cobertura.instrument.CoberturaInstrumenter.instrumentClass(CoberturaInstrumenter.java:205)
	at net.sourceforge.cobertura.instrument.CoberturaInstrumenter.instrumentClass(CoberturaInstrumenter.java:121)
	at net.sourceforge.cobertura.instrument.CoberturaInstrumenter.addInstrumentationToSingleClass(CoberturaInstrumenter.java:234)
	at net.sourceforge.cobertura.instrument.Main.addInstrumentationToSingleClass(Main.java:298)
	at net.sourceforge.cobertura.instrument.Main.addInstrumentation(Main.java:307)
	at net.sourceforge.cobertura.instrument.Main.parseArguments(Main.java:399)
	at net.sourceforge.cobertura.instrument.Main.main(Main.java:421)
Caused by: java.lang.ClassNotFoundException: org/jsoup/nodes/DataNode
	at java.base/java.lang.Class.forName0(Native Method)
	at java.base/java.lang.Class.forName(Class.java:469)
	at net.sourceforge.cobertura.instrument.CoberturaClassWriter.getCommonSuperClass(CoberturaClassWriter.java:32)
	... 22 more
