Compiled from "Week.java"
public class org.jfree.data.time.Week extends org.jfree.data.time.RegularTimePeriod implements java.io.Serializable {
  private static final long serialVersionUID;
  public static final int FIRST_WEEK_IN_YEAR;
  public static final int LAST_WEEK_IN_YEAR;
  private short year;
  private byte week;
  private long firstMillisecond;
  private long lastMillisecond;
  public org.jfree.data.time.Week();
  public org.jfree.data.time.Week(int, int);
  public org.jfree.data.time.Week(int, org.jfree.data.time.Year);
  public org.jfree.data.time.Week(java.util.Date);
  public org.jfree.data.time.Week(java.util.Date, java.util.TimeZone);
  public org.jfree.data.time.Week(java.util.Date, java.util.TimeZone, java.util.Locale);
  public org.jfree.data.time.Year getYear();
  public int getYearValue();
  public int getWeek();
  public long getFirstMillisecond();
  public long getLastMillisecond();
  public void peg(java.util.Calendar);
  public org.jfree.data.time.RegularTimePeriod previous();
  public org.jfree.data.time.RegularTimePeriod next();
  public long getSerialIndex();
  public long getFirstMillisecond(java.util.Calendar);
  public long getLastMillisecond(java.util.Calendar);
  public java.lang.String toString();
  public boolean equals(java.lang.Object);
  public int hashCode();
  public int compareTo(java.lang.Object);
  public static org.jfree.data.time.Week parseWeek(java.lang.String);
  private static int findSeparator(java.lang.String);
  private static org.jfree.data.time.Year evaluateAsYear(java.lang.String);
  private static int stringToWeek(java.lang.String);
}
