Compiled from "AbstractCategoryItemRenderer.java"
public abstract class org.jfree.chart.renderer.category.AbstractCategoryItemRenderer extends org.jfree.chart.renderer.AbstractRenderer implements org.jfree.chart.renderer.category.CategoryItemRenderer,java.lang.Cloneable,org.jfree.chart.util.PublicCloneable,java.io.Serializable {
  private static final long serialVersionUID;
  private org.jfree.chart.plot.CategoryPlot plot;
  private org.jfree.chart.util.ObjectList itemLabelGeneratorList;
  private org.jfree.chart.labels.CategoryItemLabelGenerator baseItemLabelGenerator;
  private org.jfree.chart.util.ObjectList toolTipGeneratorList;
  private org.jfree.chart.labels.CategoryToolTipGenerator baseToolTipGenerator;
  private org.jfree.chart.util.ObjectList urlGeneratorList;
  private org.jfree.chart.urls.CategoryURLGenerator baseURLGenerator;
  private org.jfree.chart.labels.CategorySeriesLabelGenerator legendItemLabelGenerator;
  private org.jfree.chart.labels.CategorySeriesLabelGenerator legendItemToolTipGenerator;
  private org.jfree.chart.labels.CategorySeriesLabelGenerator legendItemURLGenerator;
  private java.util.List backgroundAnnotations;
  private java.util.List foregroundAnnotations;
  private transient int rowCount;
  private transient int columnCount;
  protected org.jfree.chart.renderer.category.AbstractCategoryItemRenderer();
  public int getPassCount();
  public org.jfree.chart.plot.CategoryPlot getPlot();
  public void setPlot(org.jfree.chart.plot.CategoryPlot);
  public org.jfree.chart.labels.CategoryItemLabelGenerator getItemLabelGenerator(int, int, boolean);
  public org.jfree.chart.labels.CategoryItemLabelGenerator getSeriesItemLabelGenerator(int);
  public void setSeriesItemLabelGenerator(int, org.jfree.chart.labels.CategoryItemLabelGenerator);
  public void setSeriesItemLabelGenerator(int, org.jfree.chart.labels.CategoryItemLabelGenerator, boolean);
  public org.jfree.chart.labels.CategoryItemLabelGenerator getBaseItemLabelGenerator();
  public void setBaseItemLabelGenerator(org.jfree.chart.labels.CategoryItemLabelGenerator);
  public void setBaseItemLabelGenerator(org.jfree.chart.labels.CategoryItemLabelGenerator, boolean);
  public org.jfree.chart.labels.CategoryToolTipGenerator getToolTipGenerator(int, int, boolean);
  public org.jfree.chart.labels.CategoryToolTipGenerator getSeriesToolTipGenerator(int);
  public void setSeriesToolTipGenerator(int, org.jfree.chart.labels.CategoryToolTipGenerator);
  public void setSeriesToolTipGenerator(int, org.jfree.chart.labels.CategoryToolTipGenerator, boolean);
  public org.jfree.chart.labels.CategoryToolTipGenerator getBaseToolTipGenerator();
  public void setBaseToolTipGenerator(org.jfree.chart.labels.CategoryToolTipGenerator);
  public void setBaseToolTipGenerator(org.jfree.chart.labels.CategoryToolTipGenerator, boolean);
  public org.jfree.chart.urls.CategoryURLGenerator getURLGenerator(int, int, boolean);
  public org.jfree.chart.urls.CategoryURLGenerator getSeriesURLGenerator(int);
  public void setSeriesURLGenerator(int, org.jfree.chart.urls.CategoryURLGenerator);
  public void setSeriesURLGenerator(int, org.jfree.chart.urls.CategoryURLGenerator, boolean);
  public org.jfree.chart.urls.CategoryURLGenerator getBaseURLGenerator();
  public void setBaseURLGenerator(org.jfree.chart.urls.CategoryURLGenerator);
  public void setBaseURLGenerator(org.jfree.chart.urls.CategoryURLGenerator, boolean);
  public void addAnnotation(org.jfree.chart.annotations.CategoryAnnotation);
  public void addAnnotation(org.jfree.chart.annotations.CategoryAnnotation, org.jfree.chart.util.Layer);
  public boolean removeAnnotation(org.jfree.chart.annotations.CategoryAnnotation);
  public void removeAnnotations();
  public org.jfree.chart.labels.CategorySeriesLabelGenerator getLegendItemLabelGenerator();
  public void setLegendItemLabelGenerator(org.jfree.chart.labels.CategorySeriesLabelGenerator);
  public org.jfree.chart.labels.CategorySeriesLabelGenerator getLegendItemToolTipGenerator();
  public void setLegendItemToolTipGenerator(org.jfree.chart.labels.CategorySeriesLabelGenerator);
  public org.jfree.chart.labels.CategorySeriesLabelGenerator getLegendItemURLGenerator();
  public void setLegendItemURLGenerator(org.jfree.chart.labels.CategorySeriesLabelGenerator);
  public int getRowCount();
  public int getColumnCount();
  protected org.jfree.chart.renderer.category.CategoryItemRendererState createState(org.jfree.chart.plot.PlotRenderingInfo);
  public org.jfree.chart.renderer.category.CategoryItemRendererState initialise(java.awt.Graphics2D, java.awt.geom.Rectangle2D, org.jfree.chart.plot.CategoryPlot, org.jfree.data.category.CategoryDataset, org.jfree.chart.plot.PlotRenderingInfo);
  public org.jfree.data.Range findRangeBounds(org.jfree.data.category.CategoryDataset);
  protected org.jfree.data.Range findRangeBounds(org.jfree.data.category.CategoryDataset, boolean);
  public double getItemMiddle(java.lang.Comparable, java.lang.Comparable, org.jfree.data.category.CategoryDataset, org.jfree.chart.axis.CategoryAxis, java.awt.geom.Rectangle2D, org.jfree.chart.util.RectangleEdge);
  public void drawBackground(java.awt.Graphics2D, org.jfree.chart.plot.CategoryPlot, java.awt.geom.Rectangle2D);
  public void drawOutline(java.awt.Graphics2D, org.jfree.chart.plot.CategoryPlot, java.awt.geom.Rectangle2D);
  public void drawDomainLine(java.awt.Graphics2D, org.jfree.chart.plot.CategoryPlot, java.awt.geom.Rectangle2D, double, java.awt.Paint, java.awt.Stroke);
  public void drawRangeLine(java.awt.Graphics2D, org.jfree.chart.plot.CategoryPlot, org.jfree.chart.axis.ValueAxis, java.awt.geom.Rectangle2D, double, java.awt.Paint, java.awt.Stroke);
  public void drawDomainMarker(java.awt.Graphics2D, org.jfree.chart.plot.CategoryPlot, org.jfree.chart.axis.CategoryAxis, org.jfree.chart.plot.CategoryMarker, java.awt.geom.Rectangle2D);
  public void drawRangeMarker(java.awt.Graphics2D, org.jfree.chart.plot.CategoryPlot, org.jfree.chart.axis.ValueAxis, org.jfree.chart.plot.Marker, java.awt.geom.Rectangle2D);
  protected java.awt.geom.Point2D calculateDomainMarkerTextAnchorPoint(java.awt.Graphics2D, org.jfree.chart.plot.PlotOrientation, java.awt.geom.Rectangle2D, java.awt.geom.Rectangle2D, org.jfree.chart.util.RectangleInsets, org.jfree.chart.util.LengthAdjustmentType, org.jfree.chart.util.RectangleAnchor);
  protected java.awt.geom.Point2D calculateRangeMarkerTextAnchorPoint(java.awt.Graphics2D, org.jfree.chart.plot.PlotOrientation, java.awt.geom.Rectangle2D, java.awt.geom.Rectangle2D, org.jfree.chart.util.RectangleInsets, org.jfree.chart.util.LengthAdjustmentType, org.jfree.chart.util.RectangleAnchor);
  public org.jfree.chart.LegendItem getLegendItem(int, int);
  public boolean equals(java.lang.Object);
  public int hashCode();
  public org.jfree.chart.plot.DrawingSupplier getDrawingSupplier();
  protected void updateCrosshairValues(org.jfree.chart.plot.CategoryCrosshairState, java.lang.Comparable, java.lang.Comparable, double, int, double, double, org.jfree.chart.plot.PlotOrientation);
  protected void drawItemLabel(java.awt.Graphics2D, org.jfree.chart.plot.PlotOrientation, org.jfree.data.category.CategoryDataset, int, int, boolean, double, double, boolean);
  public void drawAnnotations(java.awt.Graphics2D, java.awt.geom.Rectangle2D, org.jfree.chart.axis.CategoryAxis, org.jfree.chart.axis.ValueAxis, org.jfree.chart.util.Layer, org.jfree.chart.plot.PlotRenderingInfo);
  public java.lang.Object clone() throws java.lang.CloneNotSupportedException;
  protected org.jfree.chart.axis.CategoryAxis getDomainAxis(org.jfree.chart.plot.CategoryPlot, org.jfree.data.category.CategoryDataset);
  protected org.jfree.chart.axis.ValueAxis getRangeAxis(org.jfree.chart.plot.CategoryPlot, int);
  public org.jfree.chart.LegendItemCollection getLegendItems();
  protected void addEntity(org.jfree.chart.entity.EntityCollection, java.awt.Shape, org.jfree.data.category.CategoryDataset, int, int, boolean);
  protected void addEntity(org.jfree.chart.entity.EntityCollection, java.awt.Shape, org.jfree.data.category.CategoryDataset, int, int, boolean, double, double);
  public java.awt.Shape createHotSpotShape(java.awt.Graphics2D, java.awt.geom.Rectangle2D, org.jfree.chart.plot.CategoryPlot, org.jfree.chart.axis.CategoryAxis, org.jfree.chart.axis.ValueAxis, org.jfree.data.category.CategoryDataset, int, int, boolean, org.jfree.chart.renderer.category.CategoryItemRendererState);
  public java.awt.geom.Rectangle2D createHotSpotBounds(java.awt.Graphics2D, java.awt.geom.Rectangle2D, org.jfree.chart.plot.CategoryPlot, org.jfree.chart.axis.CategoryAxis, org.jfree.chart.axis.ValueAxis, org.jfree.data.category.CategoryDataset, int, int, boolean, org.jfree.chart.renderer.category.CategoryItemRendererState, java.awt.geom.Rectangle2D);
  public boolean hitTest(double, double, java.awt.Graphics2D, java.awt.geom.Rectangle2D, org.jfree.chart.plot.CategoryPlot, org.jfree.chart.axis.CategoryAxis, org.jfree.chart.axis.ValueAxis, org.jfree.data.category.CategoryDataset, int, int, boolean, org.jfree.chart.renderer.category.CategoryItemRendererState);
}
