Compiled from "SetUniqueList.java"
public class org.apache.commons.collections.list.SetUniqueList extends org.apache.commons.collections.list.AbstractSerializableListDecorator {
  private static final long serialVersionUID;
  protected final java.util.Set set;
  public static org.apache.commons.collections.list.SetUniqueList decorate(java.util.List);
  protected org.apache.commons.collections.list.SetUniqueList(java.util.List, java.util.Set);
  public java.util.Set asSet();
  public boolean add(java.lang.Object);
  public void add(int, java.lang.Object);
  public boolean addAll(java.util.Collection);
  public boolean addAll(int, java.util.Collection);
  public java.lang.Object set(int, java.lang.Object);
  public boolean remove(java.lang.Object);
  public java.lang.Object remove(int);
  public boolean removeAll(java.util.Collection);
  public boolean retainAll(java.util.Collection);
  public void clear();
  public boolean contains(java.lang.Object);
  public boolean containsAll(java.util.Collection);
  public java.util.Iterator iterator();
  public java.util.ListIterator listIterator();
  public java.util.ListIterator listIterator(int);
  public java.util.List subList(int, int);
}
