Compiled from "TokenBuffer.java"
public class com.fasterxml.jackson.databind.util.TokenBuffer extends com.fasterxml.jackson.core.JsonGenerator {
  protected static final int DEFAULT_GENERATOR_FEATURES;
  protected com.fasterxml.jackson.core.ObjectCodec _objectCodec;
  protected int _generatorFeatures;
  protected boolean _closed;
  protected boolean _hasNativeTypeIds;
  protected boolean _hasNativeObjectIds;
  protected boolean _mayHaveNativeIds;
  protected com.fasterxml.jackson.databind.util.TokenBuffer$Segment _first;
  protected com.fasterxml.jackson.databind.util.TokenBuffer$Segment _last;
  protected int _appendAt;
  protected java.lang.Object _typeId;
  protected java.lang.Object _objectId;
  protected boolean _hasNativeId;
  protected com.fasterxml.jackson.core.json.JsonWriteContext _writeContext;
  public com.fasterxml.jackson.databind.util.TokenBuffer(com.fasterxml.jackson.core.ObjectCodec);
  public com.fasterxml.jackson.databind.util.TokenBuffer(com.fasterxml.jackson.core.ObjectCodec, boolean);
  public com.fasterxml.jackson.databind.util.TokenBuffer(com.fasterxml.jackson.core.JsonParser);
  public com.fasterxml.jackson.core.Version version();
  public com.fasterxml.jackson.core.JsonParser asParser();
  public com.fasterxml.jackson.core.JsonParser asParser(com.fasterxml.jackson.core.ObjectCodec);
  public com.fasterxml.jackson.core.JsonParser asParser(com.fasterxml.jackson.core.JsonParser);
  public com.fasterxml.jackson.core.JsonToken firstToken();
  public com.fasterxml.jackson.databind.util.TokenBuffer append(com.fasterxml.jackson.databind.util.TokenBuffer) throws java.io.IOException, com.fasterxml.jackson.core.JsonGenerationException;
  public void serialize(com.fasterxml.jackson.core.JsonGenerator) throws java.io.IOException, com.fasterxml.jackson.core.JsonGenerationException;
  public com.fasterxml.jackson.databind.util.TokenBuffer deserialize(com.fasterxml.jackson.core.JsonParser, com.fasterxml.jackson.databind.DeserializationContext) throws java.io.IOException;
  public java.lang.String toString();
  private final void _appendNativeIds(java.lang.StringBuilder);
  public com.fasterxml.jackson.core.JsonGenerator enable(com.fasterxml.jackson.core.JsonGenerator$Feature);
  public com.fasterxml.jackson.core.JsonGenerator disable(com.fasterxml.jackson.core.JsonGenerator$Feature);
  public boolean isEnabled(com.fasterxml.jackson.core.JsonGenerator$Feature);
  public int getFeatureMask();
  public com.fasterxml.jackson.core.JsonGenerator setFeatureMask(int);
  public com.fasterxml.jackson.core.JsonGenerator useDefaultPrettyPrinter();
  public com.fasterxml.jackson.core.JsonGenerator setCodec(com.fasterxml.jackson.core.ObjectCodec);
  public com.fasterxml.jackson.core.ObjectCodec getCodec();
  public final com.fasterxml.jackson.core.json.JsonWriteContext getOutputContext();
  public boolean canWriteBinaryNatively();
  public void flush() throws java.io.IOException;
  public void close() throws java.io.IOException;
  public boolean isClosed();
  public final void writeStartArray() throws java.io.IOException, com.fasterxml.jackson.core.JsonGenerationException;
  public final void writeEndArray() throws java.io.IOException, com.fasterxml.jackson.core.JsonGenerationException;
  public final void writeStartObject() throws java.io.IOException, com.fasterxml.jackson.core.JsonGenerationException;
  public final void writeEndObject() throws java.io.IOException, com.fasterxml.jackson.core.JsonGenerationException;
  public final void writeFieldName(java.lang.String) throws java.io.IOException, com.fasterxml.jackson.core.JsonGenerationException;
  public void writeFieldName(com.fasterxml.jackson.core.SerializableString) throws java.io.IOException, com.fasterxml.jackson.core.JsonGenerationException;
  public void writeString(java.lang.String) throws java.io.IOException, com.fasterxml.jackson.core.JsonGenerationException;
  public void writeString(char[], int, int) throws java.io.IOException, com.fasterxml.jackson.core.JsonGenerationException;
  public void writeString(com.fasterxml.jackson.core.SerializableString) throws java.io.IOException, com.fasterxml.jackson.core.JsonGenerationException;
  public void writeRawUTF8String(byte[], int, int) throws java.io.IOException, com.fasterxml.jackson.core.JsonGenerationException;
  public void writeUTF8String(byte[], int, int) throws java.io.IOException, com.fasterxml.jackson.core.JsonGenerationException;
  public void writeRaw(java.lang.String) throws java.io.IOException, com.fasterxml.jackson.core.JsonGenerationException;
  public void writeRaw(java.lang.String, int, int) throws java.io.IOException, com.fasterxml.jackson.core.JsonGenerationException;
  public void writeRaw(com.fasterxml.jackson.core.SerializableString) throws java.io.IOException, com.fasterxml.jackson.core.JsonGenerationException;
  public void writeRaw(char[], int, int) throws java.io.IOException, com.fasterxml.jackson.core.JsonGenerationException;
  public void writeRaw(char) throws java.io.IOException, com.fasterxml.jackson.core.JsonGenerationException;
  public void writeRawValue(java.lang.String) throws java.io.IOException, com.fasterxml.jackson.core.JsonGenerationException;
  public void writeRawValue(java.lang.String, int, int) throws java.io.IOException, com.fasterxml.jackson.core.JsonGenerationException;
  public void writeRawValue(char[], int, int) throws java.io.IOException, com.fasterxml.jackson.core.JsonGenerationException;
  public void writeNumber(short) throws java.io.IOException, com.fasterxml.jackson.core.JsonGenerationException;
  public void writeNumber(int) throws java.io.IOException, com.fasterxml.jackson.core.JsonGenerationException;
  public void writeNumber(long) throws java.io.IOException, com.fasterxml.jackson.core.JsonGenerationException;
  public void writeNumber(double) throws java.io.IOException, com.fasterxml.jackson.core.JsonGenerationException;
  public void writeNumber(float) throws java.io.IOException, com.fasterxml.jackson.core.JsonGenerationException;
  public void writeNumber(java.math.BigDecimal) throws java.io.IOException, com.fasterxml.jackson.core.JsonGenerationException;
  public void writeNumber(java.math.BigInteger) throws java.io.IOException, com.fasterxml.jackson.core.JsonGenerationException;
  public void writeNumber(java.lang.String) throws java.io.IOException, com.fasterxml.jackson.core.JsonGenerationException;
  public void writeBoolean(boolean) throws java.io.IOException, com.fasterxml.jackson.core.JsonGenerationException;
  public void writeNull() throws java.io.IOException, com.fasterxml.jackson.core.JsonGenerationException;
  public void writeObject(java.lang.Object) throws java.io.IOException;
  public void writeTree(com.fasterxml.jackson.core.TreeNode) throws java.io.IOException;
  public void writeBinary(com.fasterxml.jackson.core.Base64Variant, byte[], int, int) throws java.io.IOException, com.fasterxml.jackson.core.JsonGenerationException;
  public int writeBinary(com.fasterxml.jackson.core.Base64Variant, java.io.InputStream, int);
  public boolean canWriteTypeId();
  public boolean canWriteObjectId();
  public void writeTypeId(java.lang.Object);
  public void writeObjectId(java.lang.Object);
  public void copyCurrentEvent(com.fasterxml.jackson.core.JsonParser) throws java.io.IOException, com.fasterxml.jackson.core.JsonProcessingException;
  public void copyCurrentStructure(com.fasterxml.jackson.core.JsonParser) throws java.io.IOException, com.fasterxml.jackson.core.JsonProcessingException;
  private final void _checkNativeIds(com.fasterxml.jackson.core.JsonParser) throws java.io.IOException, com.fasterxml.jackson.core.JsonProcessingException;
  protected final void _append(com.fasterxml.jackson.core.JsonToken);
  protected final void _append(com.fasterxml.jackson.core.JsonToken, java.lang.Object);
  protected final void _appendRaw(int, java.lang.Object);
  protected void _reportUnsupportedOperation();
  public com.fasterxml.jackson.core.JsonStreamContext getOutputContext();
  static {};
}
