Compiled from "BigFraction.java"
public class org.apache.commons.math3.fraction.BigFraction extends java.lang.Number implements org.apache.commons.math3.FieldElement<org.apache.commons.math3.fraction.BigFraction>, java.lang.Comparable<org.apache.commons.math3.fraction.BigFraction>, java.io.Serializable {
  public static final org.apache.commons.math3.fraction.BigFraction TWO;
  public static final org.apache.commons.math3.fraction.BigFraction ONE;
  public static final org.apache.commons.math3.fraction.BigFraction ZERO;
  public static final org.apache.commons.math3.fraction.BigFraction MINUS_ONE;
  public static final org.apache.commons.math3.fraction.BigFraction FOUR_FIFTHS;
  public static final org.apache.commons.math3.fraction.BigFraction ONE_FIFTH;
  public static final org.apache.commons.math3.fraction.BigFraction ONE_HALF;
  public static final org.apache.commons.math3.fraction.BigFraction ONE_QUARTER;
  public static final org.apache.commons.math3.fraction.BigFraction ONE_THIRD;
  public static final org.apache.commons.math3.fraction.BigFraction THREE_FIFTHS;
  public static final org.apache.commons.math3.fraction.BigFraction THREE_QUARTERS;
  public static final org.apache.commons.math3.fraction.BigFraction TWO_FIFTHS;
  public static final org.apache.commons.math3.fraction.BigFraction TWO_QUARTERS;
  public static final org.apache.commons.math3.fraction.BigFraction TWO_THIRDS;
  private static final long serialVersionUID;
  private static final java.math.BigInteger ONE_HUNDRED;
  private final java.math.BigInteger numerator;
  private final java.math.BigInteger denominator;
  public org.apache.commons.math3.fraction.BigFraction(java.math.BigInteger);
  public org.apache.commons.math3.fraction.BigFraction(java.math.BigInteger, java.math.BigInteger);
  public org.apache.commons.math3.fraction.BigFraction(double) throws org.apache.commons.math3.exception.MathIllegalArgumentException;
  public org.apache.commons.math3.fraction.BigFraction(double, double, int) throws org.apache.commons.math3.fraction.FractionConversionException;
  private org.apache.commons.math3.fraction.BigFraction(double, double, int, int) throws org.apache.commons.math3.fraction.FractionConversionException;
  public org.apache.commons.math3.fraction.BigFraction(double, int) throws org.apache.commons.math3.fraction.FractionConversionException;
  public org.apache.commons.math3.fraction.BigFraction(int);
  public org.apache.commons.math3.fraction.BigFraction(int, int);
  public org.apache.commons.math3.fraction.BigFraction(long);
  public org.apache.commons.math3.fraction.BigFraction(long, long);
  public static org.apache.commons.math3.fraction.BigFraction getReducedFraction(int, int);
  public org.apache.commons.math3.fraction.BigFraction abs();
  public org.apache.commons.math3.fraction.BigFraction add(java.math.BigInteger) throws org.apache.commons.math3.exception.NullArgumentException;
  public org.apache.commons.math3.fraction.BigFraction add(int);
  public org.apache.commons.math3.fraction.BigFraction add(long);
  public org.apache.commons.math3.fraction.BigFraction add(org.apache.commons.math3.fraction.BigFraction);
  public java.math.BigDecimal bigDecimalValue();
  public java.math.BigDecimal bigDecimalValue(int);
  public java.math.BigDecimal bigDecimalValue(int, int);
  public int compareTo(org.apache.commons.math3.fraction.BigFraction);
  public org.apache.commons.math3.fraction.BigFraction divide(java.math.BigInteger);
  public org.apache.commons.math3.fraction.BigFraction divide(int);
  public org.apache.commons.math3.fraction.BigFraction divide(long);
  public org.apache.commons.math3.fraction.BigFraction divide(org.apache.commons.math3.fraction.BigFraction);
  public double doubleValue();
  public boolean equals(java.lang.Object);
  public float floatValue();
  public java.math.BigInteger getDenominator();
  public int getDenominatorAsInt();
  public long getDenominatorAsLong();
  public java.math.BigInteger getNumerator();
  public int getNumeratorAsInt();
  public long getNumeratorAsLong();
  public int hashCode();
  public int intValue();
  public long longValue();
  public org.apache.commons.math3.fraction.BigFraction multiply(java.math.BigInteger);
  public org.apache.commons.math3.fraction.BigFraction multiply(int);
  public org.apache.commons.math3.fraction.BigFraction multiply(long);
  public org.apache.commons.math3.fraction.BigFraction multiply(org.apache.commons.math3.fraction.BigFraction);
  public org.apache.commons.math3.fraction.BigFraction negate();
  public double percentageValue();
  public org.apache.commons.math3.fraction.BigFraction pow(int);
  public org.apache.commons.math3.fraction.BigFraction pow(long);
  public org.apache.commons.math3.fraction.BigFraction pow(java.math.BigInteger);
  public double pow(double);
  public org.apache.commons.math3.fraction.BigFraction reciprocal();
  public org.apache.commons.math3.fraction.BigFraction reduce();
  public org.apache.commons.math3.fraction.BigFraction subtract(java.math.BigInteger);
  public org.apache.commons.math3.fraction.BigFraction subtract(int);
  public org.apache.commons.math3.fraction.BigFraction subtract(long);
  public org.apache.commons.math3.fraction.BigFraction subtract(org.apache.commons.math3.fraction.BigFraction);
  public java.lang.String toString();
  public org.apache.commons.math3.fraction.BigFractionField getField();
  public org.apache.commons.math3.Field getField();
  public java.lang.Object reciprocal() throws org.apache.commons.math3.exception.MathArithmeticException;
  public java.lang.Object divide(java.lang.Object) throws org.apache.commons.math3.exception.NullArgumentException, org.apache.commons.math3.exception.MathArithmeticException;
  public java.lang.Object multiply(java.lang.Object) throws org.apache.commons.math3.exception.NullArgumentException;
  public java.lang.Object multiply(int);
  public java.lang.Object negate();
  public java.lang.Object subtract(java.lang.Object) throws org.apache.commons.math3.exception.NullArgumentException;
  public java.lang.Object add(java.lang.Object) throws org.apache.commons.math3.exception.NullArgumentException;
  public int compareTo(java.lang.Object);
  static {};
}
Compiled from "Fraction.java"
public class org.apache.commons.math3.fraction.Fraction extends java.lang.Number implements org.apache.commons.math3.FieldElement<org.apache.commons.math3.fraction.Fraction>, java.lang.Comparable<org.apache.commons.math3.fraction.Fraction>, java.io.Serializable {
  public static final org.apache.commons.math3.fraction.Fraction TWO;
  public static final org.apache.commons.math3.fraction.Fraction ONE;
  public static final org.apache.commons.math3.fraction.Fraction ZERO;
  public static final org.apache.commons.math3.fraction.Fraction FOUR_FIFTHS;
  public static final org.apache.commons.math3.fraction.Fraction ONE_FIFTH;
  public static final org.apache.commons.math3.fraction.Fraction ONE_HALF;
  public static final org.apache.commons.math3.fraction.Fraction ONE_QUARTER;
  public static final org.apache.commons.math3.fraction.Fraction ONE_THIRD;
  public static final org.apache.commons.math3.fraction.Fraction THREE_FIFTHS;
  public static final org.apache.commons.math3.fraction.Fraction THREE_QUARTERS;
  public static final org.apache.commons.math3.fraction.Fraction TWO_FIFTHS;
  public static final org.apache.commons.math3.fraction.Fraction TWO_QUARTERS;
  public static final org.apache.commons.math3.fraction.Fraction TWO_THIRDS;
  public static final org.apache.commons.math3.fraction.Fraction MINUS_ONE;
  private static final long serialVersionUID;
  private static final double DEFAULT_EPSILON;
  private final int denominator;
  private final int numerator;
  public org.apache.commons.math3.fraction.Fraction(double) throws org.apache.commons.math3.fraction.FractionConversionException;
  public org.apache.commons.math3.fraction.Fraction(double, double, int) throws org.apache.commons.math3.fraction.FractionConversionException;
  public org.apache.commons.math3.fraction.Fraction(double, int) throws org.apache.commons.math3.fraction.FractionConversionException;
  private org.apache.commons.math3.fraction.Fraction(double, double, int, int) throws org.apache.commons.math3.fraction.FractionConversionException;
  public org.apache.commons.math3.fraction.Fraction(int);
  public org.apache.commons.math3.fraction.Fraction(int, int);
  public org.apache.commons.math3.fraction.Fraction abs();
  public int compareTo(org.apache.commons.math3.fraction.Fraction);
  public double doubleValue();
  public boolean equals(java.lang.Object);
  public float floatValue();
  public int getDenominator();
  public int getNumerator();
  public int hashCode();
  public int intValue();
  public long longValue();
  public org.apache.commons.math3.fraction.Fraction negate();
  public org.apache.commons.math3.fraction.Fraction reciprocal();
  public org.apache.commons.math3.fraction.Fraction add(org.apache.commons.math3.fraction.Fraction);
  public org.apache.commons.math3.fraction.Fraction add(int);
  public org.apache.commons.math3.fraction.Fraction subtract(org.apache.commons.math3.fraction.Fraction);
  public org.apache.commons.math3.fraction.Fraction subtract(int);
  private org.apache.commons.math3.fraction.Fraction addSub(org.apache.commons.math3.fraction.Fraction, boolean);
  public org.apache.commons.math3.fraction.Fraction multiply(org.apache.commons.math3.fraction.Fraction);
  public org.apache.commons.math3.fraction.Fraction multiply(int);
  public org.apache.commons.math3.fraction.Fraction divide(org.apache.commons.math3.fraction.Fraction);
  public org.apache.commons.math3.fraction.Fraction divide(int);
  public double percentageValue();
  public static org.apache.commons.math3.fraction.Fraction getReducedFraction(int, int);
  public java.lang.String toString();
  public org.apache.commons.math3.fraction.FractionField getField();
  public org.apache.commons.math3.Field getField();
  public java.lang.Object reciprocal() throws org.apache.commons.math3.exception.MathArithmeticException;
  public java.lang.Object divide(java.lang.Object) throws org.apache.commons.math3.exception.NullArgumentException, org.apache.commons.math3.exception.MathArithmeticException;
  public java.lang.Object multiply(java.lang.Object) throws org.apache.commons.math3.exception.NullArgumentException;
  public java.lang.Object multiply(int);
  public java.lang.Object negate();
  public java.lang.Object subtract(java.lang.Object) throws org.apache.commons.math3.exception.NullArgumentException;
  public java.lang.Object add(java.lang.Object) throws org.apache.commons.math3.exception.NullArgumentException;
  public int compareTo(java.lang.Object);
  static {};
}
