Compiled from "XYPlot.java"
public class org.jfree.chart.plot.XYPlot extends org.jfree.chart.plot.Plot implements org.jfree.chart.plot.ValueAxisPlot,org.jfree.chart.plot.Pannable,org.jfree.chart.plot.Selectable,org.jfree.chart.plot.Zoomable,org.jfree.chart.event.RendererChangeListener,java.lang.Cloneable,org.jfree.chart.util.PublicCloneable,java.io.Serializable {
  private static final long serialVersionUID;
  public static final java.awt.Stroke DEFAULT_GRIDLINE_STROKE;
  public static final java.awt.Paint DEFAULT_GRIDLINE_PAINT;
  public static final boolean DEFAULT_CROSSHAIR_VISIBLE;
  public static final java.awt.Stroke DEFAULT_CROSSHAIR_STROKE;
  public static final java.awt.Paint DEFAULT_CROSSHAIR_PAINT;
  protected static java.util.ResourceBundle localizationResources;
  private org.jfree.chart.plot.PlotOrientation orientation;
  private org.jfree.chart.util.RectangleInsets axisOffset;
  private org.jfree.chart.util.ObjectList domainAxes;
  private org.jfree.chart.util.ObjectList domainAxisLocations;
  private org.jfree.chart.util.ObjectList rangeAxes;
  private org.jfree.chart.util.ObjectList rangeAxisLocations;
  private org.jfree.chart.util.ObjectList datasets;
  private org.jfree.chart.util.ObjectList renderers;
  private java.util.Map datasetToDomainAxesMap;
  private java.util.Map datasetToRangeAxesMap;
  private transient java.awt.geom.Point2D quadrantOrigin;
  private transient java.awt.Paint[] quadrantPaint;
  private boolean domainGridlinesVisible;
  private transient java.awt.Stroke domainGridlineStroke;
  private transient java.awt.Paint domainGridlinePaint;
  private boolean rangeGridlinesVisible;
  private transient java.awt.Stroke rangeGridlineStroke;
  private transient java.awt.Paint rangeGridlinePaint;
  private boolean domainMinorGridlinesVisible;
  private transient java.awt.Stroke domainMinorGridlineStroke;
  private transient java.awt.Paint domainMinorGridlinePaint;
  private boolean rangeMinorGridlinesVisible;
  private transient java.awt.Stroke rangeMinorGridlineStroke;
  private transient java.awt.Paint rangeMinorGridlinePaint;
  private boolean domainZeroBaselineVisible;
  private transient java.awt.Stroke domainZeroBaselineStroke;
  private transient java.awt.Paint domainZeroBaselinePaint;
  private boolean rangeZeroBaselineVisible;
  private transient java.awt.Stroke rangeZeroBaselineStroke;
  private transient java.awt.Paint rangeZeroBaselinePaint;
  private boolean domainCrosshairVisible;
  private double domainCrosshairValue;
  private transient java.awt.Stroke domainCrosshairStroke;
  private transient java.awt.Paint domainCrosshairPaint;
  private boolean domainCrosshairLockedOnData;
  private boolean rangeCrosshairVisible;
  private double rangeCrosshairValue;
  private transient java.awt.Stroke rangeCrosshairStroke;
  private transient java.awt.Paint rangeCrosshairPaint;
  private boolean rangeCrosshairLockedOnData;
  private java.util.Map foregroundDomainMarkers;
  private java.util.Map backgroundDomainMarkers;
  private java.util.Map foregroundRangeMarkers;
  private java.util.Map backgroundRangeMarkers;
  private java.util.List annotations;
  private transient java.awt.Paint domainTickBandPaint;
  private transient java.awt.Paint rangeTickBandPaint;
  private org.jfree.chart.axis.AxisSpace fixedDomainAxisSpace;
  private org.jfree.chart.axis.AxisSpace fixedRangeAxisSpace;
  private org.jfree.chart.plot.DatasetRenderingOrder datasetRenderingOrder;
  private org.jfree.chart.plot.SeriesRenderingOrder seriesRenderingOrder;
  private int weight;
  private org.jfree.chart.LegendItemCollection fixedLegendItems;
  private boolean domainPannable;
  private boolean rangePannable;
  public org.jfree.chart.plot.XYPlot();
  public org.jfree.chart.plot.XYPlot(org.jfree.data.xy.XYDataset, org.jfree.chart.axis.ValueAxis, org.jfree.chart.axis.ValueAxis, org.jfree.chart.renderer.xy.XYItemRenderer);
  public java.lang.String getPlotType();
  public org.jfree.chart.plot.PlotOrientation getOrientation();
  public void setOrientation(org.jfree.chart.plot.PlotOrientation);
  public org.jfree.chart.util.RectangleInsets getAxisOffset();
  public void setAxisOffset(org.jfree.chart.util.RectangleInsets);
  public org.jfree.chart.axis.ValueAxis getDomainAxis();
  public org.jfree.chart.axis.ValueAxis getDomainAxis(int);
  public void setDomainAxis(org.jfree.chart.axis.ValueAxis);
  public void setDomainAxis(int, org.jfree.chart.axis.ValueAxis);
  public void setDomainAxis(int, org.jfree.chart.axis.ValueAxis, boolean);
  public void setDomainAxes(org.jfree.chart.axis.ValueAxis[]);
  public org.jfree.chart.axis.AxisLocation getDomainAxisLocation();
  public void setDomainAxisLocation(org.jfree.chart.axis.AxisLocation);
  public void setDomainAxisLocation(org.jfree.chart.axis.AxisLocation, boolean);
  public org.jfree.chart.util.RectangleEdge getDomainAxisEdge();
  public int getDomainAxisCount();
  public void clearDomainAxes();
  public void configureDomainAxes();
  public org.jfree.chart.axis.AxisLocation getDomainAxisLocation(int);
  public void setDomainAxisLocation(int, org.jfree.chart.axis.AxisLocation);
  public void setDomainAxisLocation(int, org.jfree.chart.axis.AxisLocation, boolean);
  public org.jfree.chart.util.RectangleEdge getDomainAxisEdge(int);
  public org.jfree.chart.axis.ValueAxis getRangeAxis();
  public void setRangeAxis(org.jfree.chart.axis.ValueAxis);
  public org.jfree.chart.axis.AxisLocation getRangeAxisLocation();
  public void setRangeAxisLocation(org.jfree.chart.axis.AxisLocation);
  public void setRangeAxisLocation(org.jfree.chart.axis.AxisLocation, boolean);
  public org.jfree.chart.util.RectangleEdge getRangeAxisEdge();
  public org.jfree.chart.axis.ValueAxis getRangeAxis(int);
  public void setRangeAxis(int, org.jfree.chart.axis.ValueAxis);
  public void setRangeAxis(int, org.jfree.chart.axis.ValueAxis, boolean);
  public void setRangeAxes(org.jfree.chart.axis.ValueAxis[]);
  public int getRangeAxisCount();
  public void clearRangeAxes();
  public void configureRangeAxes();
  public org.jfree.chart.axis.AxisLocation getRangeAxisLocation(int);
  public void setRangeAxisLocation(int, org.jfree.chart.axis.AxisLocation);
  public void setRangeAxisLocation(int, org.jfree.chart.axis.AxisLocation, boolean);
  public org.jfree.chart.util.RectangleEdge getRangeAxisEdge(int);
  public org.jfree.data.xy.XYDataset getDataset();
  public org.jfree.data.xy.XYDataset getDataset(int);
  public void setDataset(org.jfree.data.xy.XYDataset);
  public void setDataset(int, org.jfree.data.xy.XYDataset);
  public int getDatasetCount();
  public int indexOf(org.jfree.data.xy.XYDataset);
  public void mapDatasetToDomainAxis(int, int);
  public void mapDatasetToDomainAxes(int, java.util.List);
  public void mapDatasetToRangeAxis(int, int);
  public void mapDatasetToRangeAxes(int, java.util.List);
  private void checkAxisIndices(java.util.List);
  public int getRendererCount();
  public org.jfree.chart.renderer.xy.XYItemRenderer getRenderer();
  public org.jfree.chart.renderer.xy.XYItemRenderer getRenderer(int);
  public void setRenderer(org.jfree.chart.renderer.xy.XYItemRenderer);
  public void setRenderer(int, org.jfree.chart.renderer.xy.XYItemRenderer);
  public void setRenderer(int, org.jfree.chart.renderer.xy.XYItemRenderer, boolean);
  public void setRenderers(org.jfree.chart.renderer.xy.XYItemRenderer[]);
  public org.jfree.chart.plot.DatasetRenderingOrder getDatasetRenderingOrder();
  public void setDatasetRenderingOrder(org.jfree.chart.plot.DatasetRenderingOrder);
  public org.jfree.chart.plot.SeriesRenderingOrder getSeriesRenderingOrder();
  public void setSeriesRenderingOrder(org.jfree.chart.plot.SeriesRenderingOrder);
  public int getIndexOf(org.jfree.chart.renderer.xy.XYItemRenderer);
  public org.jfree.chart.renderer.xy.XYItemRenderer getRendererForDataset(org.jfree.data.xy.XYDataset);
  public int getWeight();
  public void setWeight(int);
  public boolean isDomainGridlinesVisible();
  public void setDomainGridlinesVisible(boolean);
  public boolean isDomainMinorGridlinesVisible();
  public void setDomainMinorGridlinesVisible(boolean);
  public java.awt.Stroke getDomainGridlineStroke();
  public void setDomainGridlineStroke(java.awt.Stroke);
  public java.awt.Stroke getDomainMinorGridlineStroke();
  public void setDomainMinorGridlineStroke(java.awt.Stroke);
  public java.awt.Paint getDomainGridlinePaint();
  public void setDomainGridlinePaint(java.awt.Paint);
  public java.awt.Paint getDomainMinorGridlinePaint();
  public void setDomainMinorGridlinePaint(java.awt.Paint);
  public boolean isRangeGridlinesVisible();
  public void setRangeGridlinesVisible(boolean);
  public java.awt.Stroke getRangeGridlineStroke();
  public void setRangeGridlineStroke(java.awt.Stroke);
  public java.awt.Paint getRangeGridlinePaint();
  public void setRangeGridlinePaint(java.awt.Paint);
  public boolean isRangeMinorGridlinesVisible();
  public void setRangeMinorGridlinesVisible(boolean);
  public java.awt.Stroke getRangeMinorGridlineStroke();
  public void setRangeMinorGridlineStroke(java.awt.Stroke);
  public java.awt.Paint getRangeMinorGridlinePaint();
  public void setRangeMinorGridlinePaint(java.awt.Paint);
  public boolean isDomainZeroBaselineVisible();
  public void setDomainZeroBaselineVisible(boolean);
  public java.awt.Stroke getDomainZeroBaselineStroke();
  public void setDomainZeroBaselineStroke(java.awt.Stroke);
  public java.awt.Paint getDomainZeroBaselinePaint();
  public void setDomainZeroBaselinePaint(java.awt.Paint);
  public boolean isRangeZeroBaselineVisible();
  public void setRangeZeroBaselineVisible(boolean);
  public java.awt.Stroke getRangeZeroBaselineStroke();
  public void setRangeZeroBaselineStroke(java.awt.Stroke);
  public java.awt.Paint getRangeZeroBaselinePaint();
  public void setRangeZeroBaselinePaint(java.awt.Paint);
  public java.awt.Paint getDomainTickBandPaint();
  public void setDomainTickBandPaint(java.awt.Paint);
  public java.awt.Paint getRangeTickBandPaint();
  public void setRangeTickBandPaint(java.awt.Paint);
  public java.awt.geom.Point2D getQuadrantOrigin();
  public void setQuadrantOrigin(java.awt.geom.Point2D);
  public java.awt.Paint getQuadrantPaint(int);
  public void setQuadrantPaint(int, java.awt.Paint);
  public void addDomainMarker(org.jfree.chart.plot.Marker);
  public void addDomainMarker(org.jfree.chart.plot.Marker, org.jfree.chart.util.Layer);
  public void clearDomainMarkers();
  public void clearDomainMarkers(int);
  public void addDomainMarker(int, org.jfree.chart.plot.Marker, org.jfree.chart.util.Layer);
  public void addDomainMarker(int, org.jfree.chart.plot.Marker, org.jfree.chart.util.Layer, boolean);
  public boolean removeDomainMarker(org.jfree.chart.plot.Marker);
  public boolean removeDomainMarker(org.jfree.chart.plot.Marker, org.jfree.chart.util.Layer);
  public boolean removeDomainMarker(int, org.jfree.chart.plot.Marker, org.jfree.chart.util.Layer);
  public boolean removeDomainMarker(int, org.jfree.chart.plot.Marker, org.jfree.chart.util.Layer, boolean);
  public void addRangeMarker(org.jfree.chart.plot.Marker);
  public void addRangeMarker(org.jfree.chart.plot.Marker, org.jfree.chart.util.Layer);
  public void clearRangeMarkers();
  public void addRangeMarker(int, org.jfree.chart.plot.Marker, org.jfree.chart.util.Layer);
  public void addRangeMarker(int, org.jfree.chart.plot.Marker, org.jfree.chart.util.Layer, boolean);
  public void clearRangeMarkers(int);
  public boolean removeRangeMarker(org.jfree.chart.plot.Marker);
  public boolean removeRangeMarker(org.jfree.chart.plot.Marker, org.jfree.chart.util.Layer);
  public boolean removeRangeMarker(int, org.jfree.chart.plot.Marker, org.jfree.chart.util.Layer);
  public boolean removeRangeMarker(int, org.jfree.chart.plot.Marker, org.jfree.chart.util.Layer, boolean);
  public void addAnnotation(org.jfree.chart.annotations.XYAnnotation);
  public void addAnnotation(org.jfree.chart.annotations.XYAnnotation, boolean);
  public boolean removeAnnotation(org.jfree.chart.annotations.XYAnnotation);
  public boolean removeAnnotation(org.jfree.chart.annotations.XYAnnotation, boolean);
  public java.util.List getAnnotations();
  public void clearAnnotations();
  protected org.jfree.chart.axis.AxisSpace calculateAxisSpace(java.awt.Graphics2D, java.awt.geom.Rectangle2D);
  protected org.jfree.chart.axis.AxisSpace calculateDomainAxisSpace(java.awt.Graphics2D, java.awt.geom.Rectangle2D, org.jfree.chart.axis.AxisSpace);
  protected org.jfree.chart.axis.AxisSpace calculateRangeAxisSpace(java.awt.Graphics2D, java.awt.geom.Rectangle2D, org.jfree.chart.axis.AxisSpace);
  public void draw(java.awt.Graphics2D, java.awt.geom.Rectangle2D, java.awt.geom.Point2D, org.jfree.chart.plot.PlotState, org.jfree.chart.plot.PlotRenderingInfo);
  public void drawBackground(java.awt.Graphics2D, java.awt.geom.Rectangle2D);
  protected void drawQuadrants(java.awt.Graphics2D, java.awt.geom.Rectangle2D);
  public void drawDomainTickBands(java.awt.Graphics2D, java.awt.geom.Rectangle2D, java.util.List);
  public void drawRangeTickBands(java.awt.Graphics2D, java.awt.geom.Rectangle2D, java.util.List);
  protected java.util.Map drawAxes(java.awt.Graphics2D, java.awt.geom.Rectangle2D, java.awt.geom.Rectangle2D, org.jfree.chart.plot.PlotRenderingInfo);
  public boolean render(java.awt.Graphics2D, java.awt.geom.Rectangle2D, int, org.jfree.chart.plot.PlotRenderingInfo, org.jfree.chart.plot.CrosshairState);
  public org.jfree.chart.axis.ValueAxis getDomainAxisForDataset(int);
  public org.jfree.chart.axis.ValueAxis getRangeAxisForDataset(int);
  protected void drawDomainGridlines(java.awt.Graphics2D, java.awt.geom.Rectangle2D, java.util.List);
  protected void drawRangeGridlines(java.awt.Graphics2D, java.awt.geom.Rectangle2D, java.util.List);
  protected void drawZeroDomainBaseline(java.awt.Graphics2D, java.awt.geom.Rectangle2D);
  protected void drawZeroRangeBaseline(java.awt.Graphics2D, java.awt.geom.Rectangle2D);
  public void drawAnnotations(java.awt.Graphics2D, java.awt.geom.Rectangle2D, org.jfree.chart.plot.PlotRenderingInfo);
  protected void drawDomainMarkers(java.awt.Graphics2D, java.awt.geom.Rectangle2D, int, org.jfree.chart.util.Layer);
  protected void drawRangeMarkers(java.awt.Graphics2D, java.awt.geom.Rectangle2D, int, org.jfree.chart.util.Layer);
  public java.util.Collection getDomainMarkers(org.jfree.chart.util.Layer);
  public java.util.Collection getRangeMarkers(org.jfree.chart.util.Layer);
  public java.util.Collection getDomainMarkers(int, org.jfree.chart.util.Layer);
  public java.util.Collection getRangeMarkers(int, org.jfree.chart.util.Layer);
  protected void drawHorizontalLine(java.awt.Graphics2D, java.awt.geom.Rectangle2D, double, java.awt.Stroke, java.awt.Paint);
  protected void drawDomainCrosshair(java.awt.Graphics2D, java.awt.geom.Rectangle2D, org.jfree.chart.plot.PlotOrientation, double, org.jfree.chart.axis.ValueAxis, java.awt.Stroke, java.awt.Paint);
  protected void drawVerticalLine(java.awt.Graphics2D, java.awt.geom.Rectangle2D, double, java.awt.Stroke, java.awt.Paint);
  protected void drawRangeCrosshair(java.awt.Graphics2D, java.awt.geom.Rectangle2D, org.jfree.chart.plot.PlotOrientation, double, org.jfree.chart.axis.ValueAxis, java.awt.Stroke, java.awt.Paint);
  public void handleClick(int, int, org.jfree.chart.plot.PlotRenderingInfo);
  private java.util.List getDatasetsMappedToDomainAxis(java.lang.Integer);
  private java.util.List getDatasetsMappedToRangeAxis(java.lang.Integer);
  public int getDomainAxisIndex(org.jfree.chart.axis.ValueAxis);
  public int getRangeAxisIndex(org.jfree.chart.axis.ValueAxis);
  public org.jfree.data.Range getDataRange(org.jfree.chart.axis.ValueAxis);
  public void datasetChanged(org.jfree.data.general.DatasetChangeEvent);
  public void rendererChanged(org.jfree.chart.event.RendererChangeEvent);
  public boolean isDomainCrosshairVisible();
  public void setDomainCrosshairVisible(boolean);
  public boolean isDomainCrosshairLockedOnData();
  public void setDomainCrosshairLockedOnData(boolean);
  public double getDomainCrosshairValue();
  public void setDomainCrosshairValue(double);
  public void setDomainCrosshairValue(double, boolean);
  public java.awt.Stroke getDomainCrosshairStroke();
  public void setDomainCrosshairStroke(java.awt.Stroke);
  public java.awt.Paint getDomainCrosshairPaint();
  public void setDomainCrosshairPaint(java.awt.Paint);
  public boolean isRangeCrosshairVisible();
  public void setRangeCrosshairVisible(boolean);
  public boolean isRangeCrosshairLockedOnData();
  public void setRangeCrosshairLockedOnData(boolean);
  public double getRangeCrosshairValue();
  public void setRangeCrosshairValue(double);
  public void setRangeCrosshairValue(double, boolean);
  public java.awt.Stroke getRangeCrosshairStroke();
  public void setRangeCrosshairStroke(java.awt.Stroke);
  public java.awt.Paint getRangeCrosshairPaint();
  public void setRangeCrosshairPaint(java.awt.Paint);
  public org.jfree.chart.axis.AxisSpace getFixedDomainAxisSpace();
  public void setFixedDomainAxisSpace(org.jfree.chart.axis.AxisSpace);
  public void setFixedDomainAxisSpace(org.jfree.chart.axis.AxisSpace, boolean);
  public org.jfree.chart.axis.AxisSpace getFixedRangeAxisSpace();
  public void setFixedRangeAxisSpace(org.jfree.chart.axis.AxisSpace);
  public void setFixedRangeAxisSpace(org.jfree.chart.axis.AxisSpace, boolean);
  public boolean isDomainPannable();
  public void setDomainPannable(boolean);
  public boolean isRangePannable();
  public void setRangePannable(boolean);
  public void panDomainAxes(double, org.jfree.chart.plot.PlotRenderingInfo, java.awt.geom.Point2D);
  public void panRangeAxes(double, org.jfree.chart.plot.PlotRenderingInfo, java.awt.geom.Point2D);
  public void zoomDomainAxes(double, org.jfree.chart.plot.PlotRenderingInfo, java.awt.geom.Point2D);
  public void zoomDomainAxes(double, org.jfree.chart.plot.PlotRenderingInfo, java.awt.geom.Point2D, boolean);
  public void zoomDomainAxes(double, double, org.jfree.chart.plot.PlotRenderingInfo, java.awt.geom.Point2D);
  public void zoomRangeAxes(double, org.jfree.chart.plot.PlotRenderingInfo, java.awt.geom.Point2D);
  public void zoomRangeAxes(double, org.jfree.chart.plot.PlotRenderingInfo, java.awt.geom.Point2D, boolean);
  public void zoomRangeAxes(double, double, org.jfree.chart.plot.PlotRenderingInfo, java.awt.geom.Point2D);
  public boolean isDomainZoomable();
  public boolean isRangeZoomable();
  public int getSeriesCount();
  public org.jfree.chart.LegendItemCollection getFixedLegendItems();
  public void setFixedLegendItems(org.jfree.chart.LegendItemCollection);
  public org.jfree.chart.LegendItemCollection getLegendItems();
  public boolean equals(java.lang.Object);
  public java.lang.Object clone() throws java.lang.CloneNotSupportedException;
  private void writeObject(java.io.ObjectOutputStream) throws java.io.IOException;
  private void readObject(java.io.ObjectInputStream) throws java.io.IOException, java.lang.ClassNotFoundException;
  public boolean canSelectByPoint();
  public boolean canSelectByRegion();
  public void select(double, double, java.awt.geom.Rectangle2D, org.jfree.chart.RenderingSource);
  public void select(java.awt.geom.GeneralPath, java.awt.geom.Rectangle2D, org.jfree.chart.RenderingSource);
  private org.jfree.data.xy.XYDatasetSelectionState findSelectionStateForDataset(org.jfree.data.xy.XYDataset, java.lang.Object);
  private java.awt.geom.GeneralPath convertToDataSpace(java.awt.geom.GeneralPath, java.awt.geom.Rectangle2D, org.jfree.data.xy.XYDataset);
  public void clearSelection();
  static {};
}
