Compiled from "Complex.java"
public class org.apache.commons.math3.complex.Complex implements org.apache.commons.math3.FieldElement<org.apache.commons.math3.complex.Complex>, java.io.Serializable {
  public static final org.apache.commons.math3.complex.Complex I;
  public static final org.apache.commons.math3.complex.Complex NaN;
  public static final org.apache.commons.math3.complex.Complex INF;
  public static final org.apache.commons.math3.complex.Complex ONE;
  public static final org.apache.commons.math3.complex.Complex ZERO;
  private static final long serialVersionUID;
  private final double imaginary;
  private final double real;
  private final transient boolean isNaN;
  private final transient boolean isInfinite;
  public org.apache.commons.math3.complex.Complex(double);
  public org.apache.commons.math3.complex.Complex(double, double);
  public double abs();
  public org.apache.commons.math3.complex.Complex add(org.apache.commons.math3.complex.Complex) throws org.apache.commons.math3.exception.NullArgumentException;
  public org.apache.commons.math3.complex.Complex add(double);
  public org.apache.commons.math3.complex.Complex conjugate();
  public org.apache.commons.math3.complex.Complex divide(org.apache.commons.math3.complex.Complex) throws org.apache.commons.math3.exception.NullArgumentException;
  public org.apache.commons.math3.complex.Complex divide(double);
  public org.apache.commons.math3.complex.Complex reciprocal();
  public boolean equals(java.lang.Object);
  public int hashCode();
  public double getImaginary();
  public double getReal();
  public boolean isNaN();
  public boolean isInfinite();
  public org.apache.commons.math3.complex.Complex multiply(org.apache.commons.math3.complex.Complex) throws org.apache.commons.math3.exception.NullArgumentException;
  public org.apache.commons.math3.complex.Complex multiply(int);
  public org.apache.commons.math3.complex.Complex multiply(double);
  public org.apache.commons.math3.complex.Complex negate();
  public org.apache.commons.math3.complex.Complex subtract(org.apache.commons.math3.complex.Complex) throws org.apache.commons.math3.exception.NullArgumentException;
  public org.apache.commons.math3.complex.Complex subtract(double);
  public org.apache.commons.math3.complex.Complex acos();
  public org.apache.commons.math3.complex.Complex asin();
  public org.apache.commons.math3.complex.Complex atan();
  public org.apache.commons.math3.complex.Complex cos();
  public org.apache.commons.math3.complex.Complex cosh();
  public org.apache.commons.math3.complex.Complex exp();
  public org.apache.commons.math3.complex.Complex log();
  public org.apache.commons.math3.complex.Complex pow(org.apache.commons.math3.complex.Complex) throws org.apache.commons.math3.exception.NullArgumentException;
  public org.apache.commons.math3.complex.Complex pow(double);
  public org.apache.commons.math3.complex.Complex sin();
  public org.apache.commons.math3.complex.Complex sinh();
  public org.apache.commons.math3.complex.Complex sqrt();
  public org.apache.commons.math3.complex.Complex sqrt1z();
  public org.apache.commons.math3.complex.Complex tan();
  public org.apache.commons.math3.complex.Complex tanh();
  public double getArgument();
  public java.util.List<org.apache.commons.math3.complex.Complex> nthRoot(int) throws org.apache.commons.math3.exception.NotPositiveException;
  protected org.apache.commons.math3.complex.Complex createComplex(double, double);
  public static org.apache.commons.math3.complex.Complex valueOf(double, double);
  public static org.apache.commons.math3.complex.Complex valueOf(double);
  protected final java.lang.Object readResolve();
  public org.apache.commons.math3.complex.ComplexField getField();
  public java.lang.String toString();
  public org.apache.commons.math3.Field getField();
  public java.lang.Object reciprocal() throws org.apache.commons.math3.exception.MathArithmeticException;
  public java.lang.Object divide(java.lang.Object) throws org.apache.commons.math3.exception.NullArgumentException, org.apache.commons.math3.exception.MathArithmeticException;
  public java.lang.Object multiply(java.lang.Object) throws org.apache.commons.math3.exception.NullArgumentException;
  public java.lang.Object multiply(int);
  public java.lang.Object negate();
  public java.lang.Object subtract(java.lang.Object) throws org.apache.commons.math3.exception.NullArgumentException;
  public java.lang.Object add(java.lang.Object) throws org.apache.commons.math3.exception.NullArgumentException;
  static {};
}
