Compiled from "HelpFormatter.java"
public class org.apache.commons.cli.HelpFormatter {
  public static final int DEFAULT_WIDTH;
  public static final int DEFAULT_LEFT_PAD;
  public static final int DEFAULT_DESC_PAD;
  public static final java.lang.String DEFAULT_SYNTAX_PREFIX;
  public static final java.lang.String DEFAULT_OPT_PREFIX;
  public static final java.lang.String DEFAULT_LONG_OPT_PREFIX;
  public static final java.lang.String DEFAULT_ARG_NAME;
  public int defaultWidth;
  public int defaultLeftPad;
  public int defaultDescPad;
  public java.lang.String defaultSyntaxPrefix;
  public java.lang.String defaultNewLine;
  public java.lang.String defaultOptPrefix;
  public java.lang.String defaultLongOptPrefix;
  public java.lang.String defaultArgName;
  public org.apache.commons.cli.HelpFormatter();
  public void setWidth(int);
  public int getWidth();
  public void setLeftPadding(int);
  public int getLeftPadding();
  public void setDescPadding(int);
  public int getDescPadding();
  public void setSyntaxPrefix(java.lang.String);
  public java.lang.String getSyntaxPrefix();
  public void setNewLine(java.lang.String);
  public java.lang.String getNewLine();
  public void setOptPrefix(java.lang.String);
  public java.lang.String getOptPrefix();
  public void setLongOptPrefix(java.lang.String);
  public java.lang.String getLongOptPrefix();
  public void setArgName(java.lang.String);
  public java.lang.String getArgName();
  public void printHelp(java.lang.String, org.apache.commons.cli.Options);
  public void printHelp(java.lang.String, org.apache.commons.cli.Options, boolean);
  public void printHelp(java.lang.String, java.lang.String, org.apache.commons.cli.Options, java.lang.String);
  public void printHelp(java.lang.String, java.lang.String, org.apache.commons.cli.Options, java.lang.String, boolean);
  public void printHelp(int, java.lang.String, java.lang.String, org.apache.commons.cli.Options, java.lang.String);
  public void printHelp(int, java.lang.String, java.lang.String, org.apache.commons.cli.Options, java.lang.String, boolean);
  public void printHelp(java.io.PrintWriter, int, java.lang.String, java.lang.String, org.apache.commons.cli.Options, int, int, java.lang.String);
  public void printHelp(java.io.PrintWriter, int, java.lang.String, java.lang.String, org.apache.commons.cli.Options, int, int, java.lang.String, boolean);
  public void printUsage(java.io.PrintWriter, int, java.lang.String, org.apache.commons.cli.Options);
  private static void appendOptionGroup(java.lang.StringBuffer, org.apache.commons.cli.OptionGroup);
  private static void appendOption(java.lang.StringBuffer, org.apache.commons.cli.Option, boolean);
  public void printUsage(java.io.PrintWriter, int, java.lang.String);
  public void printOptions(java.io.PrintWriter, int, org.apache.commons.cli.Options, int, int);
  public void printWrapped(java.io.PrintWriter, int, java.lang.String);
  public void printWrapped(java.io.PrintWriter, int, int, java.lang.String);
  protected java.lang.StringBuffer renderOptions(java.lang.StringBuffer, int, org.apache.commons.cli.Options, int, int);
  protected java.lang.StringBuffer renderWrappedText(java.lang.StringBuffer, int, int, java.lang.String);
  protected int findWrapPos(java.lang.String, int, int);
  protected java.lang.String createPadding(int);
  protected java.lang.String rtrim(java.lang.String);
}
