Compiled from "UTF8StreamJsonParser.java"
public class com.fasterxml.jackson.core.json.UTF8StreamJsonParser extends com.fasterxml.jackson.core.base.ParserBase {
  static final byte BYTE_LF;
  private static final int[] _icUTF8;
  protected static final int[] _icLatin1;
  private static final int[] _icWS;
  protected com.fasterxml.jackson.core.ObjectCodec _objectCodec;
  protected final com.fasterxml.jackson.core.sym.BytesToNameCanonicalizer _symbols;
  protected int[] _quadBuffer;
  protected boolean _tokenIncomplete;
  private int _quad1;
  protected java.io.InputStream _inputStream;
  protected byte[] _inputBuffer;
  protected boolean _bufferRecyclable;
  public com.fasterxml.jackson.core.json.UTF8StreamJsonParser(com.fasterxml.jackson.core.io.IOContext, int, java.io.InputStream, com.fasterxml.jackson.core.ObjectCodec, com.fasterxml.jackson.core.sym.BytesToNameCanonicalizer, byte[], int, int, boolean);
  public com.fasterxml.jackson.core.ObjectCodec getCodec();
  public void setCodec(com.fasterxml.jackson.core.ObjectCodec);
  public int releaseBuffered(java.io.OutputStream) throws java.io.IOException;
  public java.lang.Object getInputSource();
  protected final boolean loadMore() throws java.io.IOException;
  protected final boolean _loadToHaveAtLeast(int) throws java.io.IOException;
  protected void _closeInput() throws java.io.IOException;
  protected void _releaseBuffers() throws java.io.IOException;
  public java.lang.String getText() throws java.io.IOException, com.fasterxml.jackson.core.JsonParseException;
  public java.lang.String getValueAsString() throws java.io.IOException, com.fasterxml.jackson.core.JsonParseException;
  public java.lang.String getValueAsString(java.lang.String) throws java.io.IOException, com.fasterxml.jackson.core.JsonParseException;
  protected final java.lang.String _getText2(com.fasterxml.jackson.core.JsonToken);
  public char[] getTextCharacters() throws java.io.IOException, com.fasterxml.jackson.core.JsonParseException;
  public int getTextLength() throws java.io.IOException, com.fasterxml.jackson.core.JsonParseException;
  public int getTextOffset() throws java.io.IOException, com.fasterxml.jackson.core.JsonParseException;
  public byte[] getBinaryValue(com.fasterxml.jackson.core.Base64Variant) throws java.io.IOException, com.fasterxml.jackson.core.JsonParseException;
  public int readBinaryValue(com.fasterxml.jackson.core.Base64Variant, java.io.OutputStream) throws java.io.IOException, com.fasterxml.jackson.core.JsonParseException;
  protected int _readBinary(com.fasterxml.jackson.core.Base64Variant, java.io.OutputStream, byte[]) throws java.io.IOException, com.fasterxml.jackson.core.JsonParseException;
  public com.fasterxml.jackson.core.JsonLocation getTokenLocation();
  public com.fasterxml.jackson.core.JsonLocation getCurrentLocation();
  public com.fasterxml.jackson.core.JsonToken nextToken() throws java.io.IOException, com.fasterxml.jackson.core.JsonParseException;
  private final com.fasterxml.jackson.core.JsonToken _nextTokenNotInObject(int) throws java.io.IOException, com.fasterxml.jackson.core.JsonParseException;
  private final com.fasterxml.jackson.core.JsonToken _nextAfterName();
  public boolean nextFieldName(com.fasterxml.jackson.core.SerializableString) throws java.io.IOException, com.fasterxml.jackson.core.JsonParseException;
  private final void _isNextTokenNameYes() throws java.io.IOException, com.fasterxml.jackson.core.JsonParseException;
  private final boolean _isNextTokenNameMaybe(int, com.fasterxml.jackson.core.SerializableString) throws java.io.IOException, com.fasterxml.jackson.core.JsonParseException;
  public java.lang.String nextTextValue() throws java.io.IOException, com.fasterxml.jackson.core.JsonParseException;
  public int nextIntValue(int) throws java.io.IOException, com.fasterxml.jackson.core.JsonParseException;
  public long nextLongValue(long) throws java.io.IOException, com.fasterxml.jackson.core.JsonParseException;
  public java.lang.Boolean nextBooleanValue() throws java.io.IOException, com.fasterxml.jackson.core.JsonParseException;
  protected com.fasterxml.jackson.core.JsonToken _parseNumber(int) throws java.io.IOException, com.fasterxml.jackson.core.JsonParseException;
  private final com.fasterxml.jackson.core.JsonToken _parserNumber2(char[], int, boolean, int) throws java.io.IOException, com.fasterxml.jackson.core.JsonParseException;
  private final int _verifyNoLeadingZeroes() throws java.io.IOException, com.fasterxml.jackson.core.JsonParseException;
  private final com.fasterxml.jackson.core.JsonToken _parseFloat(char[], int, int, boolean, int) throws java.io.IOException, com.fasterxml.jackson.core.JsonParseException;
  private final void _verifyRootSpace(int) throws java.io.IOException;
  protected com.fasterxml.jackson.core.sym.Name _parseName(int) throws java.io.IOException;
  protected com.fasterxml.jackson.core.sym.Name parseMediumName(int, int[]) throws java.io.IOException;
  protected com.fasterxml.jackson.core.sym.Name parseLongName(int) throws java.io.IOException;
  protected com.fasterxml.jackson.core.sym.Name slowParseName() throws java.io.IOException;
  private final com.fasterxml.jackson.core.sym.Name parseName(int, int, int) throws java.io.IOException;
  private final com.fasterxml.jackson.core.sym.Name parseName(int, int, int, int) throws java.io.IOException;
  protected com.fasterxml.jackson.core.sym.Name parseEscapedName(int[], int, int, int, int) throws java.io.IOException;
  protected com.fasterxml.jackson.core.sym.Name _handleOddName(int) throws java.io.IOException;
  protected com.fasterxml.jackson.core.sym.Name _parseAposName() throws java.io.IOException;
  private final com.fasterxml.jackson.core.sym.Name findName(int, int) throws com.fasterxml.jackson.core.JsonParseException;
  private final com.fasterxml.jackson.core.sym.Name findName(int, int, int) throws com.fasterxml.jackson.core.JsonParseException;
  private final com.fasterxml.jackson.core.sym.Name findName(int[], int, int, int) throws com.fasterxml.jackson.core.JsonParseException;
  private final com.fasterxml.jackson.core.sym.Name addName(int[], int, int) throws com.fasterxml.jackson.core.JsonParseException;
  protected void _finishString() throws java.io.IOException;
  private final void _finishString2(char[], int) throws java.io.IOException;
  protected void _skipString() throws java.io.IOException;
  protected com.fasterxml.jackson.core.JsonToken _handleUnexpectedValue(int) throws java.io.IOException;
  protected com.fasterxml.jackson.core.JsonToken _handleApos() throws java.io.IOException;
  protected com.fasterxml.jackson.core.JsonToken _handleInvalidNumberStart(int, boolean) throws java.io.IOException;
  protected void _matchToken(java.lang.String, int) throws java.io.IOException;
  private final int _skipWS() throws java.io.IOException;
  private final int _skipWSOrEnd() throws java.io.IOException;
  private final int _skipColon() throws java.io.IOException;
  private final void _skipComment() throws java.io.IOException;
  private final void _skipCComment() throws java.io.IOException;
  private final boolean _skipYAMLComment() throws java.io.IOException;
  private final void _skipLine() throws java.io.IOException;
  protected char _decodeEscaped() throws java.io.IOException;
  protected int _decodeCharForError(int) throws java.io.IOException;
  private final int _decodeUtf8_2(int) throws java.io.IOException;
  private final int _decodeUtf8_3(int) throws java.io.IOException;
  private final int _decodeUtf8_3fast(int) throws java.io.IOException;
  private final int _decodeUtf8_4(int) throws java.io.IOException;
  private final void _skipUtf8_2(int) throws java.io.IOException;
  private final void _skipUtf8_3(int) throws java.io.IOException;
  private final void _skipUtf8_4(int) throws java.io.IOException;
  protected final void _skipCR() throws java.io.IOException;
  private int nextByte() throws java.io.IOException;
  protected void _reportInvalidToken(java.lang.String) throws java.io.IOException;
  protected void _reportInvalidToken(java.lang.String, java.lang.String) throws java.io.IOException;
  protected void _reportInvalidChar(int) throws com.fasterxml.jackson.core.JsonParseException;
  protected void _reportInvalidInitial(int) throws com.fasterxml.jackson.core.JsonParseException;
  protected void _reportInvalidOther(int) throws com.fasterxml.jackson.core.JsonParseException;
  protected void _reportInvalidOther(int, int) throws com.fasterxml.jackson.core.JsonParseException;
  public static int[] growArrayBy(int[], int);
  protected final byte[] _decodeBase64(com.fasterxml.jackson.core.Base64Variant) throws java.io.IOException;
  static {};
}
