Compiled from "TypeValidator.java"
class com.google.javascript.jscomp.TypeValidator {
  private final com.google.javascript.jscomp.AbstractCompiler compiler;
  private final com.google.javascript.rhino.jstype.JSTypeRegistry typeRegistry;
  private final com.google.javascript.rhino.jstype.JSType allValueTypes;
  private boolean shouldReport;
  private final com.google.javascript.rhino.jstype.JSType nullOrUndefined;
  private final java.util.List<com.google.javascript.jscomp.TypeValidator$TypeMismatch> mismatches;
  private static final java.lang.String FOUND_REQUIRED;
  static final com.google.javascript.jscomp.DiagnosticType INVALID_CAST;
  static final com.google.javascript.jscomp.DiagnosticType TYPE_MISMATCH_WARNING;
  static final com.google.javascript.jscomp.DiagnosticType MISSING_EXTENDS_TAG_WARNING;
  static final com.google.javascript.jscomp.DiagnosticType DUP_VAR_DECLARATION;
  static final com.google.javascript.jscomp.DiagnosticType HIDDEN_PROPERTY_MISMATCH;
  static final com.google.javascript.jscomp.DiagnosticType INTERFACE_METHOD_NOT_IMPLEMENTED;
  static final com.google.javascript.jscomp.DiagnosticType HIDDEN_INTERFACE_PROPERTY_MISMATCH;
  static final com.google.javascript.jscomp.DiagnosticType UNKNOWN_TYPEOF_VALUE;
  static final com.google.javascript.jscomp.DiagnosticType ILLEGAL_PROPERTY_ACCESS;
  static final com.google.javascript.jscomp.DiagnosticGroup ALL_DIAGNOSTICS;
  com.google.javascript.jscomp.TypeValidator(com.google.javascript.jscomp.AbstractCompiler);
  java.lang.Iterable<com.google.javascript.jscomp.TypeValidator$TypeMismatch> getMismatches();
  void setShouldReport(boolean);
  void expectValidTypeofName(com.google.javascript.jscomp.NodeTraversal, com.google.javascript.rhino.Node, java.lang.String);
  boolean expectObject(com.google.javascript.jscomp.NodeTraversal, com.google.javascript.rhino.Node, com.google.javascript.rhino.jstype.JSType, java.lang.String);
  void expectActualObject(com.google.javascript.jscomp.NodeTraversal, com.google.javascript.rhino.Node, com.google.javascript.rhino.jstype.JSType, java.lang.String);
  void expectAnyObject(com.google.javascript.jscomp.NodeTraversal, com.google.javascript.rhino.Node, com.google.javascript.rhino.jstype.JSType, java.lang.String);
  void expectString(com.google.javascript.jscomp.NodeTraversal, com.google.javascript.rhino.Node, com.google.javascript.rhino.jstype.JSType, java.lang.String);
  void expectNumber(com.google.javascript.jscomp.NodeTraversal, com.google.javascript.rhino.Node, com.google.javascript.rhino.jstype.JSType, java.lang.String);
  void expectBitwiseable(com.google.javascript.jscomp.NodeTraversal, com.google.javascript.rhino.Node, com.google.javascript.rhino.jstype.JSType, java.lang.String);
  void expectStringOrNumber(com.google.javascript.jscomp.NodeTraversal, com.google.javascript.rhino.Node, com.google.javascript.rhino.jstype.JSType, java.lang.String);
  boolean expectNotNullOrUndefined(com.google.javascript.jscomp.NodeTraversal, com.google.javascript.rhino.Node, com.google.javascript.rhino.jstype.JSType, java.lang.String, com.google.javascript.rhino.jstype.JSType);
  private boolean containsForwardDeclaredUnresolvedName(com.google.javascript.rhino.jstype.JSType);
  void expectSwitchMatchesCase(com.google.javascript.jscomp.NodeTraversal, com.google.javascript.rhino.Node, com.google.javascript.rhino.jstype.JSType, com.google.javascript.rhino.jstype.JSType);
  void expectIndexMatch(com.google.javascript.jscomp.NodeTraversal, com.google.javascript.rhino.Node, com.google.javascript.rhino.jstype.JSType, com.google.javascript.rhino.jstype.JSType);
  boolean expectCanAssignToPropertyOf(com.google.javascript.jscomp.NodeTraversal, com.google.javascript.rhino.Node, com.google.javascript.rhino.jstype.JSType, com.google.javascript.rhino.jstype.JSType, com.google.javascript.rhino.Node, java.lang.String);
  boolean expectCanAssignTo(com.google.javascript.jscomp.NodeTraversal, com.google.javascript.rhino.Node, com.google.javascript.rhino.jstype.JSType, com.google.javascript.rhino.jstype.JSType, java.lang.String);
  void expectArgumentMatchesParameter(com.google.javascript.jscomp.NodeTraversal, com.google.javascript.rhino.Node, com.google.javascript.rhino.jstype.JSType, com.google.javascript.rhino.jstype.JSType, com.google.javascript.rhino.Node, int);
  void expectCanOverride(com.google.javascript.jscomp.NodeTraversal, com.google.javascript.rhino.Node, com.google.javascript.rhino.jstype.JSType, com.google.javascript.rhino.jstype.JSType, java.lang.String, com.google.javascript.rhino.jstype.JSType);
  void expectSuperType(com.google.javascript.jscomp.NodeTraversal, com.google.javascript.rhino.Node, com.google.javascript.rhino.jstype.ObjectType, com.google.javascript.rhino.jstype.ObjectType);
  void expectCanCast(com.google.javascript.jscomp.NodeTraversal, com.google.javascript.rhino.Node, com.google.javascript.rhino.jstype.JSType, com.google.javascript.rhino.jstype.JSType);
  com.google.javascript.jscomp.Scope$Var expectUndeclaredVariable(java.lang.String, com.google.javascript.jscomp.CompilerInput, com.google.javascript.rhino.Node, com.google.javascript.rhino.Node, com.google.javascript.jscomp.Scope$Var, java.lang.String, com.google.javascript.rhino.jstype.JSType);
  void expectAllInterfaceProperties(com.google.javascript.jscomp.NodeTraversal, com.google.javascript.rhino.Node, com.google.javascript.rhino.jstype.FunctionType);
  private void expectInterfaceProperty(com.google.javascript.jscomp.NodeTraversal, com.google.javascript.rhino.Node, com.google.javascript.rhino.jstype.ObjectType, com.google.javascript.rhino.jstype.ObjectType, java.lang.String);
  private void mismatch(com.google.javascript.jscomp.NodeTraversal, com.google.javascript.rhino.Node, java.lang.String, com.google.javascript.rhino.jstype.JSType, com.google.javascript.rhino.jstype.JSType);
  private void mismatch(com.google.javascript.jscomp.NodeTraversal, com.google.javascript.rhino.Node, java.lang.String, com.google.javascript.rhino.jstype.JSType, com.google.javascript.rhino.jstype.JSTypeNative);
  private void mismatch(java.lang.String, com.google.javascript.rhino.Node, java.lang.String, com.google.javascript.rhino.jstype.JSType, com.google.javascript.rhino.jstype.JSType);
  private void registerMismatch(com.google.javascript.rhino.jstype.JSType, com.google.javascript.rhino.jstype.JSType, com.google.javascript.jscomp.JSError);
  private void registerIfMismatch(com.google.javascript.rhino.jstype.JSType, com.google.javascript.rhino.jstype.JSType, com.google.javascript.jscomp.JSError);
  private java.lang.String formatFoundRequired(java.lang.String, com.google.javascript.rhino.jstype.JSType, com.google.javascript.rhino.jstype.JSType);
  java.lang.String getReadableJSTypeName(com.google.javascript.rhino.Node, boolean);
  private com.google.javascript.rhino.jstype.JSType getJSType(com.google.javascript.rhino.Node);
  private com.google.javascript.rhino.jstype.JSType getNativeType(com.google.javascript.rhino.jstype.JSTypeNative);
  private com.google.javascript.jscomp.JSError report(com.google.javascript.jscomp.JSError);
  static {};
}
