Compiled from "NumberInput.java"
public final class com.fasterxml.jackson.core.io.NumberInput {
  public static final java.lang.String NASTY_SMALL_DOUBLE;
  static final long L_BILLION;
  static final java.lang.String MIN_LONG_STR_NO_SIGN;
  static final java.lang.String MAX_LONG_STR;
  public com.fasterxml.jackson.core.io.NumberInput();
  public static int parseInt(char[], int, int);
  public static int parseInt(java.lang.String);
  public static long parseLong(char[], int, int);
  public static long parseLong(java.lang.String);
  public static boolean inLongRange(char[], int, int, boolean);
  public static boolean inLongRange(java.lang.String, boolean);
  public static int parseAsInt(java.lang.String, int);
  public static long parseAsLong(java.lang.String, long);
  public static double parseAsDouble(java.lang.String, double);
  public static double parseDouble(java.lang.String) throws java.lang.NumberFormatException;
  public static java.math.BigDecimal parseBigDecimal(java.lang.String) throws java.lang.NumberFormatException;
  public static java.math.BigDecimal parseBigDecimal(char[]) throws java.lang.NumberFormatException;
  public static java.math.BigDecimal parseBigDecimal(char[], int, int) throws java.lang.NumberFormatException;
  static {};
}
Compiled from "TextBuffer.java"
public final class com.fasterxml.jackson.core.util.TextBuffer {
  static final char[] NO_CHARS;
  static final int MIN_SEGMENT_LEN;
  static final int MAX_SEGMENT_LEN;
  private final com.fasterxml.jackson.core.util.BufferRecycler _allocator;
  private char[] _inputBuffer;
  private int _inputStart;
  private int _inputLen;
  private java.util.ArrayList<char[]> _segments;
  private boolean _hasSegments;
  private int _segmentSize;
  private char[] _currentSegment;
  private int _currentSize;
  private java.lang.String _resultString;
  private char[] _resultArray;
  public com.fasterxml.jackson.core.util.TextBuffer(com.fasterxml.jackson.core.util.BufferRecycler);
  public void releaseBuffers();
  public void resetWithEmpty();
  public void resetWithShared(char[], int, int);
  public void resetWithCopy(char[], int, int);
  public void resetWithString(java.lang.String);
  private char[] findBuffer(int);
  private void clearSegments();
  public int size();
  public int getTextOffset();
  public boolean hasTextAsCharacters();
  public char[] getTextBuffer();
  public java.lang.String contentsAsString();
  public char[] contentsAsArray();
  public java.math.BigDecimal contentsAsDecimal() throws java.lang.NumberFormatException;
  public double contentsAsDouble() throws java.lang.NumberFormatException;
  public void ensureNotShared();
  public void append(char);
  public void append(char[], int, int);
  public void append(java.lang.String, int, int);
  public char[] getCurrentSegment();
  public char[] emptyAndGetCurrentSegment();
  public int getCurrentSegmentSize();
  public void setCurrentLength(int);
  public char[] finishCurrentSegment();
  public char[] expandCurrentSegment();
  public java.lang.String toString();
  private void unshare(int);
  private void expand(int);
  private char[] buildResultArray();
  private char[] _charArray(int);
  static {};
}
