Compiled from "CreatorCollector.java"
public class com.fasterxml.jackson.databind.deser.impl.CreatorCollector {
  protected static final int C_DEFAULT;
  protected static final int C_STRING;
  protected static final int C_INT;
  protected static final int C_LONG;
  protected static final int C_DOUBLE;
  protected static final int C_BOOLEAN;
  protected static final int C_DELEGATE;
  protected static final int C_PROPS;
  protected static final java.lang.String[] TYPE_DESCS;
  protected final com.fasterxml.jackson.databind.BeanDescription _beanDesc;
  protected final boolean _canFixAccess;
  protected final com.fasterxml.jackson.databind.introspect.AnnotatedWithParams[] _creators;
  protected int _explicitCreators;
  protected boolean _hasNonDefaultCreator;
  protected com.fasterxml.jackson.databind.deser.CreatorProperty[] _delegateArgs;
  protected com.fasterxml.jackson.databind.deser.CreatorProperty[] _propertyBasedArgs;
  protected com.fasterxml.jackson.databind.introspect.AnnotatedParameter _incompleteParameter;
  public com.fasterxml.jackson.databind.deser.impl.CreatorCollector(com.fasterxml.jackson.databind.BeanDescription, boolean);
  public com.fasterxml.jackson.databind.deser.ValueInstantiator constructValueInstantiator(com.fasterxml.jackson.databind.DeserializationConfig);
  public void setDefaultCreator(com.fasterxml.jackson.databind.introspect.AnnotatedWithParams);
  public void addStringCreator(com.fasterxml.jackson.databind.introspect.AnnotatedWithParams, boolean);
  public void addIntCreator(com.fasterxml.jackson.databind.introspect.AnnotatedWithParams, boolean);
  public void addLongCreator(com.fasterxml.jackson.databind.introspect.AnnotatedWithParams, boolean);
  public void addDoubleCreator(com.fasterxml.jackson.databind.introspect.AnnotatedWithParams, boolean);
  public void addBooleanCreator(com.fasterxml.jackson.databind.introspect.AnnotatedWithParams, boolean);
  public void addDelegatingCreator(com.fasterxml.jackson.databind.introspect.AnnotatedWithParams, boolean, com.fasterxml.jackson.databind.deser.CreatorProperty[]);
  public void addPropertyCreator(com.fasterxml.jackson.databind.introspect.AnnotatedWithParams, boolean, com.fasterxml.jackson.databind.deser.CreatorProperty[]);
  public void addIncompeteParameter(com.fasterxml.jackson.databind.introspect.AnnotatedParameter);
  public void addStringCreator(com.fasterxml.jackson.databind.introspect.AnnotatedWithParams);
  public void addIntCreator(com.fasterxml.jackson.databind.introspect.AnnotatedWithParams);
  public void addLongCreator(com.fasterxml.jackson.databind.introspect.AnnotatedWithParams);
  public void addDoubleCreator(com.fasterxml.jackson.databind.introspect.AnnotatedWithParams);
  public void addBooleanCreator(com.fasterxml.jackson.databind.introspect.AnnotatedWithParams);
  public void addDelegatingCreator(com.fasterxml.jackson.databind.introspect.AnnotatedWithParams, com.fasterxml.jackson.databind.deser.CreatorProperty[]);
  public void addPropertyCreator(com.fasterxml.jackson.databind.introspect.AnnotatedWithParams, com.fasterxml.jackson.databind.deser.CreatorProperty[]);
  protected com.fasterxml.jackson.databind.introspect.AnnotatedWithParams verifyNonDup(com.fasterxml.jackson.databind.introspect.AnnotatedWithParams, int);
  public boolean hasDefaultCreator();
  private <T extends com.fasterxml.jackson.databind.introspect.AnnotatedMember> T _fixAccess(T);
  protected void verifyNonDup(com.fasterxml.jackson.databind.introspect.AnnotatedWithParams, int, boolean);
  static {};
}
