Compiled from "AnnotatedClass.java"
public final class com.fasterxml.jackson.databind.introspect.AnnotatedClass extends com.fasterxml.jackson.databind.introspect.Annotated {
  private static final com.fasterxml.jackson.databind.introspect.AnnotationMap[] NO_ANNOTATION_MAPS;
  protected final java.lang.Class<?> _class;
  protected final java.util.List<java.lang.Class<?>> _superTypes;
  protected final com.fasterxml.jackson.databind.AnnotationIntrospector _annotationIntrospector;
  protected final com.fasterxml.jackson.databind.introspect.ClassIntrospector$MixInResolver _mixInResolver;
  protected final java.lang.Class<?> _primaryMixIn;
  protected com.fasterxml.jackson.databind.introspect.AnnotationMap _classAnnotations;
  protected boolean _creatorsResolved;
  protected com.fasterxml.jackson.databind.introspect.AnnotatedConstructor _defaultConstructor;
  protected java.util.List<com.fasterxml.jackson.databind.introspect.AnnotatedConstructor> _constructors;
  protected java.util.List<com.fasterxml.jackson.databind.introspect.AnnotatedMethod> _creatorMethods;
  protected com.fasterxml.jackson.databind.introspect.AnnotatedMethodMap _memberMethods;
  protected java.util.List<com.fasterxml.jackson.databind.introspect.AnnotatedField> _fields;
  private com.fasterxml.jackson.databind.introspect.AnnotatedClass(java.lang.Class<?>, java.util.List<java.lang.Class<?>>, com.fasterxml.jackson.databind.AnnotationIntrospector, com.fasterxml.jackson.databind.introspect.ClassIntrospector$MixInResolver, com.fasterxml.jackson.databind.introspect.AnnotationMap);
  public com.fasterxml.jackson.databind.introspect.AnnotatedClass withAnnotations(com.fasterxml.jackson.databind.introspect.AnnotationMap);
  public static com.fasterxml.jackson.databind.introspect.AnnotatedClass construct(java.lang.Class<?>, com.fasterxml.jackson.databind.AnnotationIntrospector, com.fasterxml.jackson.databind.introspect.ClassIntrospector$MixInResolver);
  public static com.fasterxml.jackson.databind.introspect.AnnotatedClass constructWithoutSuperTypes(java.lang.Class<?>, com.fasterxml.jackson.databind.AnnotationIntrospector, com.fasterxml.jackson.databind.introspect.ClassIntrospector$MixInResolver);
  public java.lang.Class<?> getAnnotated();
  public int getModifiers();
  public java.lang.String getName();
  public <A extends java.lang.annotation.Annotation> A getAnnotation(java.lang.Class<A>);
  public java.lang.reflect.Type getGenericType();
  public java.lang.Class<?> getRawType();
  public java.lang.Iterable<java.lang.annotation.Annotation> annotations();
  protected com.fasterxml.jackson.databind.introspect.AnnotationMap getAllAnnotations();
  public com.fasterxml.jackson.databind.util.Annotations getAnnotations();
  public boolean hasAnnotations();
  public com.fasterxml.jackson.databind.introspect.AnnotatedConstructor getDefaultConstructor();
  public java.util.List<com.fasterxml.jackson.databind.introspect.AnnotatedConstructor> getConstructors();
  public java.util.List<com.fasterxml.jackson.databind.introspect.AnnotatedMethod> getStaticMethods();
  public java.lang.Iterable<com.fasterxml.jackson.databind.introspect.AnnotatedMethod> memberMethods();
  public int getMemberMethodCount();
  public com.fasterxml.jackson.databind.introspect.AnnotatedMethod findMethod(java.lang.String, java.lang.Class<?>[]);
  public int getFieldCount();
  public java.lang.Iterable<com.fasterxml.jackson.databind.introspect.AnnotatedField> fields();
  private void resolveClassAnnotations();
  private void resolveCreators();
  private void resolveMemberMethods();
  private void resolveFields();
  protected void _addClassMixIns(com.fasterxml.jackson.databind.introspect.AnnotationMap, java.lang.Class<?>);
  protected void _addClassMixIns(com.fasterxml.jackson.databind.introspect.AnnotationMap, java.lang.Class<?>, java.lang.Class<?>);
  protected void _addConstructorMixIns(java.lang.Class<?>);
  protected void _addFactoryMixIns(java.lang.Class<?>);
  protected void _addMemberMethods(java.lang.Class<?>, com.fasterxml.jackson.databind.introspect.AnnotatedMethodMap, java.lang.Class<?>, com.fasterxml.jackson.databind.introspect.AnnotatedMethodMap);
  protected void _addMethodMixIns(java.lang.Class<?>, com.fasterxml.jackson.databind.introspect.AnnotatedMethodMap, java.lang.Class<?>, com.fasterxml.jackson.databind.introspect.AnnotatedMethodMap);
  protected java.util.Map<java.lang.String, com.fasterxml.jackson.databind.introspect.AnnotatedField> _findFields(java.lang.Class<?>, java.util.Map<java.lang.String, com.fasterxml.jackson.databind.introspect.AnnotatedField>);
  protected void _addFieldMixIns(java.lang.Class<?>, java.lang.Class<?>, java.util.Map<java.lang.String, com.fasterxml.jackson.databind.introspect.AnnotatedField>);
  protected com.fasterxml.jackson.databind.introspect.AnnotatedMethod _constructMethod(java.lang.reflect.Method);
  protected com.fasterxml.jackson.databind.introspect.AnnotatedConstructor _constructConstructor(java.lang.reflect.Constructor<?>, boolean);
  protected com.fasterxml.jackson.databind.introspect.AnnotatedMethod _constructCreatorMethod(java.lang.reflect.Method);
  protected com.fasterxml.jackson.databind.introspect.AnnotatedField _constructField(java.lang.reflect.Field);
  private com.fasterxml.jackson.databind.introspect.AnnotationMap _emptyAnnotationMap();
  private com.fasterxml.jackson.databind.introspect.AnnotationMap[] _emptyAnnotationMaps(int);
  protected boolean _isIncludableMemberMethod(java.lang.reflect.Method);
  private boolean _isIncludableField(java.lang.reflect.Field);
  protected com.fasterxml.jackson.databind.introspect.AnnotationMap[] _collectRelevantAnnotations(java.lang.annotation.Annotation[][]);
  protected com.fasterxml.jackson.databind.introspect.AnnotationMap _collectRelevantAnnotations(java.lang.annotation.Annotation[]);
  private void _addAnnotationsIfNotPresent(com.fasterxml.jackson.databind.introspect.AnnotationMap, java.lang.annotation.Annotation[]);
  private void _addAnnotationsIfNotPresent(com.fasterxml.jackson.databind.introspect.AnnotatedMember, java.lang.annotation.Annotation[]);
  private void _addOrOverrideAnnotations(com.fasterxml.jackson.databind.introspect.AnnotatedMember, java.lang.annotation.Annotation[]);
  protected void _addMixOvers(java.lang.reflect.Constructor<?>, com.fasterxml.jackson.databind.introspect.AnnotatedConstructor, boolean);
  protected void _addMixOvers(java.lang.reflect.Method, com.fasterxml.jackson.databind.introspect.AnnotatedMethod, boolean);
  protected void _addMixUnders(java.lang.reflect.Method, com.fasterxml.jackson.databind.introspect.AnnotatedMethod);
  private final boolean _isAnnotationBundle(java.lang.annotation.Annotation);
  public java.lang.String toString();
  public java.lang.reflect.AnnotatedElement getAnnotated();
  public com.fasterxml.jackson.databind.introspect.Annotated withAnnotations(com.fasterxml.jackson.databind.introspect.AnnotationMap);
  static {};
}
