test_lang_peer_bindings_and_missing_verdict_are_checked (scripts.study.api854.tests.test_joint_recipe_v10.JointV10Tests.test_lang_peer_bindings_and_missing_verdict_are_checked) ... ok
test_new_policy_accepts_only_exact_constructor_and_overload (scripts.study.api854.tests.test_joint_recipe_v10.JointV10Tests.test_new_policy_accepts_only_exact_constructor_and_overload) ... ok
test_all_four_consumers_get_identical_context_recipe_and_source_mapping (scripts.study.api854.tests.test_preparation_v10_development.DevelopmentV10Tests.test_all_four_consumers_get_identical_context_recipe_and_source_mapping) ... ok
test_changing_approval_flag_does_not_authorize_development_generation (scripts.study.api854.tests.test_preparation_v10_development.DevelopmentV10Tests.test_changing_approval_flag_does_not_authorize_development_generation) ... ok
test_omitting_factory_knowledge_from_rehashed_prompt_is_rejected (scripts.study.api854.tests.test_preparation_v10_development.DevelopmentV10Tests.test_omitting_factory_knowledge_from_rehashed_prompt_is_rejected) ... ok
test_reserve_worksheet_has_forty_actual_model_ids_and_no_token_claim (scripts.study.api854.tests.test_preparation_v10_development.DevelopmentV10Tests.test_reserve_worksheet_has_forty_actual_model_ids_and_no_token_claim) ... ok
test_v9_is_preserved_and_exactly_ten_accepted_signatures_are_added (scripts.study.api854.tests.test_preparation_v10_development.DevelopmentV10Tests.test_v9_is_preserved_and_exactly_ten_accepted_signatures_are_added) ... ok

----------------------------------------------------------------------
Ran 7 tests in 4.582s

OK
Traceback (most recent call last):
  File "D:\Projects\SQA_p\Project_SQA\output\api854-20261003\champ-v10-readiness-review-v1\received-runtime-adapter.py", line 29, in <module>
    require(result.wasSuccessful() and result.testsRun == 8 and not result.skipped, 'Focused received tests failed')
    ~~~~~~~^^^^^^^^^^^^^^^^^^^^^^^^^^^^^^^^^^^^^^^^^^^^^^^^^^^^^^^^^^^^^^^^^^^^^^^^^^^^^^^^^^^^^^^^^^^^^^^^^^^^^^^^^
  File "D:\Projects\SQA_p\Project_SQA\output\api854-20261003\champ-v10-readiness-review-v1\received-runtime-adapter.py", line 16, in <lambda>
    require = lambda ok, msg: None if ok else (_ for _ in ()).throw(ValueError(msg))
                                              ~~~~~~~~~~~~~~~~~~~~~^^^^^^^^^^^^^^^^^
  File "D:\Projects\SQA_p\Project_SQA\output\api854-20261003\champ-v10-readiness-review-v1\received-runtime-adapter.py", line 16, in <genexpr>
    require = lambda ok, msg: None if ok else (_ for _ in ()).throw(ValueError(msg))
ValueError: Focused received tests failed
