Extract test suite......................................................... OK
Running ant (compile.gen.tests)............................................ OK
Running ant (coverage.instrument).......................................... FAIL
Executed command:  cd /home/team/sqa-round2/worktrees/round2-solo-pilot-20261004/Jsoup-4/f && /home/team/sqa-round2/defects4j/major/bin/ant -f /home/team/sqa-round2/defects4j/framework/projects/defects4j.build.xml -Dd4j.home=/home/team/sqa-round2/defects4j -Dd4j.dir.projects=/home/team/sqa-round2/defects4j/framework/projects -Dbasedir=/home/team/sqa-round2/worktrees/round2-solo-pilot-20261004/Jsoup-4/f  coverage.instrument 2>&1
Buildfile: /home/team/sqa-round2/defects4j/framework/projects/defects4j.build.xml

test-offline:

get-deps:

jsoup-from-maven.compile:
    [javac] /home/team/sqa-round2/worktrees/round2-solo-pilot-20261004/Jsoup-4/f/maven-build.xml:74: warning: 'includeantruntime' was not set, defaulting to build.sysclasspath=last; set to false for repeatable builds

compile:

check.classes.uptodate:

reset.cobertura.ser:

coverage.instrument:
   [delete] Deleting directory /home/team/sqa-round2/worktrees/round2-solo-pilot-20261004/Jsoup-4/f/.classes_instrumented
[cobertura-instrument] Cobertura 2.0.3 - GNU GPL License (NO WARRANTY) - See COPYRIGHT file
[cobertura-instrument] WARN   instrumentClass, Unable to instrument file /home/team/sqa-round2/worktrees/round2-solo-pilot-20261004/Jsoup-4/f/target/classes/org/jsoup/nodes/Entities.class
[cobertura-instrument] java.lang.RuntimeException: Method code too large!
[cobertura-instrument] 	at org.objectweb.asm.MethodWriter.a(Unknown Source)
[cobertura-instrument] 	at org.objectweb.asm.ClassWriter.toByteArray(Unknown Source)
[cobertura-instrument] 	at net.sourceforge.cobertura.instrument.CoberturaInstrumenter.instrumentClass(CoberturaInstrumenter.java:208)
[cobertura-instrument] 	at net.sourceforge.cobertura.instrument.CoberturaInstrumenter.instrumentClass(CoberturaInstrumenter.java:121)
[cobertura-instrument] 	at net.sourceforge.cobertura.instrument.CoberturaInstrumenter.addInstrumentationToSingleClass(CoberturaInstrumenter.java:234)
[cobertura-instrument] 	at net.sourceforge.cobertura.instrument.Main.addInstrumentationToSingleClass(Main.java:298)
[cobertura-instrument] 	at net.sourceforge.cobertura.instrument.Main.addInstrumentation(Main.java:307)
[cobertura-instrument] 	at net.sourceforge.cobertura.instrument.Main.parseArguments(Main.java:399)
[cobertura-instrument] 	at net.sourceforge.cobertura.instrument.Main.main(Main.java:421)
[cobertura-instrument] Exception in thread "main" java.lang.RuntimeException: Warning detected and failOnError is true
[cobertura-instrument] 	at net.sourceforge.cobertura.instrument.CoberturaInstrumenter.instrumentClass(CoberturaInstrumenter.java:126)
[cobertura-instrument] 	at net.sourceforge.cobertura.instrument.CoberturaInstrumenter.addInstrumentationToSingleClass(CoberturaInstrumenter.java:234)
[cobertura-instrument] 	at net.sourceforge.cobertura.instrument.Main.addInstrumentationToSingleClass(Main.java:298)
[cobertura-instrument] 	at net.sourceforge.cobertura.instrument.Main.addInstrumentation(Main.java:307)
[cobertura-instrument] 	at net.sourceforge.cobertura.instrument.Main.parseArguments(Main.java:399)
[cobertura-instrument] 	at net.sourceforge.cobertura.instrument.Main.main(Main.java:421)
[cobertura-instrument] Caused by: java.lang.RuntimeException: Method code too large!
[cobertura-instrument] 	at org.objectweb.asm.MethodWriter.a(Unknown Source)
[cobertura-instrument] 	at org.objectweb.asm.ClassWriter.toByteArray(Unknown Source)
[cobertura-instrument] 	at net.sourceforge.cobertura.instrument.CoberturaInstrumenter.instrumentClass(CoberturaInstrumenter.java:208)
[cobertura-instrument] 	at net.sourceforge.cobertura.instrument.CoberturaInstrumenter.instrumentClass(CoberturaInstrumenter.java:121)
[cobertura-instrument] 	... 5 more

BUILD FAILED
/home/team/sqa-round2/defects4j/framework/projects/defects4j.build.xml:340: Error instrumenting classes. See messages above.

Total time: 1 second
Couldn't obtain coverage results! at /home/team/sqa-round2/defects4j/framework/bin/d4j/d4j-coverage line 153.
Compilation failed in require at /home/team/sqa-round2/defects4j/framework/bin/defects4j line 195.
