{"method_entry":true,"case":"empty_iso_offset","class":"org.joda.time.Partial","method":"<init>","descriptor":"(Lorg/joda/time/Chronology;)V","source_line":123}
{"method_entry":true,"case":"empty_null","class":"org.joda.time.Partial","method":"<init>","descriptor":"(Lorg/joda/time/Chronology;)V","source_line":123}
{"method_entry":true,"case":"single_hour_iso","class":"org.joda.time.Partial","method":"<init>","descriptor":"(Lorg/joda/time/DateTimeFieldType;ILorg/joda/time/Chronology;)V","source_line":153}
{"method_entry":true,"case":"single_hour_iso","class":"org.joda.time.Partial","method":"getField","descriptor":"(ILorg/joda/time/Chronology;)Lorg/joda/time/DateTimeField;","source_line":335}
{"method_entry":true,"case":"single_hour_iso","class":"org.joda.time.Partial","method":"getField","descriptor":"(ILorg/joda/time/Chronology;)Lorg/joda/time/DateTimeField;","source_line":335}
{"method_entry":true,"case":"single_invalid_hour","class":"org.joda.time.Partial","method":"<init>","descriptor":"(Lorg/joda/time/DateTimeFieldType;ILorg/joda/time/Chronology;)V","source_line":153}
{"method_entry":true,"case":"single_invalid_hour","class":"org.joda.time.Partial","method":"getField","descriptor":"(ILorg/joda/time/Chronology;)Lorg/joda/time/DateTimeField;","source_line":335}
{"method_entry":true,"case":"arrays_leap_iso","class":"org.joda.time.Partial","method":"<init>","descriptor":"([Lorg/joda/time/DateTimeFieldType;[ILorg/joda/time/Chronology;)V","source_line":190}
{"method_entry":true,"case":"arrays_leap_iso","class":"org.joda.time.Partial","method":"getField","descriptor":"(ILorg/joda/time/Chronology;)Lorg/joda/time/DateTimeField;","source_line":335}
{"method_entry":true,"case":"arrays_leap_iso","class":"org.joda.time.Partial","method":"getField","descriptor":"(ILorg/joda/time/Chronology;)Lorg/joda/time/DateTimeField;","source_line":335}
{"method_entry":true,"case":"arrays_leap_iso","class":"org.joda.time.Partial","method":"getField","descriptor":"(ILorg/joda/time/Chronology;)Lorg/joda/time/DateTimeField;","source_line":335}
{"method_entry":true,"case":"arrays_leap_iso","class":"org.joda.time.Partial","method":"getField","descriptor":"(ILorg/joda/time/Chronology;)Lorg/joda/time/DateTimeField;","source_line":335}
{"method_entry":true,"case":"arrays_leap_iso","class":"org.joda.time.Partial","method":"getField","descriptor":"(ILorg/joda/time/Chronology;)Lorg/joda/time/DateTimeField;","source_line":335}
{"method_entry":true,"case":"arrays_leap_iso","class":"org.joda.time.Partial","method":"getField","descriptor":"(ILorg/joda/time/Chronology;)Lorg/joda/time/DateTimeField;","source_line":335}
{"method_entry":true,"case":"arrays_invalid_date","class":"org.joda.time.Partial","method":"<init>","descriptor":"([Lorg/joda/time/DateTimeFieldType;[ILorg/joda/time/Chronology;)V","source_line":190}
{"method_entry":true,"case":"arrays_invalid_date","class":"org.joda.time.Partial","method":"getField","descriptor":"(ILorg/joda/time/Chronology;)Lorg/joda/time/DateTimeField;","source_line":335}
{"method_entry":true,"case":"arrays_invalid_date","class":"org.joda.time.Partial","method":"getField","descriptor":"(ILorg/joda/time/Chronology;)Lorg/joda/time/DateTimeField;","source_line":335}
{"method_entry":true,"case":"arrays_invalid_date","class":"org.joda.time.Partial","method":"getField","descriptor":"(ILorg/joda/time/Chronology;)Lorg/joda/time/DateTimeField;","source_line":335}
{"method_entry":true,"case":"arrays_invalid_date","class":"org.joda.time.Partial","method":"getField","descriptor":"(ILorg/joda/time/Chronology;)Lorg/joda/time/DateTimeField;","source_line":335}
{"method_entry":true,"case":"arrays_invalid_date","class":"org.joda.time.Partial","method":"getField","descriptor":"(ILorg/joda/time/Chronology;)Lorg/joda/time/DateTimeField;","source_line":335}
{"method_entry":true,"case":"arrays_invalid_date","class":"org.joda.time.Partial","method":"getField","descriptor":"(ILorg/joda/time/Chronology;)Lorg/joda/time/DateTimeField;","source_line":335}
{"method_entry":true,"case":"arrays_bad_order","class":"org.joda.time.Partial","method":"<init>","descriptor":"([Lorg/joda/time/DateTimeFieldType;[ILorg/joda/time/Chronology;)V","source_line":190}
{"method_entry":true,"case":"arrays_bad_order","class":"org.joda.time.Partial","method":"getField","descriptor":"(ILorg/joda/time/Chronology;)Lorg/joda/time/DateTimeField;","source_line":335}
{"method_entry":true,"case":"arrays_bad_order","class":"org.joda.time.Partial","method":"getField","descriptor":"(ILorg/joda/time/Chronology;)Lorg/joda/time/DateTimeField;","source_line":335}
{"method_entry":true,"case":"arrays_bad_order","class":"org.joda.time.Partial","method":"getField","descriptor":"(ILorg/joda/time/Chronology;)Lorg/joda/time/DateTimeField;","source_line":335}
{"method_entry":true,"case":"arrays_bad_order","class":"org.joda.time.Partial","method":"getField","descriptor":"(ILorg/joda/time/Chronology;)Lorg/joda/time/DateTimeField;","source_line":335}
{"method_entry":true,"case":"arrays_bad_order","class":"org.joda.time.Partial","method":"getField","descriptor":"(ILorg/joda/time/Chronology;)Lorg/joda/time/DateTimeField;","source_line":335}
{"method_entry":true,"case":"arrays_bad_order","class":"org.joda.time.Partial","method":"getField","descriptor":"(ILorg/joda/time/Chronology;)Lorg/joda/time/DateTimeField;","source_line":335}
{"method_entry":true,"case":"internal_iso","class":"org.joda.time.Partial","method":"<init>","descriptor":"(Lorg/joda/time/Chronology;[Lorg/joda/time/DateTimeFieldType;[I)V","source_line":298}
{"method_entry":true,"case":"getfield_buddhist","class":"org.joda.time.Partial","method":"getField","descriptor":"(ILorg/joda/time/Chronology;)Lorg/joda/time/DateTimeField;","source_line":335}
{"method_entry":true,"case":"getfield_bad_index","class":"org.joda.time.Partial","method":"getField","descriptor":"(ILorg/joda/time/Chronology;)Lorg/joda/time/DateTimeField;","source_line":335}
{"method_entry":true,"case":"withchrono_buddhist","class":"org.joda.time.Partial","method":"withChronologyRetainFields","descriptor":"(Lorg/joda/time/Chronology;)Lorg/joda/time/Partial;","source_line":402}
{"method_entry":true,"case":"withchrono_buddhist","class":"org.joda.time.Partial","method":"<init>","descriptor":"(Lorg/joda/time/Chronology;[Lorg/joda/time/DateTimeFieldType;[I)V","source_line":298}
{"method_entry":true,"case":"withchrono_buddhist","class":"org.joda.time.Partial","method":"getField","descriptor":"(ILorg/joda/time/Chronology;)Lorg/joda/time/DateTimeField;","source_line":335}
{"method_entry":true,"case":"withchrono_buddhist","class":"org.joda.time.Partial","method":"getField","descriptor":"(ILorg/joda/time/Chronology;)Lorg/joda/time/DateTimeField;","source_line":335}
{"method_entry":true,"case":"withchrono_same","class":"org.joda.time.Partial","method":"withChronologyRetainFields","descriptor":"(Lorg/joda/time/Chronology;)Lorg/joda/time/Partial;","source_line":402}
{"method_entry":true,"case":"withchrono_null","class":"org.joda.time.Partial","method":"withChronologyRetainFields","descriptor":"(Lorg/joda/time/Chronology;)Lorg/joda/time/Partial;","source_line":402}
{"method_entry":true,"case":"withchrono_null","class":"org.joda.time.Partial","method":"<init>","descriptor":"(Lorg/joda/time/Chronology;[Lorg/joda/time/DateTimeFieldType;[I)V","source_line":298}
{"method_entry":true,"case":"withchrono_null","class":"org.joda.time.Partial","method":"getField","descriptor":"(ILorg/joda/time/Chronology;)Lorg/joda/time/DateTimeField;","source_line":335}
{"method_entry":true,"case":"withchrono_null","class":"org.joda.time.Partial","method":"getField","descriptor":"(ILorg/joda/time/Chronology;)Lorg/joda/time/DateTimeField;","source_line":335}
{"case":"empty_iso_offset","target_invoked":true,"passed":true,"fixture_error":null,"outcome_b64":"cGFydGlhbDpvcmcuam9kYS50aW1lLmNocm9uby5JU09DaHJvbm9sb2d5OlVUQzp0eXBlcz1bXTp2YWx1ZXM9W106bmFtZWQ9dHJ1ZQ=="}
{"case":"empty_null","target_invoked":true,"passed":true,"fixture_error":null,"outcome_b64":"cGFydGlhbDpvcmcuam9kYS50aW1lLmNocm9uby5JU09DaHJvbm9sb2d5OlVUQzp0eXBlcz1bXTp2YWx1ZXM9W106bmFtZWQ9dHJ1ZQ=="}
{"case":"single_hour_iso","target_invoked":true,"passed":true,"fixture_error":null,"outcome_b64":"cGFydGlhbDpvcmcuam9kYS50aW1lLmNocm9uby5JU09DaHJvbm9sb2d5OlVUQzp0eXBlcz1baG91ck9mRGF5XTp2YWx1ZXM9WzEwXTpuYW1lZD10cnVl"}
{"case":"single_invalid_hour","target_invoked":true,"passed":true,"fixture_error":null,"outcome_b64":"ZXhjZXB0aW9uOm9yZy5qb2RhLnRpbWUuSWxsZWdhbEZpZWxkVmFsdWVFeGNlcHRpb24="}
{"case":"arrays_leap_iso","target_invoked":true,"passed":true,"fixture_error":null,"outcome_b64":"cGFydGlhbDpvcmcuam9kYS50aW1lLmNocm9uby5JU09DaHJvbm9sb2d5OlVUQzp0eXBlcz1beWVhciwgbW9udGhPZlllYXIsIGRheU9mTW9udGhdOnZhbHVlcz1bMjAyNCwgMiwgMjldOm5hbWVkPXRydWU6aW5wdXQtY29weT10cnVlOm91dHB1dC1jb3B5PXRydWU="}
{"case":"arrays_invalid_date","target_invoked":true,"passed":true,"fixture_error":null,"outcome_b64":"ZXhjZXB0aW9uOm9yZy5qb2RhLnRpbWUuSWxsZWdhbEZpZWxkVmFsdWVFeGNlcHRpb24="}
{"case":"arrays_bad_order","target_invoked":true,"passed":false,"fixture_error":null,"outcome_b64":"cGFydGlhbDpvcmcuam9kYS50aW1lLmNocm9uby5JU09DaHJvbm9sb2d5OlVUQzp0eXBlcz1beWVhciwgZGF5T2ZNb250aCwgZXJhXTp2YWx1ZXM9WzEsIDEsIDFdOm5hbWVkPXRydWU="}
{"case":"internal_iso","target_invoked":true,"passed":true,"fixture_error":null,"outcome_b64":"cGFydGlhbDpvcmcuam9kYS50aW1lLmNocm9uby5JU09DaHJvbm9sb2d5OlVUQzp0eXBlcz1beWVhciwgbW9udGhPZlllYXIsIGRheU9mTW9udGhdOnZhbHVlcz1bMjAyNCwgMiwgMjldOm5hbWVkPXRydWU="}
{"case":"getfield_buddhist","target_invoked":true,"passed":true,"fixture_error":null,"outcome_b64":"ZmllbGQ6eWVhcjplcG9jaD0yNTEzOnN1cHBsaWVkLWlkZW50aXR5PXRydWU6dHlwZS15ZWFyPXRydWV8cmVjZWl2ZXI9cGFydGlhbDpvcmcuam9kYS50aW1lLmNocm9uby5JU09DaHJvbm9sb2d5OlVUQzp0eXBlcz1beWVhcl06dmFsdWVzPVsyMDI0XTpuYW1lZD10cnVlOnVuY2hhbmdlZD10cnVl"}
{"case":"getfield_bad_index","target_invoked":true,"passed":true,"fixture_error":null,"outcome_b64":"ZXhjZXB0aW9uOmphdmEubGFuZy5BcnJheUluZGV4T3V0T2ZCb3VuZHNFeGNlcHRpb258cmVjZWl2ZXI9cGFydGlhbDpvcmcuam9kYS50aW1lLmNocm9uby5JU09DaHJvbm9sb2d5OlVUQzp0eXBlcz1beWVhcl06dmFsdWVzPVsyMDI0XTpuYW1lZD10cnVlOnVuY2hhbmdlZD10cnVl"}
{"case":"withchrono_buddhist","target_invoked":true,"passed":true,"fixture_error":null,"outcome_b64":"cGFydGlhbDpvcmcuam9kYS50aW1lLmNocm9uby5CdWRkaGlzdENocm9ub2xvZ3k6VVRDOnR5cGVzPVtob3VyT2ZEYXldOnZhbHVlcz1bMTBdOm5hbWVkPXRydWU6c2FtZT1mYWxzZXxyZWNlaXZlcj1wYXJ0aWFsOm9yZy5qb2RhLnRpbWUuY2hyb25vLklTT0Nocm9ub2xvZ3k6VVRDOnR5cGVzPVtob3VyT2ZEYXldOnZhbHVlcz1bMTBdOm5hbWVkPXRydWU6dW5jaGFuZ2VkPXRydWU="}
{"case":"withchrono_same","target_invoked":true,"passed":true,"fixture_error":null,"outcome_b64":"cGFydGlhbDpvcmcuam9kYS50aW1lLmNocm9uby5JU09DaHJvbm9sb2d5OlVUQzp0eXBlcz1baG91ck9mRGF5XTp2YWx1ZXM9WzEwXTpuYW1lZD10cnVlOnNhbWU9dHJ1ZXxyZWNlaXZlcj1wYXJ0aWFsOm9yZy5qb2RhLnRpbWUuY2hyb25vLklTT0Nocm9ub2xvZ3k6VVRDOnR5cGVzPVtob3VyT2ZEYXldOnZhbHVlcz1bMTBdOm5hbWVkPXRydWU6dW5jaGFuZ2VkPXRydWU="}
{"case":"withchrono_null","target_invoked":true,"passed":true,"fixture_error":null,"outcome_b64":"cGFydGlhbDpvcmcuam9kYS50aW1lLmNocm9uby5JU09DaHJvbm9sb2d5OlVUQzp0eXBlcz1baG91ck9mRGF5XTp2YWx1ZXM9WzEwXTpuYW1lZD10cnVlOnNhbWU9ZmFsc2V8cmVjZWl2ZXI9cGFydGlhbDpvcmcuam9kYS50aW1lLmNocm9uby5CdWRkaGlzdENocm9ub2xvZ3k6VVRDOnR5cGVzPVtob3VyT2ZEYXldOnZhbHVlcz1bMTBdOm5hbWVkPXRydWU6dW5jaGFuZ2VkPXRydWU="}
{"trace_summary":true,"method_entries":40,"debuggee_exit_code":1}
