Compiled from "CSVFormat.java"
public final class org.apache.commons.csv.CSVFormat implements java.io.Serializable {
  private static final long serialVersionUID;
  private final char delimiter;
  private final java.lang.Character quoteChar;
  private final org.apache.commons.csv.Quote quotePolicy;
  private final java.lang.Character commentStart;
  private final java.lang.Character escape;
  private final boolean ignoreSurroundingSpaces;
  private final boolean ignoreEmptyLines;
  private final java.lang.String recordSeparator;
  private final java.lang.String nullString;
  private final java.lang.String[] header;
  private final boolean skipHeaderRecord;
  public static final org.apache.commons.csv.CSVFormat DEFAULT;
  public static final org.apache.commons.csv.CSVFormat RFC4180;
  public static final org.apache.commons.csv.CSVFormat EXCEL;
  public static final org.apache.commons.csv.CSVFormat TDF;
  public static final org.apache.commons.csv.CSVFormat MYSQL;
  private static boolean isLineBreak(char);
  private static boolean isLineBreak(java.lang.Character);
  public static org.apache.commons.csv.CSVFormat newFormat(char);
  private org.apache.commons.csv.CSVFormat(char, java.lang.Character, org.apache.commons.csv.Quote, java.lang.Character, java.lang.Character, boolean, boolean, java.lang.String, java.lang.String, java.lang.String[], boolean);
  public boolean equals(java.lang.Object);
  public java.lang.String format(java.lang.Object...);
  public java.lang.Character getCommentStart();
  public char getDelimiter();
  public java.lang.Character getEscape();
  public java.lang.String[] getHeader();
  public boolean getIgnoreEmptyLines();
  public boolean getIgnoreSurroundingSpaces();
  public java.lang.String getNullString();
  public java.lang.Character getQuoteChar();
  public org.apache.commons.csv.Quote getQuotePolicy();
  public java.lang.String getRecordSeparator();
  public boolean getSkipHeaderRecord();
  public int hashCode();
  public boolean isCommentingEnabled();
  public boolean isEscaping();
  public boolean isNullHandling();
  public boolean isQuoting();
  public org.apache.commons.csv.CSVParser parse(java.io.Reader) throws java.io.IOException;
  public java.lang.String toString();
  void validate() throws java.lang.IllegalStateException;
  public org.apache.commons.csv.CSVFormat withCommentStart(char);
  public org.apache.commons.csv.CSVFormat withCommentStart(java.lang.Character);
  public org.apache.commons.csv.CSVFormat withDelimiter(char);
  public org.apache.commons.csv.CSVFormat withEscape(char);
  public org.apache.commons.csv.CSVFormat withEscape(java.lang.Character);
  public org.apache.commons.csv.CSVFormat withHeader(java.lang.String...);
  public org.apache.commons.csv.CSVFormat withIgnoreEmptyLines(boolean);
  public org.apache.commons.csv.CSVFormat withIgnoreSurroundingSpaces(boolean);
  public org.apache.commons.csv.CSVFormat withNullString(java.lang.String);
  public org.apache.commons.csv.CSVFormat withQuoteChar(char);
  public org.apache.commons.csv.CSVFormat withQuoteChar(java.lang.Character);
  public org.apache.commons.csv.CSVFormat withQuotePolicy(org.apache.commons.csv.Quote);
  public org.apache.commons.csv.CSVFormat withRecordSeparator(char);
  public org.apache.commons.csv.CSVFormat withRecordSeparator(java.lang.String);
  public org.apache.commons.csv.CSVFormat withSkipHeaderRecord(boolean);
  static {};
}
