Compiled from "Node.java"
public abstract class org.jsoup.nodes.Node {
  org.jsoup.nodes.Node parentNode;
  java.util.List<org.jsoup.nodes.Node> childNodes;
  org.jsoup.nodes.Attributes attributes;
  java.lang.String baseUri;
  int siblingIndex;
  protected org.jsoup.nodes.Node(java.lang.String, org.jsoup.nodes.Attributes);
  protected org.jsoup.nodes.Node(java.lang.String);
  protected org.jsoup.nodes.Node();
  public abstract java.lang.String nodeName();
  public java.lang.String attr(java.lang.String);
  public org.jsoup.nodes.Attributes attributes();
  public org.jsoup.nodes.Node attr(java.lang.String, java.lang.String);
  public boolean hasAttr(java.lang.String);
  public org.jsoup.nodes.Node removeAttr(java.lang.String);
  public java.lang.String baseUri();
  public void setBaseUri(java.lang.String);
  public java.lang.String absUrl(java.lang.String);
  public org.jsoup.nodes.Node childNode(int);
  public java.util.List<org.jsoup.nodes.Node> childNodes();
  protected org.jsoup.nodes.Node[] childNodesAsArray();
  public org.jsoup.nodes.Node parent();
  public org.jsoup.nodes.Document ownerDocument();
  public void remove();
  public void replaceWith(org.jsoup.nodes.Node);
  protected void setParentNode(org.jsoup.nodes.Node);
  protected void replaceChild(org.jsoup.nodes.Node, org.jsoup.nodes.Node);
  protected void removeChild(org.jsoup.nodes.Node);
  protected void addChildren(org.jsoup.nodes.Node...);
  protected void addChildren(int, org.jsoup.nodes.Node...);
  private void reparentChild(org.jsoup.nodes.Node);
  private void reindexChildren();
  public java.util.List<org.jsoup.nodes.Node> siblingNodes();
  public org.jsoup.nodes.Node nextSibling();
  public org.jsoup.nodes.Node previousSibling();
  public java.lang.Integer siblingIndex();
  protected void setSiblingIndex(int);
  public java.lang.String outerHtml();
  protected void outerHtml(java.lang.StringBuilder);
  abstract void outerHtmlHead(java.lang.StringBuilder, int, org.jsoup.nodes.Document$OutputSettings);
  abstract void outerHtmlTail(java.lang.StringBuilder, int, org.jsoup.nodes.Document$OutputSettings);
  public java.lang.String toString();
  protected void indent(java.lang.StringBuilder, int, org.jsoup.nodes.Document$OutputSettings);
  public boolean equals(java.lang.Object);
  public int hashCode();
}
