Compiled from "DatasetUtilities.java"
public final class org.jfree.data.general.DatasetUtilities {
  private org.jfree.data.general.DatasetUtilities();
  public static double calculatePieDatasetTotal(org.jfree.data.pie.PieDataset);
  public static org.jfree.data.pie.PieDataset createPieDatasetForRow(org.jfree.data.category.CategoryDataset, java.lang.Comparable);
  public static org.jfree.data.pie.PieDataset createPieDatasetForRow(org.jfree.data.category.CategoryDataset, int);
  public static org.jfree.data.pie.PieDataset createPieDatasetForColumn(org.jfree.data.category.CategoryDataset, java.lang.Comparable);
  public static org.jfree.data.pie.PieDataset createPieDatasetForColumn(org.jfree.data.category.CategoryDataset, int);
  public static org.jfree.data.pie.PieDataset createConsolidatedPieDataset(org.jfree.data.pie.PieDataset, java.lang.Comparable, double);
  public static org.jfree.data.pie.PieDataset createConsolidatedPieDataset(org.jfree.data.pie.PieDataset, java.lang.Comparable, double, int);
  public static org.jfree.data.category.CategoryDataset createCategoryDataset(java.lang.String, java.lang.String, double[][]);
  public static org.jfree.data.category.CategoryDataset createCategoryDataset(java.lang.String, java.lang.String, java.lang.Number[][]);
  public static org.jfree.data.category.CategoryDataset createCategoryDataset(java.lang.Comparable[], java.lang.Comparable[], double[][]);
  public static org.jfree.data.category.CategoryDataset createCategoryDataset(java.lang.Comparable, org.jfree.data.KeyedValues);
  public static org.jfree.data.xy.XYDataset sampleFunction2D(org.jfree.data.function.Function2D, double, double, int, java.lang.Comparable);
  public static org.jfree.data.xy.XYSeries sampleFunction2DToSeries(org.jfree.data.function.Function2D, double, double, int, java.lang.Comparable);
  public static boolean isEmptyOrNull(org.jfree.data.pie.PieDataset);
  public static boolean isEmptyOrNull(org.jfree.data.category.CategoryDataset);
  public static boolean isEmptyOrNull(org.jfree.data.xy.XYDataset);
  public static org.jfree.data.Range findDomainBounds(org.jfree.data.xy.XYDataset);
  public static org.jfree.data.Range findDomainBounds(org.jfree.data.xy.XYDataset, boolean);
  public static org.jfree.data.Range findDomainBounds(org.jfree.data.xy.XYDataset, java.util.List, boolean);
  public static org.jfree.data.Range iterateDomainBounds(org.jfree.data.xy.XYDataset);
  public static org.jfree.data.Range iterateDomainBounds(org.jfree.data.xy.XYDataset, boolean);
  public static org.jfree.data.Range findRangeBounds(org.jfree.data.category.CategoryDataset);
  public static org.jfree.data.Range findRangeBounds(org.jfree.data.category.CategoryDataset, boolean);
  public static org.jfree.data.Range findRangeBounds(org.jfree.data.category.CategoryDataset, java.util.List, boolean);
  public static org.jfree.data.Range findRangeBounds(org.jfree.data.xy.XYDataset);
  public static org.jfree.data.Range findRangeBounds(org.jfree.data.xy.XYDataset, boolean);
  public static org.jfree.data.Range findRangeBounds(org.jfree.data.xy.XYDataset, java.util.List, org.jfree.data.Range, boolean);
  public static org.jfree.data.Range iterateCategoryRangeBounds(org.jfree.data.category.CategoryDataset, boolean);
  public static org.jfree.data.Range iterateRangeBounds(org.jfree.data.category.CategoryDataset);
  public static org.jfree.data.Range iterateRangeBounds(org.jfree.data.category.CategoryDataset, boolean);
  public static org.jfree.data.Range iterateToFindRangeBounds(org.jfree.data.category.CategoryDataset, java.util.List, boolean);
  public static org.jfree.data.Range iterateXYRangeBounds(org.jfree.data.xy.XYDataset);
  public static org.jfree.data.Range iterateRangeBounds(org.jfree.data.xy.XYDataset);
  public static org.jfree.data.Range iterateRangeBounds(org.jfree.data.xy.XYDataset, boolean);
  public static org.jfree.data.Range iterateToFindDomainBounds(org.jfree.data.xy.XYDataset, java.util.List, boolean);
  public static org.jfree.data.Range iterateToFindRangeBounds(org.jfree.data.xy.XYDataset, java.util.List, org.jfree.data.Range, boolean);
  public static java.lang.Number findMinimumDomainValue(org.jfree.data.xy.XYDataset);
  public static java.lang.Number findMaximumDomainValue(org.jfree.data.xy.XYDataset);
  public static java.lang.Number findMinimumRangeValue(org.jfree.data.category.CategoryDataset);
  public static java.lang.Number findMinimumRangeValue(org.jfree.data.xy.XYDataset);
  public static java.lang.Number findMaximumRangeValue(org.jfree.data.category.CategoryDataset);
  public static java.lang.Number findMaximumRangeValue(org.jfree.data.xy.XYDataset);
  public static org.jfree.data.Range findStackedRangeBounds(org.jfree.data.category.CategoryDataset);
  public static org.jfree.data.Range findStackedRangeBounds(org.jfree.data.category.CategoryDataset, double);
  public static org.jfree.data.Range findStackedRangeBounds(org.jfree.data.category.CategoryDataset, org.jfree.data.KeyToGroupMap);
  public static java.lang.Number findMinimumStackedRangeValue(org.jfree.data.category.CategoryDataset);
  public static java.lang.Number findMaximumStackedRangeValue(org.jfree.data.category.CategoryDataset);
  public static org.jfree.data.Range findStackedRangeBounds(org.jfree.data.xy.TableXYDataset);
  public static org.jfree.data.Range findStackedRangeBounds(org.jfree.data.xy.TableXYDataset, double);
  public static double calculateStackTotal(org.jfree.data.xy.TableXYDataset, int);
  public static org.jfree.data.Range findCumulativeRangeBounds(org.jfree.data.category.CategoryDataset);
}
