Compiled from "CollectionUtils.java"
public class org.apache.commons.collections.CollectionUtils {
  private static java.lang.Integer INTEGER_ONE;
  public static final java.util.Collection EMPTY_COLLECTION;
  public org.apache.commons.collections.CollectionUtils();
  public static java.util.Collection union(java.util.Collection, java.util.Collection);
  public static java.util.Collection intersection(java.util.Collection, java.util.Collection);
  public static java.util.Collection disjunction(java.util.Collection, java.util.Collection);
  public static java.util.Collection subtract(java.util.Collection, java.util.Collection);
  public static boolean containsAny(java.util.Collection, java.util.Collection);
  public static java.util.Map getCardinalityMap(java.util.Collection);
  public static boolean isSubCollection(java.util.Collection, java.util.Collection);
  public static boolean isProperSubCollection(java.util.Collection, java.util.Collection);
  public static boolean isEqualCollection(java.util.Collection, java.util.Collection);
  public static int cardinality(java.lang.Object, java.util.Collection);
  public static java.lang.Object find(java.util.Collection, org.apache.commons.collections.Predicate);
  public static void forAllDo(java.util.Collection, org.apache.commons.collections.Closure);
  public static void filter(java.util.Collection, org.apache.commons.collections.Predicate);
  public static void transform(java.util.Collection, org.apache.commons.collections.Transformer);
  public static int countMatches(java.util.Collection, org.apache.commons.collections.Predicate);
  public static boolean exists(java.util.Collection, org.apache.commons.collections.Predicate);
  public static java.util.Collection select(java.util.Collection, org.apache.commons.collections.Predicate);
  public static void select(java.util.Collection, org.apache.commons.collections.Predicate, java.util.Collection);
  public static java.util.Collection selectRejected(java.util.Collection, org.apache.commons.collections.Predicate);
  public static void selectRejected(java.util.Collection, org.apache.commons.collections.Predicate, java.util.Collection);
  public static java.util.Collection collect(java.util.Collection, org.apache.commons.collections.Transformer);
  public static java.util.Collection collect(java.util.Iterator, org.apache.commons.collections.Transformer);
  public static java.util.Collection collect(java.util.Collection, org.apache.commons.collections.Transformer, java.util.Collection);
  public static java.util.Collection collect(java.util.Iterator, org.apache.commons.collections.Transformer, java.util.Collection);
  public static boolean addIgnoreNull(java.util.Collection, java.lang.Object);
  public static void addAll(java.util.Collection, java.util.Iterator);
  public static void addAll(java.util.Collection, java.util.Enumeration);
  public static void addAll(java.util.Collection, java.lang.Object[]);
  public static java.lang.Object index(java.lang.Object, int);
  public static java.lang.Object index(java.lang.Object, java.lang.Object);
  private static java.lang.Object index(java.util.Iterator, int);
  public static java.lang.Object get(java.lang.Object, int);
  public static int size(java.lang.Object);
  public static boolean sizeIsEmpty(java.lang.Object);
  public static boolean isEmpty(java.util.Collection);
  public static boolean isNotEmpty(java.util.Collection);
  public static void reverseArray(java.lang.Object[]);
  private static final int getFreq(java.lang.Object, java.util.Map);
  public static boolean isFull(java.util.Collection);
  public static int maxSize(java.util.Collection);
  public static java.util.Collection retainAll(java.util.Collection, java.util.Collection);
  public static java.util.Collection removeAll(java.util.Collection, java.util.Collection);
  public static java.util.Collection synchronizedCollection(java.util.Collection);
  public static java.util.Collection unmodifiableCollection(java.util.Collection);
  public static java.util.Collection predicatedCollection(java.util.Collection, org.apache.commons.collections.Predicate);
  public static java.util.Collection typedCollection(java.util.Collection, java.lang.Class);
  public static java.util.Collection transformedCollection(java.util.Collection, org.apache.commons.collections.Transformer);
  static {};
}
