{"method_entry":true,"case":"empty_iso_offset","class":"org.joda.time.Partial","method":"<init>","descriptor":"(Lorg/joda/time/Chronology;)V","source_line":123}
{"method_entry":true,"case":"empty_null","class":"org.joda.time.Partial","method":"<init>","descriptor":"(Lorg/joda/time/Chronology;)V","source_line":123}
{"method_entry":true,"case":"single_hour_iso","class":"org.joda.time.Partial","method":"<init>","descriptor":"(Lorg/joda/time/DateTimeFieldType;ILorg/joda/time/Chronology;)V","source_line":153}
{"method_entry":true,"case":"single_hour_iso","class":"org.joda.time.Partial","method":"getField","descriptor":"(ILorg/joda/time/Chronology;)Lorg/joda/time/DateTimeField;","source_line":335}
{"method_entry":true,"case":"single_hour_iso","class":"org.joda.time.Partial","method":"getField","descriptor":"(ILorg/joda/time/Chronology;)Lorg/joda/time/DateTimeField;","source_line":335}
{"method_entry":true,"case":"single_invalid_hour","class":"org.joda.time.Partial","method":"<init>","descriptor":"(Lorg/joda/time/DateTimeFieldType;ILorg/joda/time/Chronology;)V","source_line":153}
{"method_entry":true,"case":"single_invalid_hour","class":"org.joda.time.Partial","method":"getField","descriptor":"(ILorg/joda/time/Chronology;)Lorg/joda/time/DateTimeField;","source_line":335}
{"method_entry":true,"case":"arrays_leap_iso","class":"org.joda.time.Partial","method":"<init>","descriptor":"([Lorg/joda/time/DateTimeFieldType;[ILorg/joda/time/Chronology;)V","source_line":190}
{"method_entry":true,"case":"arrays_leap_iso","class":"org.joda.time.Partial","method":"getField","descriptor":"(ILorg/joda/time/Chronology;)Lorg/joda/time/DateTimeField;","source_line":335}
{"method_entry":true,"case":"arrays_leap_iso","class":"org.joda.time.Partial","method":"getField","descriptor":"(ILorg/joda/time/Chronology;)Lorg/joda/time/DateTimeField;","source_line":335}
{"method_entry":true,"case":"arrays_leap_iso","class":"org.joda.time.Partial","method":"getField","descriptor":"(ILorg/joda/time/Chronology;)Lorg/joda/time/DateTimeField;","source_line":335}
{"method_entry":true,"case":"arrays_leap_iso","class":"org.joda.time.Partial","method":"getField","descriptor":"(ILorg/joda/time/Chronology;)Lorg/joda/time/DateTimeField;","source_line":335}
{"method_entry":true,"case":"arrays_leap_iso","class":"org.joda.time.Partial","method":"getField","descriptor":"(ILorg/joda/time/Chronology;)Lorg/joda/time/DateTimeField;","source_line":335}
{"method_entry":true,"case":"arrays_leap_iso","class":"org.joda.time.Partial","method":"getField","descriptor":"(ILorg/joda/time/Chronology;)Lorg/joda/time/DateTimeField;","source_line":335}
{"method_entry":true,"case":"arrays_invalid_date","class":"org.joda.time.Partial","method":"<init>","descriptor":"([Lorg/joda/time/DateTimeFieldType;[ILorg/joda/time/Chronology;)V","source_line":190}
{"method_entry":true,"case":"arrays_invalid_date","class":"org.joda.time.Partial","method":"getField","descriptor":"(ILorg/joda/time/Chronology;)Lorg/joda/time/DateTimeField;","source_line":335}
{"method_entry":true,"case":"arrays_invalid_date","class":"org.joda.time.Partial","method":"getField","descriptor":"(ILorg/joda/time/Chronology;)Lorg/joda/time/DateTimeField;","source_line":335}
{"method_entry":true,"case":"arrays_invalid_date","class":"org.joda.time.Partial","method":"getField","descriptor":"(ILorg/joda/time/Chronology;)Lorg/joda/time/DateTimeField;","source_line":335}
{"method_entry":true,"case":"arrays_invalid_date","class":"org.joda.time.Partial","method":"getField","descriptor":"(ILorg/joda/time/Chronology;)Lorg/joda/time/DateTimeField;","source_line":335}
{"method_entry":true,"case":"arrays_invalid_date","class":"org.joda.time.Partial","method":"getField","descriptor":"(ILorg/joda/time/Chronology;)Lorg/joda/time/DateTimeField;","source_line":335}
{"method_entry":true,"case":"arrays_invalid_date","class":"org.joda.time.Partial","method":"getField","descriptor":"(ILorg/joda/time/Chronology;)Lorg/joda/time/DateTimeField;","source_line":335}
{"method_entry":true,"case":"arrays_bad_order","class":"org.joda.time.Partial","method":"<init>","descriptor":"([Lorg/joda/time/DateTimeFieldType;[ILorg/joda/time/Chronology;)V","source_line":190}
{"method_entry":true,"case":"arrays_bad_order","class":"org.joda.time.Partial","method":"getField","descriptor":"(ILorg/joda/time/Chronology;)Lorg/joda/time/DateTimeField;","source_line":335}
{"method_entry":true,"case":"arrays_bad_order","class":"org.joda.time.Partial","method":"getField","descriptor":"(ILorg/joda/time/Chronology;)Lorg/joda/time/DateTimeField;","source_line":335}
{"method_entry":true,"case":"arrays_bad_order","class":"org.joda.time.Partial","method":"getField","descriptor":"(ILorg/joda/time/Chronology;)Lorg/joda/time/DateTimeField;","source_line":335}
{"method_entry":true,"case":"arrays_bad_order","class":"org.joda.time.Partial","method":"getField","descriptor":"(ILorg/joda/time/Chronology;)Lorg/joda/time/DateTimeField;","source_line":335}
{"method_entry":true,"case":"arrays_bad_order","class":"org.joda.time.Partial","method":"getField","descriptor":"(ILorg/joda/time/Chronology;)Lorg/joda/time/DateTimeField;","source_line":335}
{"method_entry":true,"case":"arrays_bad_order","class":"org.joda.time.Partial","method":"getField","descriptor":"(ILorg/joda/time/Chronology;)Lorg/joda/time/DateTimeField;","source_line":335}
{"method_entry":true,"case":"internal_iso","class":"org.joda.time.Partial","method":"<init>","descriptor":"(Lorg/joda/time/Chronology;[Lorg/joda/time/DateTimeFieldType;[I)V","source_line":298}
{"method_entry":true,"case":"getfield_buddhist","class":"org.joda.time.Partial","method":"getField","descriptor":"(ILorg/joda/time/Chronology;)Lorg/joda/time/DateTimeField;","source_line":335}
{"method_entry":true,"case":"getfield_bad_index","class":"org.joda.time.Partial","method":"getField","descriptor":"(ILorg/joda/time/Chronology;)Lorg/joda/time/DateTimeField;","source_line":335}
{"method_entry":true,"case":"withchrono_buddhist","class":"org.joda.time.Partial","method":"withChronologyRetainFields","descriptor":"(Lorg/joda/time/Chronology;)Lorg/joda/time/Partial;","source_line":402}
{"method_entry":true,"case":"withchrono_buddhist","class":"org.joda.time.Partial","method":"<init>","descriptor":"(Lorg/joda/time/Chronology;[Lorg/joda/time/DateTimeFieldType;[I)V","source_line":298}
{"method_entry":true,"case":"withchrono_buddhist","class":"org.joda.time.Partial","method":"getField","descriptor":"(ILorg/joda/time/Chronology;)Lorg/joda/time/DateTimeField;","source_line":335}
{"method_entry":true,"case":"withchrono_buddhist","class":"org.joda.time.Partial","method":"getField","descriptor":"(ILorg/joda/time/Chronology;)Lorg/joda/time/DateTimeField;","source_line":335}
{"method_entry":true,"case":"withchrono_same","class":"org.joda.time.Partial","method":"withChronologyRetainFields","descriptor":"(Lorg/joda/time/Chronology;)Lorg/joda/time/Partial;","source_line":402}
{"method_entry":true,"case":"withchrono_null","class":"org.joda.time.Partial","method":"withChronologyRetainFields","descriptor":"(Lorg/joda/time/Chronology;)Lorg/joda/time/Partial;","source_line":402}
{"method_entry":true,"case":"withchrono_null","class":"org.joda.time.Partial","method":"<init>","descriptor":"(Lorg/joda/time/Chronology;[Lorg/joda/time/DateTimeFieldType;[I)V","source_line":298}
{"method_entry":true,"case":"withchrono_null","class":"org.joda.time.Partial","method":"getField","descriptor":"(ILorg/joda/time/Chronology;)Lorg/joda/time/DateTimeField;","source_line":335}
{"method_entry":true,"case":"withchrono_null","class":"org.joda.time.Partial","method":"getField","descriptor":"(ILorg/joda/time/Chronology;)Lorg/joda/time/DateTimeField;","source_line":335}
{"case":"empty_iso_offset","setup_succeeded":true,"target_check_passed":true,"observation":{"chronology":"org.joda.time.chrono.ISOChronology","zone":"UTC","types":[],"values":[]},"failure_class":null,"failure_reason":null}
{"case":"empty_null","setup_succeeded":true,"target_check_passed":true,"observation":{"chronology":"org.joda.time.chrono.ISOChronology","zone":"UTC","types":[],"values":[]},"failure_class":null,"failure_reason":null}
{"case":"single_hour_iso","setup_succeeded":true,"target_check_passed":true,"observation":{"chronology":"org.joda.time.chrono.ISOChronology","zone":"UTC","types":["hourOfDay"],"values":[10]},"failure_class":null,"failure_reason":null}
{"case":"single_invalid_hour","setup_succeeded":true,"target_check_passed":true,"observation":{"rejected":true,"exception":"org.joda.time.IllegalFieldValueException"},"failure_class":null,"failure_reason":null}
{"case":"arrays_leap_iso","setup_succeeded":true,"target_check_passed":true,"observation":{"chronology":"org.joda.time.chrono.ISOChronology","zone":"UTC","types":["year","monthOfYear","dayOfMonth"],"values":[2024, 2, 29]},"failure_class":null,"failure_reason":null}
{"case":"arrays_invalid_date","setup_succeeded":true,"target_check_passed":true,"observation":{"rejected":true,"exception":"org.joda.time.IllegalFieldValueException"},"failure_class":null,"failure_reason":null}
{"case":"arrays_bad_order","setup_succeeded":true,"target_check_passed":false,"observation":{"rejected":false,"exception":null},"failure_class":"java.lang.AssertionError","failure_reason":"Expected rejection: java.lang.IllegalArgumentException"}
{"case":"internal_iso","setup_succeeded":true,"target_check_passed":true,"observation":{"chronology":"org.joda.time.chrono.ISOChronology","zone":"UTC","types":["year","monthOfYear","dayOfMonth"],"values":[2024, 2, 29]},"failure_class":null,"failure_reason":null}
{"case":"getfield_buddhist","setup_succeeded":true,"target_check_passed":true,"observation":{"field":"year","epoch_year":2513,"receiver":{"chronology":"org.joda.time.chrono.ISOChronology","zone":"UTC","types":["year"],"values":[2024]}},"failure_class":null,"failure_reason":null}
{"case":"getfield_bad_index","setup_succeeded":true,"target_check_passed":true,"observation":{"rejected":true,"exception":"java.lang.ArrayIndexOutOfBoundsException"},"failure_class":null,"failure_reason":null}
{"case":"withchrono_buddhist","setup_succeeded":true,"target_check_passed":true,"observation":{"chronology":"org.joda.time.chrono.BuddhistChronology","zone":"UTC","types":["hourOfDay"],"values":[10]},"failure_class":null,"failure_reason":null}
{"case":"withchrono_same","setup_succeeded":true,"target_check_passed":true,"observation":{"chronology":"org.joda.time.chrono.ISOChronology","zone":"UTC","types":["hourOfDay"],"values":[10]},"failure_class":null,"failure_reason":null}
{"case":"withchrono_null","setup_succeeded":true,"target_check_passed":true,"observation":{"chronology":"org.joda.time.chrono.ISOChronology","zone":"UTC","types":["hourOfDay"],"values":[10]},"failure_class":null,"failure_reason":null}
{"summary":true,"executed":13,"target_checks":13,"passed":12,"failed":1,"skipped":0,"fixture_errors":0}
{"trace_summary":true,"method_entries":40,"debuggee_exit_code":1}
