Compiled from "CoreOperationGreaterThan.java"
public class org.apache.commons.jxpath.ri.compiler.CoreOperationGreaterThan extends org.apache.commons.jxpath.ri.compiler.CoreOperationRelationalExpression {
  public org.apache.commons.jxpath.ri.compiler.CoreOperationGreaterThan(org.apache.commons.jxpath.ri.compiler.Expression, org.apache.commons.jxpath.ri.compiler.Expression);
  public java.lang.Object computeValue(org.apache.commons.jxpath.ri.EvalContext);
  public java.lang.String getSymbol();
}
Compiled from "CoreOperationGreaterThanOrEqual.java"
public class org.apache.commons.jxpath.ri.compiler.CoreOperationGreaterThanOrEqual extends org.apache.commons.jxpath.ri.compiler.CoreOperationRelationalExpression {
  public org.apache.commons.jxpath.ri.compiler.CoreOperationGreaterThanOrEqual(org.apache.commons.jxpath.ri.compiler.Expression, org.apache.commons.jxpath.ri.compiler.Expression);
  public java.lang.Object computeValue(org.apache.commons.jxpath.ri.EvalContext);
  public java.lang.String getSymbol();
}
Compiled from "CoreOperationLessThan.java"
public class org.apache.commons.jxpath.ri.compiler.CoreOperationLessThan extends org.apache.commons.jxpath.ri.compiler.CoreOperationRelationalExpression {
  public org.apache.commons.jxpath.ri.compiler.CoreOperationLessThan(org.apache.commons.jxpath.ri.compiler.Expression, org.apache.commons.jxpath.ri.compiler.Expression);
  public java.lang.Object computeValue(org.apache.commons.jxpath.ri.EvalContext);
  public java.lang.String getSymbol();
}
Compiled from "CoreOperationLessThanOrEqual.java"
public class org.apache.commons.jxpath.ri.compiler.CoreOperationLessThanOrEqual extends org.apache.commons.jxpath.ri.compiler.CoreOperationRelationalExpression {
  public org.apache.commons.jxpath.ri.compiler.CoreOperationLessThanOrEqual(org.apache.commons.jxpath.ri.compiler.Expression, org.apache.commons.jxpath.ri.compiler.Expression);
  public java.lang.Object computeValue(org.apache.commons.jxpath.ri.EvalContext);
  public java.lang.String getSymbol();
}
Compiled from "CoreOperationRelationalExpression.java"
public abstract class org.apache.commons.jxpath.ri.compiler.CoreOperationRelationalExpression extends org.apache.commons.jxpath.ri.compiler.CoreOperation {
  protected org.apache.commons.jxpath.ri.compiler.CoreOperationRelationalExpression(org.apache.commons.jxpath.ri.compiler.Expression[]);
  protected final int getPrecedence();
  protected final boolean isSymmetric();
}
