Compiled from "GJChronology.java"
public final class org.joda.time.chrono.GJChronology extends org.joda.time.chrono.AssembledChronology {
  private static final long serialVersionUID;
  static final org.joda.time.Instant DEFAULT_CUTOVER;
  private static final java.util.Map<org.joda.time.DateTimeZone, java.util.ArrayList<org.joda.time.chrono.GJChronology>> cCache;
  private org.joda.time.chrono.JulianChronology iJulianChronology;
  private org.joda.time.chrono.GregorianChronology iGregorianChronology;
  private org.joda.time.Instant iCutoverInstant;
  private long iCutoverMillis;
  private long iGapDuration;
  private static long convertByYear(long, org.joda.time.Chronology, org.joda.time.Chronology);
  private static long convertByWeekyear(long, org.joda.time.Chronology, org.joda.time.Chronology);
  public static org.joda.time.chrono.GJChronology getInstanceUTC();
  public static org.joda.time.chrono.GJChronology getInstance();
  public static org.joda.time.chrono.GJChronology getInstance(org.joda.time.DateTimeZone);
  public static org.joda.time.chrono.GJChronology getInstance(org.joda.time.DateTimeZone, org.joda.time.ReadableInstant);
  public static synchronized org.joda.time.chrono.GJChronology getInstance(org.joda.time.DateTimeZone, org.joda.time.ReadableInstant, int);
  public static org.joda.time.chrono.GJChronology getInstance(org.joda.time.DateTimeZone, long, int);
  private org.joda.time.chrono.GJChronology(org.joda.time.chrono.JulianChronology, org.joda.time.chrono.GregorianChronology, org.joda.time.Instant);
  private org.joda.time.chrono.GJChronology(org.joda.time.Chronology, org.joda.time.chrono.JulianChronology, org.joda.time.chrono.GregorianChronology, org.joda.time.Instant);
  private java.lang.Object readResolve();
  public org.joda.time.DateTimeZone getZone();
  public org.joda.time.Chronology withUTC();
  public org.joda.time.Chronology withZone(org.joda.time.DateTimeZone);
  public long getDateTimeMillis(int, int, int, int) throws java.lang.IllegalArgumentException;
  public long getDateTimeMillis(int, int, int, int, int, int, int) throws java.lang.IllegalArgumentException;
  public org.joda.time.Instant getGregorianCutover();
  public int getMinimumDaysInFirstWeek();
  public boolean equals(java.lang.Object);
  public int hashCode();
  public java.lang.String toString();
  protected void assemble(org.joda.time.chrono.AssembledChronology$Fields);
  long julianToGregorianByYear(long);
  long gregorianToJulianByYear(long);
  long julianToGregorianByWeekyear(long);
  long gregorianToJulianByWeekyear(long);
  static long access$000(org.joda.time.chrono.GJChronology);
  static {};
}
