cpanm (App::cpanminus) version 1.7047 (/usr/bin/cpanm)
perl version 5.038002 (/usr/bin/perl)

  %Config:
    archname=x86_64-linux-gnu-thread-multi
    installsitelib=/usr/local/share/perl/5.38.2
    installsitebin=/usr/local/bin
    installman1dir=/usr/share/man/man1
    installman3dir=/usr/share/man/man3
    sitearchexp=/usr/local/lib/x86_64-linux-gnu/perl/5.38.2
    sitelibexp=/usr/local/share/perl/5.38.2
    vendorarch=/usr/lib/x86_64-linux-gnu/perl5/5.38
    vendorlibexp=/usr/share/perl5
    archlibexp=/usr/lib/x86_64-linux-gnu/perl/5.38
    privlibexp=/usr/share/perl/5.38
  %ENV:
    PERL5LIB=/home/beam/sqa-beam/defects4j/.perl5/lib/perl5
  @INC:
    /home/beam/sqa-beam/defects4j/.perl5/lib/perl5/5.38.2/x86_64-linux-gnu-thread-multi
    /home/beam/sqa-beam/defects4j/.perl5/lib/perl5/5.38.2
    /home/beam/sqa-beam/defects4j/.perl5/lib/perl5/x86_64-linux-gnu-thread-multi
    /home/beam/sqa-beam/defects4j/.perl5/lib/perl5
    /etc/perl
    /usr/local/lib/x86_64-linux-gnu/perl/5.38.2
    /usr/local/share/perl/5.38.2
    /usr/lib/x86_64-linux-gnu/perl5/5.38
    /usr/share/perl5
    /usr/lib/x86_64-linux-gnu/perl-base
    /usr/lib/x86_64-linux-gnu/perl/5.38
    /usr/share/perl/5.38
    /usr/local/lib/site_perl
