Compiled from "CSVPrinter.java"
public final class org.apache.commons.csv.CSVPrinter implements java.io.Flushable,java.io.Closeable {
  private final java.lang.Appendable out;
  private final org.apache.commons.csv.CSVFormat format;
  private boolean newRecord;
  public org.apache.commons.csv.CSVPrinter(java.lang.Appendable, org.apache.commons.csv.CSVFormat);
  public void close() throws java.io.IOException;
  public void flush() throws java.io.IOException;
  public void print(java.lang.Object) throws java.io.IOException;
  private void print(java.lang.Object, java.lang.CharSequence, int, int) throws java.io.IOException;
  private void printAndEscape(java.lang.CharSequence, int, int) throws java.io.IOException;
  private void printAndQuote(java.lang.Object, java.lang.CharSequence, int, int) throws java.io.IOException;
  public void printComment(java.lang.String) throws java.io.IOException;
  public void println() throws java.io.IOException;
  public void printRecord(java.lang.Iterable<?>) throws java.io.IOException;
  public void printRecord(java.lang.Object...) throws java.io.IOException;
  public void printRecords(java.lang.Iterable<?>) throws java.io.IOException;
  public void printRecords(java.lang.Object[]) throws java.io.IOException;
  public void printRecords(java.sql.ResultSet) throws java.sql.SQLException, java.io.IOException;
  public java.lang.Appendable getOut();
}
