Compiled from "DateTimeFormatter.java"
public class org.joda.time.format.DateTimeFormatter {
  private final org.joda.time.format.DateTimePrinter iPrinter;
  private final org.joda.time.format.DateTimeParser iParser;
  private final java.util.Locale iLocale;
  private final boolean iOffsetParsed;
  private final org.joda.time.Chronology iChrono;
  private final org.joda.time.DateTimeZone iZone;
  private final java.lang.Integer iPivotYear;
  private final int iDefaultYear;
  public org.joda.time.format.DateTimeFormatter(org.joda.time.format.DateTimePrinter, org.joda.time.format.DateTimeParser);
  private org.joda.time.format.DateTimeFormatter(org.joda.time.format.DateTimePrinter, org.joda.time.format.DateTimeParser, java.util.Locale, boolean, org.joda.time.Chronology, org.joda.time.DateTimeZone, java.lang.Integer, int);
  public boolean isPrinter();
  public org.joda.time.format.DateTimePrinter getPrinter();
  public boolean isParser();
  public org.joda.time.format.DateTimeParser getParser();
  public org.joda.time.format.DateTimeFormatter withLocale(java.util.Locale);
  public java.util.Locale getLocale();
  public org.joda.time.format.DateTimeFormatter withOffsetParsed();
  public boolean isOffsetParsed();
  public org.joda.time.format.DateTimeFormatter withChronology(org.joda.time.Chronology);
  public org.joda.time.Chronology getChronology();
  public org.joda.time.Chronology getChronolgy();
  public org.joda.time.format.DateTimeFormatter withZoneUTC();
  public org.joda.time.format.DateTimeFormatter withZone(org.joda.time.DateTimeZone);
  public org.joda.time.DateTimeZone getZone();
  public org.joda.time.format.DateTimeFormatter withPivotYear(java.lang.Integer);
  public org.joda.time.format.DateTimeFormatter withPivotYear(int);
  public java.lang.Integer getPivotYear();
  public org.joda.time.format.DateTimeFormatter withDefaultYear(int);
  public int getDefaultYear();
  public void printTo(java.lang.StringBuffer, org.joda.time.ReadableInstant);
  public void printTo(java.io.Writer, org.joda.time.ReadableInstant) throws java.io.IOException;
  public void printTo(java.lang.Appendable, org.joda.time.ReadableInstant) throws java.io.IOException;
  public void printTo(java.lang.StringBuffer, long);
  public void printTo(java.io.Writer, long) throws java.io.IOException;
  public void printTo(java.lang.Appendable, long) throws java.io.IOException;
  public void printTo(java.lang.StringBuffer, org.joda.time.ReadablePartial);
  public void printTo(java.io.Writer, org.joda.time.ReadablePartial) throws java.io.IOException;
  public void printTo(java.lang.Appendable, org.joda.time.ReadablePartial) throws java.io.IOException;
  public java.lang.String print(org.joda.time.ReadableInstant);
  public java.lang.String print(long);
  public java.lang.String print(org.joda.time.ReadablePartial);
  private void printTo(java.lang.StringBuffer, long, org.joda.time.Chronology);
  private void printTo(java.io.Writer, long, org.joda.time.Chronology) throws java.io.IOException;
  private org.joda.time.format.DateTimePrinter requirePrinter();
  public int parseInto(org.joda.time.ReadWritableInstant, java.lang.String, int);
  public long parseMillis(java.lang.String);
  public org.joda.time.LocalDate parseLocalDate(java.lang.String);
  public org.joda.time.LocalTime parseLocalTime(java.lang.String);
  public org.joda.time.LocalDateTime parseLocalDateTime(java.lang.String);
  public org.joda.time.DateTime parseDateTime(java.lang.String);
  public org.joda.time.MutableDateTime parseMutableDateTime(java.lang.String);
  private org.joda.time.format.DateTimeParser requireParser();
  private org.joda.time.Chronology selectChronology(org.joda.time.Chronology);
}
