Compiled from "Partial.java"
public final class org.joda.time.Partial extends org.joda.time.base.AbstractPartial implements org.joda.time.ReadablePartial,java.io.Serializable {
  private static final long serialVersionUID;
  private final org.joda.time.Chronology iChronology;
  private final org.joda.time.DateTimeFieldType[] iTypes;
  private final int[] iValues;
  private transient org.joda.time.format.DateTimeFormatter[] iFormatter;
  public org.joda.time.Partial();
  public org.joda.time.Partial(org.joda.time.Chronology);
  public org.joda.time.Partial(org.joda.time.DateTimeFieldType, int);
  public org.joda.time.Partial(org.joda.time.DateTimeFieldType, int, org.joda.time.Chronology);
  public org.joda.time.Partial(org.joda.time.DateTimeFieldType[], int[]);
  public org.joda.time.Partial(org.joda.time.DateTimeFieldType[], int[], org.joda.time.Chronology);
  public org.joda.time.Partial(org.joda.time.ReadablePartial);
  org.joda.time.Partial(org.joda.time.Partial, int[]);
  org.joda.time.Partial(org.joda.time.Chronology, org.joda.time.DateTimeFieldType[], int[]);
  public int size();
  public org.joda.time.Chronology getChronology();
  protected org.joda.time.DateTimeField getField(int, org.joda.time.Chronology);
  public org.joda.time.DateTimeFieldType getFieldType(int);
  public org.joda.time.DateTimeFieldType[] getFieldTypes();
  public int getValue(int);
  public int[] getValues();
  public org.joda.time.Partial withChronologyRetainFields(org.joda.time.Chronology);
  public org.joda.time.Partial with(org.joda.time.DateTimeFieldType, int);
  public org.joda.time.Partial without(org.joda.time.DateTimeFieldType);
  public org.joda.time.Partial withField(org.joda.time.DateTimeFieldType, int);
  public org.joda.time.Partial withFieldAdded(org.joda.time.DurationFieldType, int);
  public org.joda.time.Partial withFieldAddWrapped(org.joda.time.DurationFieldType, int);
  public org.joda.time.Partial withPeriodAdded(org.joda.time.ReadablePeriod, int);
  public org.joda.time.Partial plus(org.joda.time.ReadablePeriod);
  public org.joda.time.Partial minus(org.joda.time.ReadablePeriod);
  public org.joda.time.Partial$Property property(org.joda.time.DateTimeFieldType);
  public boolean isMatch(org.joda.time.ReadableInstant);
  public boolean isMatch(org.joda.time.ReadablePartial);
  public org.joda.time.format.DateTimeFormatter getFormatter();
  public java.lang.String toString();
  public java.lang.String toStringList();
  public java.lang.String toString(java.lang.String);
  public java.lang.String toString(java.lang.String, java.util.Locale);
}
