Compiled from "JsonPointer.java"
public class com.fasterxml.jackson.core.JsonPointer {
  protected static final com.fasterxml.jackson.core.JsonPointer EMPTY;
  protected final com.fasterxml.jackson.core.JsonPointer _nextSegment;
  protected final java.lang.String _asString;
  protected final java.lang.String _matchingPropertyName;
  protected final int _matchingElementIndex;
  protected com.fasterxml.jackson.core.JsonPointer();
  protected com.fasterxml.jackson.core.JsonPointer(java.lang.String, java.lang.String, com.fasterxml.jackson.core.JsonPointer);
  public static com.fasterxml.jackson.core.JsonPointer compile(java.lang.String) throws java.lang.IllegalArgumentException;
  public static com.fasterxml.jackson.core.JsonPointer valueOf(java.lang.String);
  public boolean matches();
  public java.lang.String getMatchingProperty();
  public int getMatchingIndex();
  public boolean mayMatchProperty();
  public boolean mayMatchElement();
  public com.fasterxml.jackson.core.JsonPointer matchProperty(java.lang.String);
  public com.fasterxml.jackson.core.JsonPointer matchElement(int);
  public com.fasterxml.jackson.core.JsonPointer tail();
  public java.lang.String toString();
  public int hashCode();
  public boolean equals(java.lang.Object);
  private static final int _parseIndex(java.lang.String);
  protected static com.fasterxml.jackson.core.JsonPointer _parseTail(java.lang.String);
  protected static com.fasterxml.jackson.core.JsonPointer _parseQuotedTail(java.lang.String, int);
  private static void _appendEscape(java.lang.StringBuilder, char);
  static {};
}
