Checking out 10d5ab37 to /home/team/sqa-round2/aom-source-context-v1/Jackso OK
Init local repository...................................................... OK
Tag post-fix revision...................................................... OK
Apply patch................................................................ OK
Apply patch................................................................ OK
Apply patch................................................................ OK
Apply patch................................................................ OK
Correct Module ambiguity 1................................................. OK
Correct Module ambiguity 2................................................. OK
Correct Module ambiguity 3................................................. OK
Copy generated Ant build file.............................................. OK
Run post-checkout hook..................................................... OK
Excluding broken/flaky tests............................................... OK
Backing up build file: /home/team/sqa-round2/aom-source-context-v1/JacksonD OK
Initialize fixed program version........................................... OK
Apply patch................................................................ OK
Initialize buggy program version........................................... OK
Diff 10d5ab37:ce37efce..................................................... OK
Apply patch................................................................ OK
Tag pre-fix revision....................................................... OK
Check out program version: JacksonDatabind-74f............................. OK
