A    output/.champ-graphics-build-zrp_jfc0/buggy/source
A    output/.champ-graphics-build-zrp_jfc0/buggy/source/org
A    output/.champ-graphics-build-zrp_jfc0/buggy/source/org/jfree
A    output/.champ-graphics-build-zrp_jfc0/buggy/source/org/jfree/chart
A    output/.champ-graphics-build-zrp_jfc0/buggy/source/org/jfree/chart/event
A    output/.champ-graphics-build-zrp_jfc0/buggy/source/org/jfree/chart/event/ChartProgressEvent.java
A    output/.champ-graphics-build-zrp_jfc0/buggy/source/org/jfree/chart/event/AnnotationChangeEvent.java
A    output/.champ-graphics-build-zrp_jfc0/buggy/source/org/jfree/chart/event/AnnotationChangeListener.java
A    output/.champ-graphics-build-zrp_jfc0/buggy/source/org/jfree/chart/event/DatasetChangeInfo.java
A    output/.champ-graphics-build-zrp_jfc0/buggy/source/org/jfree/chart/event/OverlayChangeEvent.java
A    output/.champ-graphics-build-zrp_jfc0/buggy/source/org/jfree/chart/event/OverlayChangeListener.java
A    output/.champ-graphics-build-zrp_jfc0/buggy/source/org/jfree/chart/event/RendererChangeEvent.java
A    output/.champ-graphics-build-zrp_jfc0/buggy/source/org/jfree/chart/event/AxisChangeEvent.java
A    output/.champ-graphics-build-zrp_jfc0/buggy/source/org/jfree/chart/event/AxisChangeListener.java
A    output/.champ-graphics-build-zrp_jfc0/buggy/source/org/jfree/chart/event/ChartChangeEvent.java
A    output/.champ-graphics-build-zrp_jfc0/buggy/source/org/jfree/chart/event/ChartChangeEventType.java
A    output/.champ-graphics-build-zrp_jfc0/buggy/source/org/jfree/chart/event/ChartChangeListener.java
A    output/.champ-graphics-build-zrp_jfc0/buggy/source/org/jfree/chart/event/ChartProgressListener.java
A    output/.champ-graphics-build-zrp_jfc0/buggy/source/org/jfree/chart/event/MarkerChangeEvent.java
A    output/.champ-graphics-build-zrp_jfc0/buggy/source/org/jfree/chart/event/MarkerChangeListener.java
A    output/.champ-graphics-build-zrp_jfc0/buggy/source/org/jfree/chart/event/PlotChangeEvent.java
A    output/.champ-graphics-build-zrp_jfc0/buggy/source/org/jfree/chart/event/PlotChangeListener.java
A    output/.champ-graphics-build-zrp_jfc0/buggy/source/org/jfree/chart/event/RendererChangeListener.java
A    output/.champ-graphics-build-zrp_jfc0/buggy/source/org/jfree/chart/event/TitleChangeEvent.java
A    output/.champ-graphics-build-zrp_jfc0/buggy/source/org/jfree/chart/event/TitleChangeListener.java
A    output/.champ-graphics-build-zrp_jfc0/buggy/source/org/jfree/chart/event/package.html
A    output/.champ-graphics-build-zrp_jfc0/buggy/source/org/jfree/chart/MouseWheelHandler.java
A    output/.champ-graphics-build-zrp_jfc0/buggy/source/org/jfree/chart/demo
A    output/.champ-graphics-build-zrp_jfc0/buggy/source/org/jfree/chart/demo/PieChartDemo1.java
A    output/.champ-graphics-build-zrp_jfc0/buggy/source/org/jfree/chart/demo/TimeSeriesChartDemo1.java
A    output/.champ-graphics-build-zrp_jfc0/buggy/source/org/jfree/chart/demo/BarChartDemo1.java
A    output/.champ-graphics-build-zrp_jfc0/buggy/source/org/jfree/chart/demo/package.html
A    output/.champ-graphics-build-zrp_jfc0/buggy/source/org/jfree/chart/plot
A    output/.champ-graphics-build-zrp_jfc0/buggy/source/org/jfree/chart/plot/PiePlot.java
A    output/.champ-graphics-build-zrp_jfc0/buggy/source/org/jfree/chart/plot/CategoryPlot.java
A    output/.champ-graphics-build-zrp_jfc0/buggy/source/org/jfree/chart/plot/Plot.java
A    output/.champ-graphics-build-zrp_jfc0/buggy/source/org/jfree/chart/plot/XYPlot.java
A    output/.champ-graphics-build-zrp_jfc0/buggy/source/org/jfree/chart/plot/WaferMapPlot.java
A    output/.champ-graphics-build-zrp_jfc0/buggy/source/org/jfree/chart/plot/MeterPlot.java
A    output/.champ-graphics-build-zrp_jfc0/buggy/source/org/jfree/chart/plot/MultiplePiePlot.java
A    output/.champ-graphics-build-zrp_jfc0/buggy/source/org/jfree/chart/plot/PolarPlot.java
A    output/.champ-graphics-build-zrp_jfc0/buggy/source/org/jfree/chart/plot/SpiderWebPlot.java
A    output/.champ-graphics-build-zrp_jfc0/buggy/source/org/jfree/chart/plot/ThermometerPlot.java
A    output/.champ-graphics-build-zrp_jfc0/buggy/source/org/jfree/chart/plot/dial
A    output/.champ-graphics-build-zrp_jfc0/buggy/source/org/jfree/chart/plot/dial/DialPlot.java
A    output/.champ-graphics-build-zrp_jfc0/buggy/source/org/jfree/chart/plot/dial/DialValueIndicator.java
A    output/.champ-graphics-build-zrp_jfc0/buggy/source/org/jfree/chart/plot/dial/StandardDialScale.java
A    output/.champ-graphics-build-zrp_jfc0/buggy/source/org/jfree/chart/plot/dial/DialTextAnnotation.java
A    output/.champ-graphics-build-zrp_jfc0/buggy/source/org/jfree/chart/plot/dial/AbstractDialLayer.java
A    output/.champ-graphics-build-zrp_jfc0/buggy/source/org/jfree/chart/plot/dial/ArcDialFrame.java
A    output/.champ-graphics-build-zrp_jfc0/buggy/source/org/jfree/chart/plot/dial/DialBackground.java
A    output/.champ-graphics-build-zrp_jfc0/buggy/source/org/jfree/chart/plot/dial/DialCap.java
A    output/.champ-graphics-build-zrp_jfc0/buggy/source/org/jfree/chart/plot/dial/StandardDialFrame.java
A    output/.champ-graphics-build-zrp_jfc0/buggy/source/org/jfree/chart/plot/dial/StandardDialRange.java
A    output/.champ-graphics-build-zrp_jfc0/buggy/source/org/jfree/chart/plot/dial/DialLayerChangeEvent.java
A    output/.champ-graphics-build-zrp_jfc0/buggy/source/org/jfree/chart/plot/dial/DialLayerChangeListener.java
A    output/.champ-graphics-build-zrp_jfc0/buggy/source/org/jfree/chart/plot/dial/DialPointer.java
A    output/.champ-graphics-build-zrp_jfc0/buggy/source/org/jfree/chart/plot/dial/DialScale.java
A    output/.champ-graphics-build-zrp_jfc0/buggy/source/org/jfree/chart/plot/dial/DialFrame.java
A    output/.champ-graphics-build-zrp_jfc0/buggy/source/org/jfree/chart/plot/dial/DialLayer.java
A    output/.champ-graphics-build-zrp_jfc0/buggy/source/org/jfree/chart/plot/dial/package.html
A    output/.champ-graphics-build-zrp_jfc0/buggy/source/org/jfree/chart/plot/PiePlot3D.java
A    output/.champ-graphics-build-zrp_jfc0/buggy/source/org/jfree/chart/plot/RingPlot.java
A    output/.champ-graphics-build-zrp_jfc0/buggy/source/org/jfree/chart/plot/PieSelectionAttributes.java
A    output/.champ-graphics-build-zrp_jfc0/buggy/source/org/jfree/chart/plot/Selectable.java
A    output/.champ-graphics-build-zrp_jfc0/buggy/source/org/jfree/chart/plot/Crosshair.java
A    output/.champ-graphics-build-zrp_jfc0/buggy/source/org/jfree/chart/plot/FastScatterPlot.java
A    output/.champ-graphics-build-zrp_jfc0/buggy/source/org/jfree/chart/plot/Pannable.java
A    output/.champ-graphics-build-zrp_jfc0/buggy/source/org/jfree/chart/plot/CompassPlot.java
A    output/.champ-graphics-build-zrp_jfc0/buggy/source/org/jfree/chart/plot/PieLabelRecord.java
A    output/.champ-graphics-build-zrp_jfc0/buggy/source/org/jfree/chart/plot/Marker.java
A    output/.champ-graphics-build-zrp_jfc0/buggy/source/org/jfree/chart/plot/IntervalMarker.java
A    output/.champ-graphics-build-zrp_jfc0/buggy/source/org/jfree/chart/plot/PieLabelLinkStyle.java
A    output/.champ-graphics-build-zrp_jfc0/buggy/source/org/jfree/chart/plot/PiePlotState.java
A    output/.champ-graphics-build-zrp_jfc0/buggy/source/org/jfree/chart/plot/XYCrosshairState.java
A    output/.champ-graphics-build-zrp_jfc0/buggy/source/org/jfree/chart/plot/CategoryCrosshairState.java
A    output/.champ-graphics-build-zrp_jfc0/buggy/source/org/jfree/chart/plot/CombinedDomainCategoryPlot.java
A    output/.champ-graphics-build-zrp_jfc0/buggy/source/org/jfree/chart/plot/CombinedDomainXYPlot.java
A    output/.champ-graphics-build-zrp_jfc0/buggy/source/org/jfree/chart/plot/CombinedRangeCategoryPlot.java
A    output/.champ-graphics-build-zrp_jfc0/buggy/source/org/jfree/chart/plot/CombinedRangeXYPlot.java
A    output/.champ-graphics-build-zrp_jfc0/buggy/source/org/jfree/chart/plot/CrosshairState.java
A    output/.champ-graphics-build-zrp_jfc0/buggy/source/org/jfree/chart/plot/PieLabelDistributor.java
A    output/.champ-graphics-build-zrp_jfc0/buggy/source/org/jfree/chart/plot/SeriesRenderingOrder.java
A    output/.champ-graphics-build-zrp_jfc0/buggy/source/org/jfree/chart/plot/ValueAxisPlot.java
A    output/.champ-graphics-build-zrp_jfc0/buggy/source/org/jfree/chart/plot/ValueMarker.java
A    output/.champ-graphics-build-zrp_jfc0/buggy/source/org/jfree/chart/plot/Zoomable.java
A    output/.champ-graphics-build-zrp_jfc0/buggy/source/org/jfree/chart/plot/PlotOrientation.java
A    output/.champ-graphics-build-zrp_jfc0/buggy/source/org/jfree/chart/plot/PlotRenderingInfo.java
A    output/.champ-graphics-build-zrp_jfc0/buggy/source/org/jfree/chart/plot/PlotState.java
A    output/.champ-graphics-build-zrp_jfc0/buggy/source/org/jfree/chart/plot/PlotUtilities.java
A    output/.champ-graphics-build-zrp_jfc0/buggy/source/org/jfree/chart/plot/MeterInterval.java
A    output/.champ-graphics-build-zrp_jfc0/buggy/source/org/jfree/chart/plot/AbstractPieLabelDistributor.java
A    output/.champ-graphics-build-zrp_jfc0/buggy/source/org/jfree/chart/plot/CategoryMarker.java
A    output/.champ-graphics-build-zrp_jfc0/buggy/source/org/jfree/chart/plot/DatasetRenderingOrder.java
A    output/.champ-graphics-build-zrp_jfc0/buggy/source/org/jfree/chart/plot/DefaultDrawingSupplier.java
A    output/.champ-graphics-build-zrp_jfc0/buggy/source/org/jfree/chart/plot/DialShape.java
A    output/.champ-graphics-build-zrp_jfc0/buggy/source/org/jfree/chart/plot/DrawingSupplier.java
A    output/.champ-graphics-build-zrp_jfc0/buggy/source/org/jfree/chart/plot/LocalizationBundle.properties
A    output/.champ-graphics-build-zrp_jfc0/buggy/source/org/jfree/chart/plot/LocalizationBundle_de.properties
A    output/.champ-graphics-build-zrp_jfc0/buggy/source/org/jfree/chart/plot/LocalizationBundle_es.properties
A    output/.champ-graphics-build-zrp_jfc0/buggy/source/org/jfree/chart/plot/LocalizationBundle_fr.properties
A    output/.champ-graphics-build-zrp_jfc0/buggy/source/org/jfree/chart/plot/LocalizationBundle_nl.properties
A    output/.champ-graphics-build-zrp_jfc0/buggy/source/org/jfree/chart/plot/LocalizationBundle_pl.properties
A    output/.champ-graphics-build-zrp_jfc0/buggy/source/org/jfree/chart/plot/LocalizationBundle_pt_PT.properties
A    output/.champ-graphics-build-zrp_jfc0/buggy/source/org/jfree/chart/plot/LocalizationBundle_ru.properties
A    output/.champ-graphics-build-zrp_jfc0/buggy/source/org/jfree/chart/plot/LocalizationBundle_zh_CN.properties
A    output/.champ-graphics-build-zrp_jfc0/buggy/source/org/jfree/chart/plot/package.html
A    output/.champ-graphics-build-zrp_jfc0/buggy/source/org/jfree/chart/renderer
A    output/.champ-graphics-build-zrp_jfc0/buggy/source/org/jfree/chart/renderer/category
A    output/.champ-graphics-build-zrp_jfc0/buggy/source/org/jfree/chart/renderer/category/AbstractCategoryItemRenderer.java
A    output/.champ-graphics-build-zrp_jfc0/buggy/source/org/jfree/chart/renderer/category/StackedBarRenderer3D.java
A    output/.champ-graphics-build-zrp_jfc0/buggy/source/org/jfree/chart/renderer/category/BarRenderer.java
A    output/.champ-graphics-build-zrp_jfc0/buggy/source/org/jfree/chart/renderer/category/BarRenderer3D.java
A    output/.champ-graphics-build-zrp_jfc0/buggy/source/org/jfree/chart/renderer/category/BoxAndWhiskerRenderer.java
A    output/.champ-graphics-build-zrp_jfc0/buggy/source/org/jfree/chart/renderer/category/CategoryItemRenderer.java
A    output/.champ-graphics-build-zrp_jfc0/buggy/source/org/jfree/chart/renderer/category/CategoryItemRendererState.java
A    output/.champ-graphics-build-zrp_jfc0/buggy/source/org/jfree/chart/renderer/category/LayeredBarRenderer.java
A    output/.champ-graphics-build-zrp_jfc0/buggy/source/org/jfree/chart/renderer/category/LevelRenderer.java
A    output/.champ-graphics-build-zrp_jfc0/buggy/source/org/jfree/chart/renderer/category/StatisticalBarRenderer.java
A    output/.champ-graphics-build-zrp_jfc0/buggy/source/org/jfree/chart/renderer/category/AreaRenderer.java
A    output/.champ-graphics-build-zrp_jfc0/buggy/source/org/jfree/chart/renderer/category/BarPainter.java
A    output/.champ-graphics-build-zrp_jfc0/buggy/source/org/jfree/chart/renderer/category/CategoryStepRenderer.java
A    output/.champ-graphics-build-zrp_jfc0/buggy/source/org/jfree/chart/renderer/category/GanttRenderer.java
A    output/.champ-graphics-build-zrp_jfc0/buggy/source/org/jfree/chart/renderer/category/GradientBarPainter.java
A    output/.champ-graphics-build-zrp_jfc0/buggy/source/org/jfree/chart/renderer/category/GroupedStackedBarRenderer.java
A    output/.champ-graphics-build-zrp_jfc0/buggy/source/org/jfree/chart/renderer/category/IntervalBarRenderer.java
A    output/.champ-graphics-build-zrp_jfc0/buggy/source/org/jfree/chart/renderer/category/LineAndShapeRenderer.java
A    output/.champ-graphics-build-zrp_jfc0/buggy/source/org/jfree/chart/renderer/category/LineRenderer3D.java
A    output/.champ-graphics-build-zrp_jfc0/buggy/source/org/jfree/chart/renderer/category/MinMaxCategoryRenderer.java
A    output/.champ-graphics-build-zrp_jfc0/buggy/source/org/jfree/chart/renderer/category/ScatterRenderer.java
A    output/.champ-graphics-build-zrp_jfc0/buggy/source/org/jfree/chart/renderer/category/StackedAreaRenderer.java
A    output/.champ-graphics-build-zrp_jfc0/buggy/source/org/jfree/chart/renderer/category/StackedBarRenderer.java
A    output/.champ-graphics-build-zrp_jfc0/buggy/source/org/jfree/chart/renderer/category/StandardBarPainter.java
A    output/.champ-graphics-build-zrp_jfc0/buggy/source/org/jfree/chart/renderer/category/StatisticalLineAndShapeRenderer.java
A    output/.champ-graphics-build-zrp_jfc0/buggy/source/org/jfree/chart/renderer/category/WaterfallBarRenderer.java
A    output/.champ-graphics-build-zrp_jfc0/buggy/source/org/jfree/chart/renderer/category/DefaultCategoryItemRenderer.java
A    output/.champ-graphics-build-zrp_jfc0/buggy/source/org/jfree/chart/renderer/category/package.html
A    output/.champ-graphics-build-zrp_jfc0/buggy/source/org/jfree/chart/renderer/xy
A    output/.champ-graphics-build-zrp_jfc0/buggy/source/org/jfree/chart/renderer/xy/AbstractXYItemRenderer.java
A    output/.champ-graphics-build-zrp_jfc0/buggy/source/org/jfree/chart/renderer/xy/CyclicXYItemRenderer.java
A    output/.champ-graphics-build-zrp_jfc0/buggy/source/org/jfree/chart/renderer/xy/CandlestickRenderer.java
A    output/.champ-graphics-build-zrp_jfc0/buggy/source/org/jfree/chart/renderer/xy/DeviationRenderer.java
A    output/.champ-graphics-build-zrp_jfc0/buggy/source/org/jfree/chart/renderer/xy/XYBlockRenderer.java
A    output/.champ-graphics-build-zrp_jfc0/buggy/source/org/jfree/chart/renderer/xy/XYItemRenderer.java
A    output/.champ-graphics-build-zrp_jfc0/buggy/source/org/jfree/chart/renderer/xy/XYItemRendererState.java
A    output/.champ-graphics-build-zrp_jfc0/buggy/source/org/jfree/chart/renderer/xy/XYBarRenderer.java
A    output/.champ-graphics-build-zrp_jfc0/buggy/source/org/jfree/chart/renderer/xy/XYLineAndShapeRenderer.java
A    output/.champ-graphics-build-zrp_jfc0/buggy/source/org/jfree/chart/renderer/xy/ClusteredXYBarRenderer.java
A    output/.champ-graphics-build-zrp_jfc0/buggy/source/org/jfree/chart/renderer/xy/GradientXYBarPainter.java
A    output/.champ-graphics-build-zrp_jfc0/buggy/source/org/jfree/chart/renderer/xy/HighLowRenderer.java
A    output/.champ-graphics-build-zrp_jfc0/buggy/source/org/jfree/chart/renderer/xy/SamplingXYLineRenderer.java
A    output/.champ-graphics-build-zrp_jfc0/buggy/source/org/jfree/chart/renderer/xy/StackedXYAreaRenderer.java
A    output/.champ-graphics-build-zrp_jfc0/buggy/source/org/jfree/chart/renderer/xy/StackedXYAreaRenderer2.java
A    output/.champ-graphics-build-zrp_jfc0/buggy/source/org/jfree/chart/renderer/xy/StackedXYBarRenderer.java
A    output/.champ-graphics-build-zrp_jfc0/buggy/source/org/jfree/chart/renderer/xy/StandardXYBarPainter.java
A    output/.champ-graphics-build-zrp_jfc0/buggy/source/org/jfree/chart/renderer/xy/StandardXYItemRenderer.java
A    output/.champ-graphics-build-zrp_jfc0/buggy/source/org/jfree/chart/renderer/xy/VectorRenderer.java
A    output/.champ-graphics-build-zrp_jfc0/buggy/source/org/jfree/chart/renderer/xy/WindItemRenderer.java
A    output/.champ-graphics-build-zrp_jfc0/buggy/source/org/jfree/chart/renderer/xy/XYAreaRenderer.java
A    output/.champ-graphics-build-zrp_jfc0/buggy/source/org/jfree/chart/renderer/xy/XYAreaRenderer2.java
A    output/.champ-graphics-build-zrp_jfc0/buggy/source/org/jfree/chart/renderer/xy/XYBarPainter.java
A    output/.champ-graphics-build-zrp_jfc0/buggy/source/org/jfree/chart/renderer/xy/XYBoxAndWhiskerRenderer.java
A    output/.champ-graphics-build-zrp_jfc0/buggy/source/org/jfree/chart/renderer/xy/XYBubbleRenderer.java
A    output/.champ-graphics-build-zrp_jfc0/buggy/source/org/jfree/chart/renderer/xy/XYDifferenceRenderer.java
A    output/.champ-graphics-build-zrp_jfc0/buggy/source/org/jfree/chart/renderer/xy/XYDotRenderer.java
A    output/.champ-graphics-build-zrp_jfc0/buggy/source/org/jfree/chart/renderer/xy/XYErrorRenderer.java
A    output/.champ-graphics-build-zrp_jfc0/buggy/source/org/jfree/chart/renderer/xy/XYLine3DRenderer.java
A    output/.champ-graphics-build-zrp_jfc0/buggy/source/org/jfree/chart/renderer/xy/XYShapeRenderer.java
A    output/.champ-graphics-build-zrp_jfc0/buggy/source/org/jfree/chart/renderer/xy/XYSplineRenderer.java
A    output/.champ-graphics-build-zrp_jfc0/buggy/source/org/jfree/chart/renderer/xy/XYStepAreaRenderer.java
A    output/.champ-graphics-build-zrp_jfc0/buggy/source/org/jfree/chart/renderer/xy/XYStepRenderer.java
A    output/.champ-graphics-build-zrp_jfc0/buggy/source/org/jfree/chart/renderer/xy/YIntervalRenderer.java
A    output/.champ-graphics-build-zrp_jfc0/buggy/source/org/jfree/chart/renderer/xy/DefaultXYItemRenderer.java
A    output/.champ-graphics-build-zrp_jfc0/buggy/source/org/jfree/chart/renderer/xy/package.html
A    output/.champ-graphics-build-zrp_jfc0/buggy/source/org/jfree/chart/renderer/AbstractRenderer.java
A    output/.champ-graphics-build-zrp_jfc0/buggy/source/org/jfree/chart/renderer/RenderAttributes.java
A    output/.champ-graphics-build-zrp_jfc0/buggy/source/org/jfree/chart/renderer/RendererUtilities.java
A    output/.champ-graphics-build-zrp_jfc0/buggy/source/org/jfree/chart/renderer/LookupPaintScale.java
A    output/.champ-graphics-build-zrp_jfc0/buggy/source/org/jfree/chart/renderer/GrayPaintScale.java
A    output/.champ-graphics-build-zrp_jfc0/buggy/source/org/jfree/chart/renderer/AreaRendererEndType.java
A    output/.champ-graphics-build-zrp_jfc0/buggy/source/org/jfree/chart/renderer/WaferMapRenderer.java
A    output/.champ-graphics-build-zrp_jfc0/buggy/source/org/jfree/chart/renderer/OutlierList.java
A    output/.champ-graphics-build-zrp_jfc0/buggy/source/org/jfree/chart/renderer/OutlierListCollection.java
A    output/.champ-graphics-build-zrp_jfc0/buggy/source/org/jfree/chart/renderer/PaintScale.java
A    output/.champ-graphics-build-zrp_jfc0/buggy/source/org/jfree/chart/renderer/PolarItemRenderer.java
A    output/.champ-graphics-build-zrp_jfc0/buggy/source/org/jfree/chart/renderer/RendererState.java
A    output/.champ-graphics-build-zrp_jfc0/buggy/source/org/jfree/chart/renderer/DefaultPolarItemRenderer.java
A    output/.champ-graphics-build-zrp_jfc0/buggy/source/org/jfree/chart/renderer/NotOutlierException.java
A    output/.champ-graphics-build-zrp_jfc0/buggy/source/org/jfree/chart/renderer/Outlier.java
A    output/.champ-graphics-build-zrp_jfc0/buggy/source/org/jfree/chart/renderer/package.html
A    output/.champ-graphics-build-zrp_jfc0/buggy/source/org/jfree/chart/text
A    output/.champ-graphics-build-zrp_jfc0/buggy/source/org/jfree/chart/text/TextUtilities.java
A    output/.champ-graphics-build-zrp_jfc0/buggy/source/org/jfree/chart/text/TextBox.java
A    output/.champ-graphics-build-zrp_jfc0/buggy/source/org/jfree/chart/text/G2TextMeasurer.java
A    output/.champ-graphics-build-zrp_jfc0/buggy/source/org/jfree/chart/text/TextAnchor.java
A    output/.champ-graphics-build-zrp_jfc0/buggy/source/org/jfree/chart/text/TextBlock.java
A    output/.champ-graphics-build-zrp_jfc0/buggy/source/org/jfree/chart/text/TextBlockAnchor.java
A    output/.champ-graphics-build-zrp_jfc0/buggy/source/org/jfree/chart/text/TextFragment.java
A    output/.champ-graphics-build-zrp_jfc0/buggy/source/org/jfree/chart/text/TextLine.java
A    output/.champ-graphics-build-zrp_jfc0/buggy/source/org/jfree/chart/text/TextMeasurer.java
A    output/.champ-graphics-build-zrp_jfc0/buggy/source/org/jfree/chart/LocalizationBundle_nl.properties
A    output/.champ-graphics-build-zrp_jfc0/buggy/source/org/jfree/chart/axis
A    output/.champ-graphics-build-zrp_jfc0/buggy/source/org/jfree/chart/axis/NumberAxis.java
A    output/.champ-graphics-build-zrp_jfc0/buggy/source/org/jfree/chart/axis/CategoryAxis.java
A    output/.champ-graphics-build-zrp_jfc0/buggy/source/org/jfree/chart/axis/Axis.java
A    output/.champ-graphics-build-zrp_jfc0/buggy/source/org/jfree/chart/axis/CategoryAxis3D.java
A    output/.champ-graphics-build-zrp_jfc0/buggy/source/org/jfree/chart/axis/NumberAxis3D.java
A    output/.champ-graphics-build-zrp_jfc0/buggy/source/org/jfree/chart/axis/PeriodAxis.java
A    output/.champ-graphics-build-zrp_jfc0/buggy/source/org/jfree/chart/axis/PeriodAxisLabelInfo.java
A    output/.champ-graphics-build-zrp_jfc0/buggy/source/org/jfree/chart/axis/DateAxis.java
A    output/.champ-graphics-build-zrp_jfc0/buggy/source/org/jfree/chart/axis/DateTickUnit.java
A    output/.champ-graphics-build-zrp_jfc0/buggy/source/org/jfree/chart/axis/LogAxis.java
A    output/.champ-graphics-build-zrp_jfc0/buggy/source/org/jfree/chart/axis/ValueAxis.java
A    output/.champ-graphics-build-zrp_jfc0/buggy/source/org/jfree/chart/axis/DateTickUnitType.java
A    output/.champ-graphics-build-zrp_jfc0/buggy/source/org/jfree/chart/axis/ExtendedCategoryAxis.java
A    output/.champ-graphics-build-zrp_jfc0/buggy/source/org/jfree/chart/axis/SubCategoryAxis.java
A    output/.champ-graphics-build-zrp_jfc0/buggy/source/org/jfree/chart/axis/DateTick.java
A    output/.champ-graphics-build-zrp_jfc0/buggy/source/org/jfree/chart/axis/CyclicNumberAxis.java
A    output/.champ-graphics-build-zrp_jfc0/buggy/source/org/jfree/chart/axis/ModuloAxis.java
A    output/.champ-graphics-build-zrp_jfc0/buggy/source/org/jfree/chart/axis/QuarterDateFormat.java
A    output/.champ-graphics-build-zrp_jfc0/buggy/source/org/jfree/chart/axis/SegmentedTimeline.java
A    output/.champ-graphics-build-zrp_jfc0/buggy/source/org/jfree/chart/axis/CompassFormat.java
A    output/.champ-graphics-build-zrp_jfc0/buggy/source/org/jfree/chart/axis/SymbolAxis.java
A    output/.champ-graphics-build-zrp_jfc0/buggy/source/org/jfree/chart/axis/ValueTick.java
A    output/.champ-graphics-build-zrp_jfc0/buggy/source/org/jfree/chart/axis/TickType.java
A    output/.champ-graphics-build-zrp_jfc0/buggy/source/org/jfree/chart/axis/TickUnit.java
A    output/.champ-graphics-build-zrp_jfc0/buggy/source/org/jfree/chart/axis/TickUnitSource.java
A    output/.champ-graphics-build-zrp_jfc0/buggy/source/org/jfree/chart/axis/TickUnits.java
A    output/.champ-graphics-build-zrp_jfc0/buggy/source/org/jfree/chart/axis/Timeline.java
A    output/.champ-graphics-build-zrp_jfc0/buggy/source/org/jfree/chart/axis/StandardTickUnitSource.java
A    output/.champ-graphics-build-zrp_jfc0/buggy/source/org/jfree/chart/axis/Tick.java
A    output/.champ-graphics-build-zrp_jfc0/buggy/source/org/jfree/chart/axis/NumberTick.java
A    output/.champ-graphics-build-zrp_jfc0/buggy/source/org/jfree/chart/axis/NumberTickUnit.java
A    output/.champ-graphics-build-zrp_jfc0/buggy/source/org/jfree/chart/axis/MarkerAxisBand.java
A    output/.champ-graphics-build-zrp_jfc0/buggy/source/org/jfree/chart/axis/MonthDateFormat.java
A    output/.champ-graphics-build-zrp_jfc0/buggy/source/org/jfree/chart/axis/DateTickMarkPosition.java
A    output/.champ-graphics-build-zrp_jfc0/buggy/source/org/jfree/chart/axis/LogarithmicAxis.java
A    output/.champ-graphics-build-zrp_jfc0/buggy/source/org/jfree/chart/axis/CategoryLabelPosition.java
A    output/.champ-graphics-build-zrp_jfc0/buggy/source/org/jfree/chart/axis/CategoryLabelPositions.java
A    output/.champ-graphics-build-zrp_jfc0/buggy/source/org/jfree/chart/axis/CategoryLabelWidthType.java
A    output/.champ-graphics-build-zrp_jfc0/buggy/source/org/jfree/chart/axis/CategoryTick.java
A    output/.champ-graphics-build-zrp_jfc0/buggy/source/org/jfree/chart/axis/AxisCollection.java
A    output/.champ-graphics-build-zrp_jfc0/buggy/source/org/jfree/chart/axis/AxisLocation.java
A    output/.champ-graphics-build-zrp_jfc0/buggy/source/org/jfree/chart/axis/AxisSpace.java
A    output/.champ-graphics-build-zrp_jfc0/buggy/source/org/jfree/chart/axis/AxisState.java
A    output/.champ-graphics-build-zrp_jfc0/buggy/source/org/jfree/chart/axis/CategoryAnchor.java
A    output/.champ-graphics-build-zrp_jfc0/buggy/source/org/jfree/chart/axis/package.html
A    output/.champ-graphics-build-zrp_jfc0/buggy/source/org/jfree/chart/annotations
A    output/.champ-graphics-build-zrp_jfc0/buggy/source/org/jfree/chart/annotations/AbstractAnnotation.java
A    output/.champ-graphics-build-zrp_jfc0/buggy/source/org/jfree/chart/annotations/AbstractXYAnnotation.java
A    output/.champ-graphics-build-zrp_jfc0/buggy/source/org/jfree/chart/annotations/Annotation.java
A    output/.champ-graphics-build-zrp_jfc0/buggy/source/org/jfree/chart/annotations/CategoryAnnotation.java
A    output/.champ-graphics-build-zrp_jfc0/buggy/source/org/jfree/chart/annotations/CategoryLineAnnotation.java
A    output/.champ-graphics-build-zrp_jfc0/buggy/source/org/jfree/chart/annotations/CategoryPointerAnnotation.java
A    output/.champ-graphics-build-zrp_jfc0/buggy/source/org/jfree/chart/annotations/CategoryTextAnnotation.java
A    output/.champ-graphics-build-zrp_jfc0/buggy/source/org/jfree/chart/annotations/TextAnnotation.java
A    output/.champ-graphics-build-zrp_jfc0/buggy/source/org/jfree/chart/annotations/XYAnnotation.java
A    output/.champ-graphics-build-zrp_jfc0/buggy/source/org/jfree/chart/annotations/XYBoxAnnotation.java
A    output/.champ-graphics-build-zrp_jfc0/buggy/source/org/jfree/chart/annotations/XYDataImageAnnotation.java
A    output/.champ-graphics-build-zrp_jfc0/buggy/source/org/jfree/chart/annotations/XYDrawableAnnotation.java
A    output/.champ-graphics-build-zrp_jfc0/buggy/source/org/jfree/chart/annotations/XYImageAnnotation.java
A    output/.champ-graphics-build-zrp_jfc0/buggy/source/org/jfree/chart/annotations/XYLineAnnotation.java
A    output/.champ-graphics-build-zrp_jfc0/buggy/source/org/jfree/chart/annotations/XYPointerAnnotation.java
A    output/.champ-graphics-build-zrp_jfc0/buggy/source/org/jfree/chart/annotations/XYPolygonAnnotation.java
A    output/.champ-graphics-build-zrp_jfc0/buggy/source/org/jfree/chart/annotations/XYShapeAnnotation.java
A    output/.champ-graphics-build-zrp_jfc0/buggy/source/org/jfree/chart/annotations/XYTextAnnotation.java
A    output/.champ-graphics-build-zrp_jfc0/buggy/source/org/jfree/chart/annotations/XYTitleAnnotation.java
A    output/.champ-graphics-build-zrp_jfc0/buggy/source/org/jfree/chart/annotations/XYAnnotationBoundsInfo.java
A    output/.champ-graphics-build-zrp_jfc0/buggy/source/org/jfree/chart/annotations/package.html
A    output/.champ-graphics-build-zrp_jfc0/buggy/source/org/jfree/chart/util
A    output/.champ-graphics-build-zrp_jfc0/buggy/source/org/jfree/chart/util/DefaultShadowGenerator.java
A    output/.champ-graphics-build-zrp_jfc0/buggy/source/org/jfree/chart/util/ShadowGenerator.java
A    output/.champ-graphics-build-zrp_jfc0/buggy/source/org/jfree/chart/util/PaintMap.java
A    output/.champ-graphics-build-zrp_jfc0/buggy/source/org/jfree/chart/util/StrokeMap.java
A    output/.champ-graphics-build-zrp_jfc0/buggy/source/org/jfree/chart/util/ShapeUtilities.java
A    output/.champ-graphics-build-zrp_jfc0/buggy/source/org/jfree/chart/util/XYCoordinateType.java
A    output/.champ-graphics-build-zrp_jfc0/buggy/source/org/jfree/chart/util/LineUtilities.java
A    output/.champ-graphics-build-zrp_jfc0/buggy/source/org/jfree/chart/util/LogFormat.java
A    output/.champ-graphics-build-zrp_jfc0/buggy/source/org/jfree/chart/util/ResourceBundleWrapper.java
A    output/.champ-graphics-build-zrp_jfc0/buggy/source/org/jfree/chart/util/SerialUtilities.java
A    output/.champ-graphics-build-zrp_jfc0/buggy/source/org/jfree/chart/util/RectangleAnchor.java
A    output/.champ-graphics-build-zrp_jfc0/buggy/source/org/jfree/chart/util/RectangleEdge.java
A    output/.champ-graphics-build-zrp_jfc0/buggy/source/org/jfree/chart/util/RectangleInsets.java
A    output/.champ-graphics-build-zrp_jfc0/buggy/source/org/jfree/chart/util/RefineryUtilities.java
A    output/.champ-graphics-build-zrp_jfc0/buggy/source/org/jfree/chart/util/Rotation.java
A    output/.champ-graphics-build-zrp_jfc0/buggy/source/org/jfree/chart/util/Size2D.java
A    output/.champ-graphics-build-zrp_jfc0/buggy/source/org/jfree/chart/util/SortOrder.java
A    output/.champ-graphics-build-zrp_jfc0/buggy/source/org/jfree/chart/util/StandardGradientPaintTransformer.java
A    output/.champ-graphics-build-zrp_jfc0/buggy/source/org/jfree/chart/util/StringUtilities.java
A    output/.champ-graphics-build-zrp_jfc0/buggy/source/org/jfree/chart/util/StrokeList.java
A    output/.champ-graphics-build-zrp_jfc0/buggy/source/org/jfree/chart/util/TableOrder.java
A    output/.champ-graphics-build-zrp_jfc0/buggy/source/org/jfree/chart/util/UnitType.java
A    output/.champ-graphics-build-zrp_jfc0/buggy/source/org/jfree/chart/util/VerticalAlignment.java
A    output/.champ-graphics-build-zrp_jfc0/buggy/source/org/jfree/chart/util/BooleanList.java
A    output/.champ-graphics-build-zrp_jfc0/buggy/source/org/jfree/chart/util/GradientPaintTransformType.java
A    output/.champ-graphics-build-zrp_jfc0/buggy/source/org/jfree/chart/util/GradientPaintTransformer.java
A    output/.champ-graphics-build-zrp_jfc0/buggy/source/org/jfree/chart/util/HashUtilities.java
A    output/.champ-graphics-build-zrp_jfc0/buggy/source/org/jfree/chart/util/HexNumberFormat.java
A    output/.champ-graphics-build-zrp_jfc0/buggy/source/org/jfree/chart/util/HorizontalAlignment.java
A    output/.champ-graphics-build-zrp_jfc0/buggy/source/org/jfree/chart/util/Layer.java
A    output/.champ-graphics-build-zrp_jfc0/buggy/source/org/jfree/chart/util/LengthAdjustmentType.java
A    output/.champ-graphics-build-zrp_jfc0/buggy/source/org/jfree/chart/util/NumberCellRenderer.java
A    output/.champ-graphics-build-zrp_jfc0/buggy/source/org/jfree/chart/util/ObjectList.java
A    output/.champ-graphics-build-zrp_jfc0/buggy/source/org/jfree/chart/util/ObjectUtilities.java
A    output/.champ-graphics-build-zrp_jfc0/buggy/source/org/jfree/chart/util/PaintUtilities.java
A    output/.champ-graphics-build-zrp_jfc0/buggy/source/org/jfree/chart/util/PublicCloneable.java
A    output/.champ-graphics-build-zrp_jfc0/buggy/source/org/jfree/chart/util/Align.java
A    output/.champ-graphics-build-zrp_jfc0/buggy/source/org/jfree/chart/util/ApplicationFrame.java
A    output/.champ-graphics-build-zrp_jfc0/buggy/source/org/jfree/chart/util/ArrayUtilities.java
A    output/.champ-graphics-build-zrp_jfc0/buggy/source/org/jfree/chart/util/AttributedStringUtilities.java
A    output/.champ-graphics-build-zrp_jfc0/buggy/source/org/jfree/chart/util/PaintList.java
A    output/.champ-graphics-build-zrp_jfc0/buggy/source/org/jfree/chart/util/ShapeList.java
A    output/.champ-graphics-build-zrp_jfc0/buggy/source/org/jfree/chart/util/AbstractObjectList.java
A    output/.champ-graphics-build-zrp_jfc0/buggy/source/org/jfree/chart/util/RelativeDateFormat.java
A    output/.champ-graphics-build-zrp_jfc0/buggy/source/org/jfree/chart/util/package.html
A    output/.champ-graphics-build-zrp_jfc0/buggy/source/org/jfree/chart/BufferedImageRenderingSource.java
A    output/.champ-graphics-build-zrp_jfc0/buggy/source/org/jfree/chart/ChartFactory.java
A    output/.champ-graphics-build-zrp_jfc0/buggy/source/org/jfree/chart/ChartPanel.java
A    output/.champ-graphics-build-zrp_jfc0/buggy/source/org/jfree/chart/RenderingSource.java
A    output/.champ-graphics-build-zrp_jfc0/buggy/source/org/jfree/chart/JFreeChart.java
A    output/.champ-graphics-build-zrp_jfc0/buggy/source/org/jfree/chart/entity
A    output/.champ-graphics-build-zrp_jfc0/buggy/source/org/jfree/chart/entity/PieSectionEntity.java
A    output/.champ-graphics-build-zrp_jfc0/buggy/source/org/jfree/chart/entity/JFreeChartEntity.java
A    output/.champ-graphics-build-zrp_jfc0/buggy/source/org/jfree/chart/entity/TitleEntity.java
A    output/.champ-graphics-build-zrp_jfc0/buggy/source/org/jfree/chart/entity/PlotEntity.java
A    output/.champ-graphics-build-zrp_jfc0/buggy/source/org/jfree/chart/entity/AxisEntity.java
A    output/.champ-graphics-build-zrp_jfc0/buggy/source/org/jfree/chart/entity/CategoryLabelEntity.java
A    output/.champ-graphics-build-zrp_jfc0/buggy/source/org/jfree/chart/entity/ChartEntity.java
A    output/.champ-graphics-build-zrp_jfc0/buggy/source/org/jfree/chart/entity/CategoryItemEntity.java
A    output/.champ-graphics-build-zrp_jfc0/buggy/source/org/jfree/chart/entity/AxisLabelEntity.java
A    output/.champ-graphics-build-zrp_jfc0/buggy/source/org/jfree/chart/entity/EntityCollection.java
A    output/.champ-graphics-build-zrp_jfc0/buggy/source/org/jfree/chart/entity/LegendItemEntity.java
A    output/.champ-graphics-build-zrp_jfc0/buggy/source/org/jfree/chart/entity/StandardEntityCollection.java
A    output/.champ-graphics-build-zrp_jfc0/buggy/source/org/jfree/chart/entity/TickLabelEntity.java
A    output/.champ-graphics-build-zrp_jfc0/buggy/source/org/jfree/chart/entity/XYAnnotationEntity.java
A    output/.champ-graphics-build-zrp_jfc0/buggy/source/org/jfree/chart/entity/XYItemEntity.java
A    output/.champ-graphics-build-zrp_jfc0/buggy/source/org/jfree/chart/entity/package.html
A    output/.champ-graphics-build-zrp_jfc0/buggy/source/org/jfree/chart/labels
A    output/.champ-graphics-build-zrp_jfc0/buggy/source/org/jfree/chart/labels/AbstractPieItemLabelGenerator.java
A    output/.champ-graphics-build-zrp_jfc0/buggy/source/org/jfree/chart/labels/PieSectionLabelGenerator.java
A    output/.champ-graphics-build-zrp_jfc0/buggy/source/org/jfree/chart/labels/PieToolTipGenerator.java
A    output/.champ-graphics-build-zrp_jfc0/buggy/source/org/jfree/chart/labels/StandardPieSectionLabelGenerator.java
A    output/.champ-graphics-build-zrp_jfc0/buggy/source/org/jfree/chart/labels/StandardPieToolTipGenerator.java
A    output/.champ-graphics-build-zrp_jfc0/buggy/source/org/jfree/chart/labels/StandardXYItemLabelGenerator.java
A    output/.champ-graphics-build-zrp_jfc0/buggy/source/org/jfree/chart/labels/CrosshairLabelGenerator.java
A    output/.champ-graphics-build-zrp_jfc0/buggy/source/org/jfree/chart/labels/StandardCrosshairLabelGenerator.java
A    output/.champ-graphics-build-zrp_jfc0/buggy/source/org/jfree/chart/labels/IntervalCategoryToolTipGenerator.java
A    output/.champ-graphics-build-zrp_jfc0/buggy/source/org/jfree/chart/labels/AbstractCategoryItemLabelGenerator.java
A    output/.champ-graphics-build-zrp_jfc0/buggy/source/org/jfree/chart/labels/BoxAndWhiskerXYToolTipGenerator.java
A    output/.champ-graphics-build-zrp_jfc0/buggy/source/org/jfree/chart/labels/BubbleXYItemLabelGenerator.java
A    output/.champ-graphics-build-zrp_jfc0/buggy/source/org/jfree/chart/labels/MultipleXYSeriesLabelGenerator.java
A    output/.champ-graphics-build-zrp_jfc0/buggy/source/org/jfree/chart/labels/StandardCategorySeriesLabelGenerator.java
A    output/.champ-graphics-build-zrp_jfc0/buggy/source/org/jfree/chart/labels/StandardXYSeriesLabelGenerator.java
A    output/.champ-graphics-build-zrp_jfc0/buggy/source/org/jfree/chart/labels/StandardXYToolTipGenerator.java
A    output/.champ-graphics-build-zrp_jfc0/buggy/source/org/jfree/chart/labels/StandardXYZToolTipGenerator.java
A    output/.champ-graphics-build-zrp_jfc0/buggy/source/org/jfree/chart/labels/SymbolicXYItemLabelGenerator.java
A    output/.champ-graphics-build-zrp_jfc0/buggy/source/org/jfree/chart/labels/XYItemLabelGenerator.java
A    output/.champ-graphics-build-zrp_jfc0/buggy/source/org/jfree/chart/labels/XYSeriesLabelGenerator.java
A    output/.champ-graphics-build-zrp_jfc0/buggy/source/org/jfree/chart/labels/XYToolTipGenerator.java
A    output/.champ-graphics-build-zrp_jfc0/buggy/source/org/jfree/chart/labels/XYZToolTipGenerator.java
A    output/.champ-graphics-build-zrp_jfc0/buggy/source/org/jfree/chart/labels/CustomXYToolTipGenerator.java
A    output/.champ-graphics-build-zrp_jfc0/buggy/source/org/jfree/chart/labels/IntervalCategoryItemLabelGenerator.java
A    output/.champ-graphics-build-zrp_jfc0/buggy/source/org/jfree/chart/labels/ItemLabelAnchor.java
A    output/.champ-graphics-build-zrp_jfc0/buggy/source/org/jfree/chart/labels/ItemLabelPosition.java
A    output/.champ-graphics-build-zrp_jfc0/buggy/source/org/jfree/chart/labels/StandardCategoryItemLabelGenerator.java
A    output/.champ-graphics-build-zrp_jfc0/buggy/source/org/jfree/chart/labels/StandardCategoryToolTipGenerator.java
A    output/.champ-graphics-build-zrp_jfc0/buggy/source/org/jfree/chart/labels/BoxAndWhiskerToolTipGenerator.java
A    output/.champ-graphics-build-zrp_jfc0/buggy/source/org/jfree/chart/labels/CategoryItemLabelGenerator.java
A    output/.champ-graphics-build-zrp_jfc0/buggy/source/org/jfree/chart/labels/CategorySeriesLabelGenerator.java
A    output/.champ-graphics-build-zrp_jfc0/buggy/source/org/jfree/chart/labels/CategoryToolTipGenerator.java
A    output/.champ-graphics-build-zrp_jfc0/buggy/source/org/jfree/chart/labels/AbstractXYItemLabelGenerator.java
A    output/.champ-graphics-build-zrp_jfc0/buggy/source/org/jfree/chart/labels/IntervalXYItemLabelGenerator.java
A    output/.champ-graphics-build-zrp_jfc0/buggy/source/org/jfree/chart/labels/HighLowItemLabelGenerator.java
A    output/.champ-graphics-build-zrp_jfc0/buggy/source/org/jfree/chart/labels/package.html
A    output/.champ-graphics-build-zrp_jfc0/buggy/source/org/jfree/chart/panel
A    output/.champ-graphics-build-zrp_jfc0/buggy/source/org/jfree/chart/panel/RegionSelectionHandler.java
A    output/.champ-graphics-build-zrp_jfc0/buggy/source/org/jfree/chart/panel/AbstractMouseHandler.java
A    output/.champ-graphics-build-zrp_jfc0/buggy/source/org/jfree/chart/panel/PanHandler.java
A    output/.champ-graphics-build-zrp_jfc0/buggy/source/org/jfree/chart/panel/ZoomHandler.java
A    output/.champ-graphics-build-zrp_jfc0/buggy/source/org/jfree/chart/panel/package.html
A    output/.champ-graphics-build-zrp_jfc0/buggy/source/org/jfree/chart/panel/AbstractOverlay.java
A    output/.champ-graphics-build-zrp_jfc0/buggy/source/org/jfree/chart/panel/CrosshairOverlay.java
A    output/.champ-graphics-build-zrp_jfc0/buggy/source/org/jfree/chart/panel/Overlay.java
A    output/.champ-graphics-build-zrp_jfc0/buggy/source/org/jfree/chart/urls
A    output/.champ-graphics-build-zrp_jfc0/buggy/source/org/jfree/chart/urls/CustomPieURLGenerator.java
A    output/.champ-graphics-build-zrp_jfc0/buggy/source/org/jfree/chart/urls/PieURLGenerator.java
A    output/.champ-graphics-build-zrp_jfc0/buggy/source/org/jfree/chart/urls/StandardPieURLGenerator.java
A    output/.champ-graphics-build-zrp_jfc0/buggy/source/org/jfree/chart/urls/CategoryURLGenerator.java
A    output/.champ-graphics-build-zrp_jfc0/buggy/source/org/jfree/chart/urls/CustomCategoryURLGenerator.java
A    output/.champ-graphics-build-zrp_jfc0/buggy/source/org/jfree/chart/urls/CustomXYURLGenerator.java
A    output/.champ-graphics-build-zrp_jfc0/buggy/source/org/jfree/chart/urls/StandardCategoryURLGenerator.java
A    output/.champ-graphics-build-zrp_jfc0/buggy/source/org/jfree/chart/urls/StandardXYURLGenerator.java
A    output/.champ-graphics-build-zrp_jfc0/buggy/source/org/jfree/chart/urls/StandardXYZURLGenerator.java
A    output/.champ-graphics-build-zrp_jfc0/buggy/source/org/jfree/chart/urls/TimeSeriesURLGenerator.java
A    output/.champ-graphics-build-zrp_jfc0/buggy/source/org/jfree/chart/urls/XYURLGenerator.java
A    output/.champ-graphics-build-zrp_jfc0/buggy/source/org/jfree/chart/urls/XYZURLGenerator.java
A    output/.champ-graphics-build-zrp_jfc0/buggy/source/org/jfree/chart/urls/package.html
A    output/.champ-graphics-build-zrp_jfc0/buggy/source/org/jfree/chart/ChartRenderingInfo.java
A    output/.champ-graphics-build-zrp_jfc0/buggy/source/org/jfree/chart/StandardChartTheme.java
A    output/.champ-graphics-build-zrp_jfc0/buggy/source/org/jfree/chart/title
A    output/.champ-graphics-build-zrp_jfc0/buggy/source/org/jfree/chart/title/PaintScaleLegend.java
A    output/.champ-graphics-build-zrp_jfc0/buggy/source/org/jfree/chart/title/LegendTitle.java
A    output/.champ-graphics-build-zrp_jfc0/buggy/source/org/jfree/chart/title/TextTitle.java
A    output/.champ-graphics-build-zrp_jfc0/buggy/source/org/jfree/chart/title/DateTitle.java
A    output/.champ-graphics-build-zrp_jfc0/buggy/source/org/jfree/chart/title/Title.java
A    output/.champ-graphics-build-zrp_jfc0/buggy/source/org/jfree/chart/title/ShortTextTitle.java
A    output/.champ-graphics-build-zrp_jfc0/buggy/source/org/jfree/chart/title/CompositeTitle.java
A    output/.champ-graphics-build-zrp_jfc0/buggy/source/org/jfree/chart/title/LegendGraphic.java
A    output/.champ-graphics-build-zrp_jfc0/buggy/source/org/jfree/chart/title/ImageTitle.java
A    output/.champ-graphics-build-zrp_jfc0/buggy/source/org/jfree/chart/title/LegendItemBlockContainer.java
A    output/.champ-graphics-build-zrp_jfc0/buggy/source/org/jfree/chart/title/package.html
A    output/.champ-graphics-build-zrp_jfc0/buggy/source/org/jfree/chart/ChartTransferable.java
A    output/.champ-graphics-build-zrp_jfc0/buggy/source/org/jfree/chart/LegendItem.java
A    output/.champ-graphics-build-zrp_jfc0/buggy/source/org/jfree/chart/editor
A    output/.champ-graphics-build-zrp_jfc0/buggy/source/org/jfree/chart/editor/DefaultNumberAxisEditor.java
A    output/.champ-graphics-build-zrp_jfc0/buggy/source/org/jfree/chart/editor/DefaultPlotEditor.java
A    output/.champ-graphics-build-zrp_jfc0/buggy/source/org/jfree/chart/editor/DefaultAxisEditor.java
A    output/.champ-graphics-build-zrp_jfc0/buggy/source/org/jfree/chart/editor/DefaultChartEditor.java
A    output/.champ-graphics-build-zrp_jfc0/buggy/source/org/jfree/chart/editor/DefaultTitleEditor.java
A    output/.champ-graphics-build-zrp_jfc0/buggy/source/org/jfree/chart/editor/ChartEditor.java
A    output/.champ-graphics-build-zrp_jfc0/buggy/source/org/jfree/chart/editor/ChartEditorFactory.java
A    output/.champ-graphics-build-zrp_jfc0/buggy/source/org/jfree/chart/editor/ChartEditorManager.java
A    output/.champ-graphics-build-zrp_jfc0/buggy/source/org/jfree/chart/editor/DefaultChartEditorFactory.java
A    output/.champ-graphics-build-zrp_jfc0/buggy/source/org/jfree/chart/editor/LocalizationBundle.properties
A    output/.champ-graphics-build-zrp_jfc0/buggy/source/org/jfree/chart/editor/LocalizationBundle_de.properties
A    output/.champ-graphics-build-zrp_jfc0/buggy/source/org/jfree/chart/editor/LocalizationBundle_es.properties
A    output/.champ-graphics-build-zrp_jfc0/buggy/source/org/jfree/chart/editor/LocalizationBundle_fr.properties
A    output/.champ-graphics-build-zrp_jfc0/buggy/source/org/jfree/chart/editor/LocalizationBundle_nl.properties
A    output/.champ-graphics-build-zrp_jfc0/buggy/source/org/jfree/chart/editor/LocalizationBundle_pl.properties
A    output/.champ-graphics-build-zrp_jfc0/buggy/source/org/jfree/chart/editor/LocalizationBundle_pt_BR.properties
A    output/.champ-graphics-build-zrp_jfc0/buggy/source/org/jfree/chart/editor/LocalizationBundle_pt_PT.properties
A    output/.champ-graphics-build-zrp_jfc0/buggy/source/org/jfree/chart/editor/LocalizationBundle_ru.properties
A    output/.champ-graphics-build-zrp_jfc0/buggy/source/org/jfree/chart/editor/LocalizationBundle_zh_CN.properties
A    output/.champ-graphics-build-zrp_jfc0/buggy/source/org/jfree/chart/editor/package.html
A    output/.champ-graphics-build-zrp_jfc0/buggy/source/org/jfree/chart/block
A    output/.champ-graphics-build-zrp_jfc0/buggy/source/org/jfree/chart/block/LabelBlock.java
A    output/.champ-graphics-build-zrp_jfc0/buggy/source/org/jfree/chart/block/GridArrangement.java
A    output/.champ-graphics-build-zrp_jfc0/buggy/source/org/jfree/chart/block/Arrangement.java
A    output/.champ-graphics-build-zrp_jfc0/buggy/source/org/jfree/chart/block/AbstractBlock.java
A    output/.champ-graphics-build-zrp_jfc0/buggy/source/org/jfree/chart/block/Block.java
A    output/.champ-graphics-build-zrp_jfc0/buggy/source/org/jfree/chart/block/BlockBorder.java
A    output/.champ-graphics-build-zrp_jfc0/buggy/source/org/jfree/chart/block/BlockContainer.java
A    output/.champ-graphics-build-zrp_jfc0/buggy/source/org/jfree/chart/block/BlockFrame.java
A    output/.champ-graphics-build-zrp_jfc0/buggy/source/org/jfree/chart/block/BlockParams.java
A    output/.champ-graphics-build-zrp_jfc0/buggy/source/org/jfree/chart/block/BlockResult.java
A    output/.champ-graphics-build-zrp_jfc0/buggy/source/org/jfree/chart/block/CenterArrangement.java
A    output/.champ-graphics-build-zrp_jfc0/buggy/source/org/jfree/chart/block/ColorBlock.java
A    output/.champ-graphics-build-zrp_jfc0/buggy/source/org/jfree/chart/block/EmptyBlock.java
A    output/.champ-graphics-build-zrp_jfc0/buggy/source/org/jfree/chart/block/EntityBlockParams.java
A    output/.champ-graphics-build-zrp_jfc0/buggy/source/org/jfree/chart/block/EntityBlockResult.java
A    output/.champ-graphics-build-zrp_jfc0/buggy/source/org/jfree/chart/block/FlowArrangement.java
A    output/.champ-graphics-build-zrp_jfc0/buggy/source/org/jfree/chart/block/LengthConstraintType.java
A    output/.champ-graphics-build-zrp_jfc0/buggy/source/org/jfree/chart/block/LineBorder.java
A    output/.champ-graphics-build-zrp_jfc0/buggy/source/org/jfree/chart/block/RectangleConstraint.java
A    output/.champ-graphics-build-zrp_jfc0/buggy/source/org/jfree/chart/block/ColumnArrangement.java
A    output/.champ-graphics-build-zrp_jfc0/buggy/source/org/jfree/chart/block/BorderArrangement.java
A    output/.champ-graphics-build-zrp_jfc0/buggy/source/org/jfree/chart/block/package.html
A    output/.champ-graphics-build-zrp_jfc0/buggy/source/org/jfree/chart/imagemap
A    output/.champ-graphics-build-zrp_jfc0/buggy/source/org/jfree/chart/imagemap/DynamicDriveToolTipTagFragmentGenerator.java
A    output/.champ-graphics-build-zrp_jfc0/buggy/source/org/jfree/chart/imagemap/OverLIBToolTipTagFragmentGenerator.java
A    output/.champ-graphics-build-zrp_jfc0/buggy/source/org/jfree/chart/imagemap/ImageMapUtilities.java
A    output/.champ-graphics-build-zrp_jfc0/buggy/source/org/jfree/chart/imagemap/StandardToolTipTagFragmentGenerator.java
A    output/.champ-graphics-build-zrp_jfc0/buggy/source/org/jfree/chart/imagemap/StandardURLTagFragmentGenerator.java
A    output/.champ-graphics-build-zrp_jfc0/buggy/source/org/jfree/chart/imagemap/ToolTipTagFragmentGenerator.java
A    output/.champ-graphics-build-zrp_jfc0/buggy/source/org/jfree/chart/imagemap/URLTagFragmentGenerator.java
A    output/.champ-graphics-build-zrp_jfc0/buggy/source/org/jfree/chart/imagemap/package.html
A    output/.champ-graphics-build-zrp_jfc0/buggy/source/org/jfree/chart/ui
A    output/.champ-graphics-build-zrp_jfc0/buggy/source/org/jfree/chart/ui/FontChooserPanel.java
A    output/.champ-graphics-build-zrp_jfc0/buggy/source/org/jfree/chart/ui/FontDisplayField.java
A    output/.champ-graphics-build-zrp_jfc0/buggy/source/org/jfree/chart/ui/BasicProjectInfo.java
A    output/.champ-graphics-build-zrp_jfc0/buggy/source/org/jfree/chart/ui/Contributor.java
A    output/.champ-graphics-build-zrp_jfc0/buggy/source/org/jfree/chart/ui/ExtensionFileFilter.java
A    output/.champ-graphics-build-zrp_jfc0/buggy/source/org/jfree/chart/ui/LCBLayout.java
A    output/.champ-graphics-build-zrp_jfc0/buggy/source/org/jfree/chart/ui/Licences.java
A    output/.champ-graphics-build-zrp_jfc0/buggy/source/org/jfree/chart/ui/PaintSample.java
A    output/.champ-graphics-build-zrp_jfc0/buggy/source/org/jfree/chart/ui/ProjectInfo.java
A    output/.champ-graphics-build-zrp_jfc0/buggy/source/org/jfree/chart/ui/StrokeChooserPanel.java
A    output/.champ-graphics-build-zrp_jfc0/buggy/source/org/jfree/chart/ui/StrokeSample.java
A    output/.champ-graphics-build-zrp_jfc0/buggy/source/org/jfree/chart/ui/Library.java
A    output/.champ-graphics-build-zrp_jfc0/buggy/source/org/jfree/chart/ui/LocalizationBundle.properties
A    output/.champ-graphics-build-zrp_jfc0/buggy/source/org/jfree/chart/ui/LocalizationBundle_de.properties
A    output/.champ-graphics-build-zrp_jfc0/buggy/source/org/jfree/chart/ui/LocalizationBundle_es.properties
A    output/.champ-graphics-build-zrp_jfc0/buggy/source/org/jfree/chart/ui/LocalizationBundle_fr.properties
A    output/.champ-graphics-build-zrp_jfc0/buggy/source/org/jfree/chart/ui/LocalizationBundle_pt_PT.properties
A    output/.champ-graphics-build-zrp_jfc0/buggy/source/org/jfree/chart/resources
A    output/.champ-graphics-build-zrp_jfc0/buggy/source/org/jfree/chart/resources/JFreeChartResources.java
A    output/.champ-graphics-build-zrp_jfc0/buggy/source/org/jfree/chart/resources/package.html
A    output/.champ-graphics-build-zrp_jfc0/buggy/source/org/jfree/chart/needle
A    output/.champ-graphics-build-zrp_jfc0/buggy/source/org/jfree/chart/needle/ArrowNeedle.java
A    output/.champ-graphics-build-zrp_jfc0/buggy/source/org/jfree/chart/needle/LineNeedle.java
A    output/.champ-graphics-build-zrp_jfc0/buggy/source/org/jfree/chart/needle/LongNeedle.java
A    output/.champ-graphics-build-zrp_jfc0/buggy/source/org/jfree/chart/needle/MeterNeedle.java
A    output/.champ-graphics-build-zrp_jfc0/buggy/source/org/jfree/chart/needle/MiddlePinNeedle.java
A    output/.champ-graphics-build-zrp_jfc0/buggy/source/org/jfree/chart/needle/PinNeedle.java
A    output/.champ-graphics-build-zrp_jfc0/buggy/source/org/jfree/chart/needle/PlumNeedle.java
A    output/.champ-graphics-build-zrp_jfc0/buggy/source/org/jfree/chart/needle/PointerNeedle.java
A    output/.champ-graphics-build-zrp_jfc0/buggy/source/org/jfree/chart/needle/ShipNeedle.java
A    output/.champ-graphics-build-zrp_jfc0/buggy/source/org/jfree/chart/needle/WindNeedle.java
A    output/.champ-graphics-build-zrp_jfc0/buggy/source/org/jfree/chart/needle/package.html
A    output/.champ-graphics-build-zrp_jfc0/buggy/source/org/jfree/chart/encoders
A    output/.champ-graphics-build-zrp_jfc0/buggy/source/org/jfree/chart/encoders/EncoderUtil.java
A    output/.champ-graphics-build-zrp_jfc0/buggy/source/org/jfree/chart/encoders/ImageEncoder.java
A    output/.champ-graphics-build-zrp_jfc0/buggy/source/org/jfree/chart/encoders/ImageEncoderFactory.java
A    output/.champ-graphics-build-zrp_jfc0/buggy/source/org/jfree/chart/encoders/ImageFormat.java
A    output/.champ-graphics-build-zrp_jfc0/buggy/source/org/jfree/chart/encoders/SunJPEGEncoderAdapter.java
A    output/.champ-graphics-build-zrp_jfc0/buggy/source/org/jfree/chart/encoders/SunPNGEncoderAdapter.java
A    output/.champ-graphics-build-zrp_jfc0/buggy/source/org/jfree/chart/encoders/package.html
A    output/.champ-graphics-build-zrp_jfc0/buggy/source/org/jfree/chart/servlet
A    output/.champ-graphics-build-zrp_jfc0/buggy/source/org/jfree/chart/servlet/ChartDeleter.java
A    output/.champ-graphics-build-zrp_jfc0/buggy/source/org/jfree/chart/servlet/DisplayChart.java
A    output/.champ-graphics-build-zrp_jfc0/buggy/source/org/jfree/chart/servlet/ServletUtilities.java
A    output/.champ-graphics-build-zrp_jfc0/buggy/source/org/jfree/chart/servlet/package.html
A    output/.champ-graphics-build-zrp_jfc0/buggy/source/org/jfree/chart/ChartTheme.java
A    output/.champ-graphics-build-zrp_jfc0/buggy/source/org/jfree/chart/ChartUtilities.java
A    output/.champ-graphics-build-zrp_jfc0/buggy/source/org/jfree/chart/LegendItemCollection.java
A    output/.champ-graphics-build-zrp_jfc0/buggy/source/org/jfree/chart/LegendItemSource.java
A    output/.champ-graphics-build-zrp_jfc0/buggy/source/org/jfree/chart/LegendRenderingOrder.java
A    output/.champ-graphics-build-zrp_jfc0/buggy/source/org/jfree/chart/PolarChartPanel.java
A    output/.champ-graphics-build-zrp_jfc0/buggy/source/org/jfree/chart/Drawable.java
A    output/.champ-graphics-build-zrp_jfc0/buggy/source/org/jfree/chart/Effect3D.java
A    output/.champ-graphics-build-zrp_jfc0/buggy/source/org/jfree/chart/ChartColor.java
A    output/.champ-graphics-build-zrp_jfc0/buggy/source/org/jfree/chart/ChartFrame.java
A    output/.champ-graphics-build-zrp_jfc0/buggy/source/org/jfree/chart/ChartMouseEvent.java
A    output/.champ-graphics-build-zrp_jfc0/buggy/source/org/jfree/chart/ChartMouseListener.java
A    output/.champ-graphics-build-zrp_jfc0/buggy/source/org/jfree/chart/LocalizationBundle_it.properties
A    output/.champ-graphics-build-zrp_jfc0/buggy/source/org/jfree/chart/LocalizationBundle.properties
A    output/.champ-graphics-build-zrp_jfc0/buggy/source/org/jfree/chart/LocalizationBundle_de.properties
A    output/.champ-graphics-build-zrp_jfc0/buggy/source/org/jfree/chart/LocalizationBundle_es.properties
A    output/.champ-graphics-build-zrp_jfc0/buggy/source/org/jfree/chart/LocalizationBundle_fr.properties
A    output/.champ-graphics-build-zrp_jfc0/buggy/source/org/jfree/chart/LocalizationBundle_pl.properties
A    output/.champ-graphics-build-zrp_jfc0/buggy/source/org/jfree/chart/LocalizationBundle_pt_BR.properties
A    output/.champ-graphics-build-zrp_jfc0/buggy/source/org/jfree/chart/LocalizationBundle_pt_PT.properties
A    output/.champ-graphics-build-zrp_jfc0/buggy/source/org/jfree/chart/LocalizationBundle_ru.properties
A    output/.champ-graphics-build-zrp_jfc0/buggy/source/org/jfree/chart/LocalizationBundle_zh_CN.properties
A    output/.champ-graphics-build-zrp_jfc0/buggy/source/org/jfree/chart/LocalizationBundle_zh_TW.properties
A    output/.champ-graphics-build-zrp_jfc0/buggy/source/org/jfree/chart/gorilla.jpg
A    output/.champ-graphics-build-zrp_jfc0/buggy/source/org/jfree/chart/package.html
A    output/.champ-graphics-build-zrp_jfc0/buggy/source/org/jfree/data
A    output/.champ-graphics-build-zrp_jfc0/buggy/source/org/jfree/data/time
A    output/.champ-graphics-build-zrp_jfc0/buggy/source/org/jfree/data/time/TimeTableXYDataset.java
A    output/.champ-graphics-build-zrp_jfc0/buggy/source/org/jfree/data/time/TimeSeries.java
A    output/.champ-graphics-build-zrp_jfc0/buggy/source/org/jfree/data/time/TimePeriodValues.java
A    output/.champ-graphics-build-zrp_jfc0/buggy/source/org/jfree/data/time/TimeSeriesCollection.java
A    output/.champ-graphics-build-zrp_jfc0/buggy/source/org/jfree/data/time/TimeSeriesTableModel.java
A    output/.champ-graphics-build-zrp_jfc0/buggy/source/org/jfree/data/time/DynamicTimeSeriesCollection.java
A    output/.champ-graphics-build-zrp_jfc0/buggy/source/org/jfree/data/time/ohlc
A    output/.champ-graphics-build-zrp_jfc0/buggy/source/org/jfree/data/time/ohlc/OHLCSeriesCollection.java
A    output/.champ-graphics-build-zrp_jfc0/buggy/source/org/jfree/data/time/ohlc/OHLC.java
A    output/.champ-graphics-build-zrp_jfc0/buggy/source/org/jfree/data/time/ohlc/OHLCSeries.java
A    output/.champ-graphics-build-zrp_jfc0/buggy/source/org/jfree/data/time/ohlc/OHLCItem.java
A    output/.champ-graphics-build-zrp_jfc0/buggy/source/org/jfree/data/time/ohlc/package.html
A    output/.champ-graphics-build-zrp_jfc0/buggy/source/org/jfree/data/time/TimePeriodValuesCollection.java
A    output/.champ-graphics-build-zrp_jfc0/buggy/source/org/jfree/data/time/TimeSeriesDataItem.java
A    output/.champ-graphics-build-zrp_jfc0/buggy/source/org/jfree/data/time/MovingAverage.java
A    output/.champ-graphics-build-zrp_jfc0/buggy/source/org/jfree/data/time/Month.java
A    output/.champ-graphics-build-zrp_jfc0/buggy/source/org/jfree/data/time/Quarter.java
A    output/.champ-graphics-build-zrp_jfc0/buggy/source/org/jfree/data/time/Year.java
A    output/.champ-graphics-build-zrp_jfc0/buggy/source/org/jfree/data/time/Day.java
A    output/.champ-graphics-build-zrp_jfc0/buggy/source/org/jfree/data/time/Hour.java
A    output/.champ-graphics-build-zrp_jfc0/buggy/source/org/jfree/data/time/Millisecond.java
A    output/.champ-graphics-build-zrp_jfc0/buggy/source/org/jfree/data/time/Minute.java
A    output/.champ-graphics-build-zrp_jfc0/buggy/source/org/jfree/data/time/RegularTimePeriod.java
A    output/.champ-graphics-build-zrp_jfc0/buggy/source/org/jfree/data/time/Second.java
A    output/.champ-graphics-build-zrp_jfc0/buggy/source/org/jfree/data/time/Week.java
A    output/.champ-graphics-build-zrp_jfc0/buggy/source/org/jfree/data/time/SimpleTimePeriod.java
A    output/.champ-graphics-build-zrp_jfc0/buggy/source/org/jfree/data/time/DateRange.java
A    output/.champ-graphics-build-zrp_jfc0/buggy/source/org/jfree/data/time/TimePeriodValue.java
A    output/.champ-graphics-build-zrp_jfc0/buggy/source/org/jfree/data/time/FixedMillisecond.java
A    output/.champ-graphics-build-zrp_jfc0/buggy/source/org/jfree/data/time/SpreadsheetDate.java
A    output/.champ-graphics-build-zrp_jfc0/buggy/source/org/jfree/data/time/TimePeriod.java
A    output/.champ-graphics-build-zrp_jfc0/buggy/source/org/jfree/data/time/TimePeriodAnchor.java
A    output/.champ-graphics-build-zrp_jfc0/buggy/source/org/jfree/data/time/TimePeriodFormatException.java
A    output/.champ-graphics-build-zrp_jfc0/buggy/source/org/jfree/data/time/MonthConstants.java
A    output/.champ-graphics-build-zrp_jfc0/buggy/source/org/jfree/data/time/SerialDate.java
A    output/.champ-graphics-build-zrp_jfc0/buggy/source/org/jfree/data/time/package.html
A    output/.champ-graphics-build-zrp_jfc0/buggy/source/org/jfree/data/general
A    output/.champ-graphics-build-zrp_jfc0/buggy/source/org/jfree/data/general/DatasetUtilities.java
A    output/.champ-graphics-build-zrp_jfc0/buggy/source/org/jfree/data/general/AbstractDataset.java
A    output/.champ-graphics-build-zrp_jfc0/buggy/source/org/jfree/data/general/AbstractSeriesDataset.java
A    output/.champ-graphics-build-zrp_jfc0/buggy/source/org/jfree/data/general/Dataset.java
A    output/.champ-graphics-build-zrp_jfc0/buggy/source/org/jfree/data/general/Series.java
A    output/.champ-graphics-build-zrp_jfc0/buggy/source/org/jfree/data/general/DefaultHeatMapDataset.java
A    output/.champ-graphics-build-zrp_jfc0/buggy/source/org/jfree/data/general/DefaultKeyedValueDataset.java
A    output/.champ-graphics-build-zrp_jfc0/buggy/source/org/jfree/data/general/DefaultKeyedValuesDataset.java
A    output/.champ-graphics-build-zrp_jfc0/buggy/source/org/jfree/data/general/DefaultValueDataset.java
A    output/.champ-graphics-build-zrp_jfc0/buggy/source/org/jfree/data/general/KeyedValuesDataset.java
A    output/.champ-graphics-build-zrp_jfc0/buggy/source/org/jfree/data/general/DatasetAndSelection.java
A    output/.champ-graphics-build-zrp_jfc0/buggy/source/org/jfree/data/general/DatasetSelectionState.java
A    output/.champ-graphics-build-zrp_jfc0/buggy/source/org/jfree/data/general/SeriesChangeInfo.java
A    output/.champ-graphics-build-zrp_jfc0/buggy/source/org/jfree/data/general/SeriesChangeType.java
A    output/.champ-graphics-build-zrp_jfc0/buggy/source/org/jfree/data/general/HeatMapDataset.java
A    output/.champ-graphics-build-zrp_jfc0/buggy/source/org/jfree/data/general/HeatMapUtilities.java
A    output/.champ-graphics-build-zrp_jfc0/buggy/source/org/jfree/data/general/SeriesDataset.java
A    output/.champ-graphics-build-zrp_jfc0/buggy/source/org/jfree/data/general/SeriesException.java
A    output/.champ-graphics-build-zrp_jfc0/buggy/source/org/jfree/data/general/ValueDataset.java
A    output/.champ-graphics-build-zrp_jfc0/buggy/source/org/jfree/data/general/WaferMapDataset.java
A    output/.champ-graphics-build-zrp_jfc0/buggy/source/org/jfree/data/general/DefaultKeyedValues2DDataset.java
A    output/.champ-graphics-build-zrp_jfc0/buggy/source/org/jfree/data/general/KeyedValueDataset.java
A    output/.champ-graphics-build-zrp_jfc0/buggy/source/org/jfree/data/general/KeyedValues2DDataset.java
A    output/.champ-graphics-build-zrp_jfc0/buggy/source/org/jfree/data/general/DatasetGroup.java
A    output/.champ-graphics-build-zrp_jfc0/buggy/source/org/jfree/data/general/package.html
A    output/.champ-graphics-build-zrp_jfc0/buggy/source/org/jfree/data/xy
A    output/.champ-graphics-build-zrp_jfc0/buggy/source/org/jfree/data/xy/IntervalXYDataset.java
A    output/.champ-graphics-build-zrp_jfc0/buggy/source/org/jfree/data/xy/DefaultIntervalXYDataset.java
A    output/.champ-graphics-build-zrp_jfc0/buggy/source/org/jfree/data/xy/XYSeriesCollection.java
A    output/.champ-graphics-build-zrp_jfc0/buggy/source/org/jfree/data/xy/YIntervalSeriesCollection.java
A    output/.champ-graphics-build-zrp_jfc0/buggy/source/org/jfree/data/xy/VectorSeries.java
A    output/.champ-graphics-build-zrp_jfc0/buggy/source/org/jfree/data/xy/VectorSeriesCollection.java
A    output/.champ-graphics-build-zrp_jfc0/buggy/source/org/jfree/data/xy/XIntervalSeriesCollection.java
A    output/.champ-graphics-build-zrp_jfc0/buggy/source/org/jfree/data/xy/XYBarDataset.java
A    output/.champ-graphics-build-zrp_jfc0/buggy/source/org/jfree/data/xy/XYDatasetTableModel.java
A    output/.champ-graphics-build-zrp_jfc0/buggy/source/org/jfree/data/xy/XYIntervalSeriesCollection.java
A    output/.champ-graphics-build-zrp_jfc0/buggy/source/org/jfree/data/xy/XYSeries.java
A    output/.champ-graphics-build-zrp_jfc0/buggy/source/org/jfree/data/xy/CategoryTableXYDataset.java
A    output/.champ-graphics-build-zrp_jfc0/buggy/source/org/jfree/data/xy/DefaultTableXYDataset.java
A    output/.champ-graphics-build-zrp_jfc0/buggy/source/org/jfree/data/xy/DefaultXYDataset.java
A    output/.champ-graphics-build-zrp_jfc0/buggy/source/org/jfree/data/xy/DefaultXYZDataset.java
A    output/.champ-graphics-build-zrp_jfc0/buggy/source/org/jfree/data/xy/IntervalXYDelegate.java
A    output/.champ-graphics-build-zrp_jfc0/buggy/source/org/jfree/data/xy/AbstractXYDataset.java
A    output/.champ-graphics-build-zrp_jfc0/buggy/source/org/jfree/data/xy/DefaultHighLowDataset.java
A    output/.champ-graphics-build-zrp_jfc0/buggy/source/org/jfree/data/xy/MatrixSeriesCollection.java
A    output/.champ-graphics-build-zrp_jfc0/buggy/source/org/jfree/data/xy/XYDatasetSelectionState.java
A    output/.champ-graphics-build-zrp_jfc0/buggy/source/org/jfree/data/xy/SelectableXYDataset.java
A    output/.champ-graphics-build-zrp_jfc0/buggy/source/org/jfree/data/xy/XYDataItem.java
A    output/.champ-graphics-build-zrp_jfc0/buggy/source/org/jfree/data/xy/VectorDataItem.java
A    output/.champ-graphics-build-zrp_jfc0/buggy/source/org/jfree/data/xy/XYDomainInfo.java
A    output/.champ-graphics-build-zrp_jfc0/buggy/source/org/jfree/data/xy/XYRangeInfo.java
A    output/.champ-graphics-build-zrp_jfc0/buggy/source/org/jfree/data/xy/MatrixSeries.java
A    output/.champ-graphics-build-zrp_jfc0/buggy/source/org/jfree/data/xy/NormalizedMatrixSeries.java
A    output/.champ-graphics-build-zrp_jfc0/buggy/source/org/jfree/data/xy/XisSymbolic.java
A    output/.champ-graphics-build-zrp_jfc0/buggy/source/org/jfree/data/xy/AbstractIntervalXYDataset.java
A    output/.champ-graphics-build-zrp_jfc0/buggy/source/org/jfree/data/xy/AbstractXYZDataset.java
A    output/.champ-graphics-build-zrp_jfc0/buggy/source/org/jfree/data/xy/DefaultOHLCDataset.java
A    output/.champ-graphics-build-zrp_jfc0/buggy/source/org/jfree/data/xy/DefaultWindDataset.java
A    output/.champ-graphics-build-zrp_jfc0/buggy/source/org/jfree/data/xy/IntervalXYZDataset.java
A    output/.champ-graphics-build-zrp_jfc0/buggy/source/org/jfree/data/xy/YWithXInterval.java
A    output/.champ-graphics-build-zrp_jfc0/buggy/source/org/jfree/data/xy/YisSymbolic.java
A    output/.champ-graphics-build-zrp_jfc0/buggy/source/org/jfree/data/xy/XYZDataset.java
A    output/.champ-graphics-build-zrp_jfc0/buggy/source/org/jfree/data/xy/YInterval.java
A    output/.champ-graphics-build-zrp_jfc0/buggy/source/org/jfree/data/xy/YIntervalDataItem.java
A    output/.champ-graphics-build-zrp_jfc0/buggy/source/org/jfree/data/xy/YIntervalSeries.java
A    output/.champ-graphics-build-zrp_jfc0/buggy/source/org/jfree/data/xy/XYDataset.java
A    output/.champ-graphics-build-zrp_jfc0/buggy/source/org/jfree/data/xy/XYInterval.java
A    output/.champ-graphics-build-zrp_jfc0/buggy/source/org/jfree/data/xy/XYIntervalDataItem.java
A    output/.champ-graphics-build-zrp_jfc0/buggy/source/org/jfree/data/xy/XYIntervalSeries.java
A    output/.champ-graphics-build-zrp_jfc0/buggy/source/org/jfree/data/xy/WindDataset.java
A    output/.champ-graphics-build-zrp_jfc0/buggy/source/org/jfree/data/xy/XIntervalDataItem.java
A    output/.champ-graphics-build-zrp_jfc0/buggy/source/org/jfree/data/xy/XYCoordinate.java
A    output/.champ-graphics-build-zrp_jfc0/buggy/source/org/jfree/data/xy/TableXYDataset.java
A    output/.champ-graphics-build-zrp_jfc0/buggy/source/org/jfree/data/xy/Vector.java
A    output/.champ-graphics-build-zrp_jfc0/buggy/source/org/jfree/data/xy/VectorXYDataset.java
A    output/.champ-graphics-build-zrp_jfc0/buggy/source/org/jfree/data/xy/OHLCDataItem.java
A    output/.champ-graphics-build-zrp_jfc0/buggy/source/org/jfree/data/xy/OHLCDataset.java
A    output/.champ-graphics-build-zrp_jfc0/buggy/source/org/jfree/data/xy/XIntervalSeries.java
A    output/.champ-graphics-build-zrp_jfc0/buggy/source/org/jfree/data/xy/package.html
A    output/.champ-graphics-build-zrp_jfc0/buggy/source/org/jfree/data/category
A    output/.champ-graphics-build-zrp_jfc0/buggy/source/org/jfree/data/category/IntervalCategoryDataset.java
A    output/.champ-graphics-build-zrp_jfc0/buggy/source/org/jfree/data/category/CategoryToPieDataset.java
A    output/.champ-graphics-build-zrp_jfc0/buggy/source/org/jfree/data/category/DefaultCategoryDataset.java
A    output/.champ-graphics-build-zrp_jfc0/buggy/source/org/jfree/data/category/SlidingCategoryDataset.java
A    output/.champ-graphics-build-zrp_jfc0/buggy/source/org/jfree/data/category/CategoryDataset.java
A    output/.champ-graphics-build-zrp_jfc0/buggy/source/org/jfree/data/category/DefaultIntervalCategoryDataset.java
A    output/.champ-graphics-build-zrp_jfc0/buggy/source/org/jfree/data/category/AbstractCategoryDataset.java
A    output/.champ-graphics-build-zrp_jfc0/buggy/source/org/jfree/data/category/CategoryDatasetSelectionState.java
A    output/.champ-graphics-build-zrp_jfc0/buggy/source/org/jfree/data/category/SelectableCategoryDataset.java
A    output/.champ-graphics-build-zrp_jfc0/buggy/source/org/jfree/data/category/CategoryRangeInfo.java
A    output/.champ-graphics-build-zrp_jfc0/buggy/source/org/jfree/data/category/package.html
A    output/.champ-graphics-build-zrp_jfc0/buggy/source/org/jfree/data/gantt
A    output/.champ-graphics-build-zrp_jfc0/buggy/source/org/jfree/data/gantt/XYTaskDataset.java
A    output/.champ-graphics-build-zrp_jfc0/buggy/source/org/jfree/data/gantt/SlidingGanttCategoryDataset.java
A    output/.champ-graphics-build-zrp_jfc0/buggy/source/org/jfree/data/gantt/TaskSeriesCollection.java
A    output/.champ-graphics-build-zrp_jfc0/buggy/source/org/jfree/data/gantt/TaskSeries.java
A    output/.champ-graphics-build-zrp_jfc0/buggy/source/org/jfree/data/gantt/GanttCategoryDataset.java
A    output/.champ-graphics-build-zrp_jfc0/buggy/source/org/jfree/data/gantt/Task.java
A    output/.champ-graphics-build-zrp_jfc0/buggy/source/org/jfree/data/gantt/package.html
A    output/.champ-graphics-build-zrp_jfc0/buggy/source/org/jfree/data/ComparableObjectSeries.java
A    output/.champ-graphics-build-zrp_jfc0/buggy/source/org/jfree/data/event
A    output/.champ-graphics-build-zrp_jfc0/buggy/source/org/jfree/data/event/DatasetChangeEvent.java
A    output/.champ-graphics-build-zrp_jfc0/buggy/source/org/jfree/data/event/DatasetChangeListener.java
A    output/.champ-graphics-build-zrp_jfc0/buggy/source/org/jfree/data/event/SeriesChangeEvent.java
A    output/.champ-graphics-build-zrp_jfc0/buggy/source/org/jfree/data/event/SeriesChangeListener.java
A    output/.champ-graphics-build-zrp_jfc0/buggy/source/org/jfree/data/pie
A    output/.champ-graphics-build-zrp_jfc0/buggy/source/org/jfree/data/pie/DefaultPieDataset.java
A    output/.champ-graphics-build-zrp_jfc0/buggy/source/org/jfree/data/pie/AbstractPieDataset.java
A    output/.champ-graphics-build-zrp_jfc0/buggy/source/org/jfree/data/pie/PieDataset.java
A    output/.champ-graphics-build-zrp_jfc0/buggy/source/org/jfree/data/pie/PieDatasetChangeInfo.java
A    output/.champ-graphics-build-zrp_jfc0/buggy/source/org/jfree/data/pie/PieDatasetChangeType.java
A    output/.champ-graphics-build-zrp_jfc0/buggy/source/org/jfree/data/pie/PieDatasetSelectionState.java
A    output/.champ-graphics-build-zrp_jfc0/buggy/source/org/jfree/data/pie/SelectablePieDataset.java
A    output/.champ-graphics-build-zrp_jfc0/buggy/source/org/jfree/data/statistics
A    output/.champ-graphics-build-zrp_jfc0/buggy/source/org/jfree/data/statistics/DefaultBoxAndWhiskerXYDataset.java
A    output/.champ-graphics-build-zrp_jfc0/buggy/source/org/jfree/data/statistics/DefaultMultiValueCategoryDataset.java
A    output/.champ-graphics-build-zrp_jfc0/buggy/source/org/jfree/data/statistics/HistogramDataset.java
A    output/.champ-graphics-build-zrp_jfc0/buggy/source/org/jfree/data/statistics/SimpleHistogramDataset.java
A    output/.champ-graphics-build-zrp_jfc0/buggy/source/org/jfree/data/statistics/DefaultBoxAndWhiskerCategoryDataset.java
A    output/.champ-graphics-build-zrp_jfc0/buggy/source/org/jfree/data/statistics/DefaultStatisticalCategoryDataset.java
A    output/.champ-graphics-build-zrp_jfc0/buggy/source/org/jfree/data/statistics/SimpleHistogramBin.java
A    output/.champ-graphics-build-zrp_jfc0/buggy/source/org/jfree/data/statistics/Regression.java
A    output/.champ-graphics-build-zrp_jfc0/buggy/source/org/jfree/data/statistics/StatisticalCategoryDataset.java
A    output/.champ-graphics-build-zrp_jfc0/buggy/source/org/jfree/data/statistics/BoxAndWhiskerCalculator.java
A    output/.champ-graphics-build-zrp_jfc0/buggy/source/org/jfree/data/statistics/BoxAndWhiskerCategoryDataset.java
A    output/.champ-graphics-build-zrp_jfc0/buggy/source/org/jfree/data/statistics/BoxAndWhiskerItem.java
A    output/.champ-graphics-build-zrp_jfc0/buggy/source/org/jfree/data/statistics/BoxAndWhiskerXYDataset.java
A    output/.champ-graphics-build-zrp_jfc0/buggy/source/org/jfree/data/statistics/HistogramBin.java
A    output/.champ-graphics-build-zrp_jfc0/buggy/source/org/jfree/data/statistics/HistogramType.java
A    output/.champ-graphics-build-zrp_jfc0/buggy/source/org/jfree/data/statistics/MeanAndStandardDeviation.java
A    output/.champ-graphics-build-zrp_jfc0/buggy/source/org/jfree/data/statistics/MultiValueCategoryDataset.java
A    output/.champ-graphics-build-zrp_jfc0/buggy/source/org/jfree/data/statistics/Statistics.java
A    output/.champ-graphics-build-zrp_jfc0/buggy/source/org/jfree/data/statistics/package.html
A    output/.champ-graphics-build-zrp_jfc0/buggy/source/org/jfree/data/KeyedObjects.java
A    output/.champ-graphics-build-zrp_jfc0/buggy/source/org/jfree/data/jdbc
A    output/.champ-graphics-build-zrp_jfc0/buggy/source/org/jfree/data/jdbc/JDBCCategoryDataset.java
A    output/.champ-graphics-build-zrp_jfc0/buggy/source/org/jfree/data/jdbc/JDBCPieDataset.java
A    output/.champ-graphics-build-zrp_jfc0/buggy/source/org/jfree/data/jdbc/JDBCXYDataset.java
A    output/.champ-graphics-build-zrp_jfc0/buggy/source/org/jfree/data/jdbc/package.html
A    output/.champ-graphics-build-zrp_jfc0/buggy/source/org/jfree/data/xml
A    output/.champ-graphics-build-zrp_jfc0/buggy/source/org/jfree/data/xml/DatasetReader.java
A    output/.champ-graphics-build-zrp_jfc0/buggy/source/org/jfree/data/xml/PieDatasetHandler.java
A    output/.champ-graphics-build-zrp_jfc0/buggy/source/org/jfree/data/xml/CategoryDatasetHandler.java
A    output/.champ-graphics-build-zrp_jfc0/buggy/source/org/jfree/data/xml/CategorySeriesHandler.java
A    output/.champ-graphics-build-zrp_jfc0/buggy/source/org/jfree/data/xml/DatasetTags.java
A    output/.champ-graphics-build-zrp_jfc0/buggy/source/org/jfree/data/xml/ItemHandler.java
A    output/.champ-graphics-build-zrp_jfc0/buggy/source/org/jfree/data/xml/KeyHandler.java
A    output/.champ-graphics-build-zrp_jfc0/buggy/source/org/jfree/data/xml/RootHandler.java
A    output/.champ-graphics-build-zrp_jfc0/buggy/source/org/jfree/data/xml/ValueHandler.java
A    output/.champ-graphics-build-zrp_jfc0/buggy/source/org/jfree/data/xml/package.html
A    output/.champ-graphics-build-zrp_jfc0/buggy/source/org/jfree/data/KeyedObjectComparator.java
A    output/.champ-graphics-build-zrp_jfc0/buggy/source/org/jfree/data/KeyedObjectComparatorType.java
A    output/.champ-graphics-build-zrp_jfc0/buggy/source/org/jfree/data/SelectableValue.java
A    output/.champ-graphics-build-zrp_jfc0/buggy/source/org/jfree/data/function
A    output/.champ-graphics-build-zrp_jfc0/buggy/source/org/jfree/data/function/LineFunction2D.java
A    output/.champ-graphics-build-zrp_jfc0/buggy/source/org/jfree/data/function/NormalDistributionFunction2D.java
A    output/.champ-graphics-build-zrp_jfc0/buggy/source/org/jfree/data/function/PolynomialFunction2D.java
A    output/.champ-graphics-build-zrp_jfc0/buggy/source/org/jfree/data/function/PowerFunction2D.java
A    output/.champ-graphics-build-zrp_jfc0/buggy/source/org/jfree/data/function/Function2D.java
A    output/.champ-graphics-build-zrp_jfc0/buggy/source/org/jfree/data/function/package.html
A    output/.champ-graphics-build-zrp_jfc0/buggy/source/org/jfree/data/DataUtilities.java
A    output/.champ-graphics-build-zrp_jfc0/buggy/source/org/jfree/data/resources
A    output/.champ-graphics-build-zrp_jfc0/buggy/source/org/jfree/data/resources/DataPackageResources.java
A    output/.champ-graphics-build-zrp_jfc0/buggy/source/org/jfree/data/resources/DataPackageResources_de.java
A    output/.champ-graphics-build-zrp_jfc0/buggy/source/org/jfree/data/resources/DataPackageResources_es.java
A    output/.champ-graphics-build-zrp_jfc0/buggy/source/org/jfree/data/resources/DataPackageResources_fr.java
A    output/.champ-graphics-build-zrp_jfc0/buggy/source/org/jfree/data/resources/DataPackageResources_pl.java
A    output/.champ-graphics-build-zrp_jfc0/buggy/source/org/jfree/data/resources/DataPackageResources_ru.java
A    output/.champ-graphics-build-zrp_jfc0/buggy/source/org/jfree/data/resources/package.html
A    output/.champ-graphics-build-zrp_jfc0/buggy/source/org/jfree/data/io
A    output/.champ-graphics-build-zrp_jfc0/buggy/source/org/jfree/data/io/CSV.java
A    output/.champ-graphics-build-zrp_jfc0/buggy/source/org/jfree/data/io/package.html
A    output/.champ-graphics-build-zrp_jfc0/buggy/source/org/jfree/data/ComparableObjectItem.java
A    output/.champ-graphics-build-zrp_jfc0/buggy/source/org/jfree/data/DefaultKeyedValue.java
A    output/.champ-graphics-build-zrp_jfc0/buggy/source/org/jfree/data/DefaultKeyedValues2D.java
A    output/.champ-graphics-build-zrp_jfc0/buggy/source/org/jfree/data/KeyedObject.java
A    output/.champ-graphics-build-zrp_jfc0/buggy/source/org/jfree/data/KeyedValue.java
A    output/.champ-graphics-build-zrp_jfc0/buggy/source/org/jfree/data/Range.java
A    output/.champ-graphics-build-zrp_jfc0/buggy/source/org/jfree/data/DefaultKeyedValues.java
A    output/.champ-graphics-build-zrp_jfc0/buggy/source/org/jfree/data/DomainInfo.java
A    output/.champ-graphics-build-zrp_jfc0/buggy/source/org/jfree/data/DomainOrder.java
A    output/.champ-graphics-build-zrp_jfc0/buggy/source/org/jfree/data/KeyToGroupMap.java
A    output/.champ-graphics-build-zrp_jfc0/buggy/source/org/jfree/data/KeyedObjects2D.java
A    output/.champ-graphics-build-zrp_jfc0/buggy/source/org/jfree/data/KeyedValueComparator.java
A    output/.champ-graphics-build-zrp_jfc0/buggy/source/org/jfree/data/KeyedValueComparatorType.java
A    output/.champ-graphics-build-zrp_jfc0/buggy/source/org/jfree/data/KeyedValues.java
A    output/.champ-graphics-build-zrp_jfc0/buggy/source/org/jfree/data/KeyedValues2D.java
A    output/.champ-graphics-build-zrp_jfc0/buggy/source/org/jfree/data/RangeInfo.java
A    output/.champ-graphics-build-zrp_jfc0/buggy/source/org/jfree/data/RangeType.java
A    output/.champ-graphics-build-zrp_jfc0/buggy/source/org/jfree/data/UnknownKeyException.java
A    output/.champ-graphics-build-zrp_jfc0/buggy/source/org/jfree/data/Value.java
A    output/.champ-graphics-build-zrp_jfc0/buggy/source/org/jfree/data/Values.java
A    output/.champ-graphics-build-zrp_jfc0/buggy/source/org/jfree/data/Values2D.java
A    output/.champ-graphics-build-zrp_jfc0/buggy/source/org/jfree/data/package.html
A    output/.champ-graphics-build-zrp_jfc0/buggy/source/overview.html
Exported revision 2264.
