Compiled from "ToXmlGenerator.java"
public final class com.fasterxml.jackson.dataformat.xml.ser.ToXmlGenerator extends com.fasterxml.jackson.core.base.GeneratorBase {
  protected static final java.lang.String DEFAULT_UNKNOWN_ELEMENT;
  protected final org.codehaus.stax2.XMLStreamWriter2 _xmlWriter;
  protected final javax.xml.stream.XMLStreamWriter _originalXmlWriter;
  protected final boolean _stax2Emulation;
  protected final com.fasterxml.jackson.core.io.IOContext _ioContext;
  protected int _formatFeatures;
  protected com.fasterxml.jackson.dataformat.xml.XmlPrettyPrinter _xmlPrettyPrinter;
  protected boolean _initialized;
  protected javax.xml.namespace.QName _nextName;
  protected boolean _nextIsAttribute;
  protected boolean _nextIsUnwrapped;
  protected boolean _nextIsCData;
  protected java.util.LinkedList<javax.xml.namespace.QName> _elementNameStack;
  public com.fasterxml.jackson.dataformat.xml.ser.ToXmlGenerator(com.fasterxml.jackson.core.io.IOContext, int, int, com.fasterxml.jackson.core.ObjectCodec, javax.xml.stream.XMLStreamWriter);
  public void initGenerator() throws java.io.IOException;
  protected com.fasterxml.jackson.core.PrettyPrinter _constructDefaultPrettyPrinter();
  public com.fasterxml.jackson.core.JsonGenerator setPrettyPrinter(com.fasterxml.jackson.core.PrettyPrinter);
  public java.lang.Object getOutputTarget();
  public int getOutputBuffered();
  public int getFormatFeatures();
  public com.fasterxml.jackson.core.JsonGenerator overrideFormatFeatures(int, int);
  public com.fasterxml.jackson.dataformat.xml.ser.ToXmlGenerator enable(com.fasterxml.jackson.dataformat.xml.ser.ToXmlGenerator$Feature);
  public com.fasterxml.jackson.dataformat.xml.ser.ToXmlGenerator disable(com.fasterxml.jackson.dataformat.xml.ser.ToXmlGenerator$Feature);
  public final boolean isEnabled(com.fasterxml.jackson.dataformat.xml.ser.ToXmlGenerator$Feature);
  public com.fasterxml.jackson.dataformat.xml.ser.ToXmlGenerator configure(com.fasterxml.jackson.dataformat.xml.ser.ToXmlGenerator$Feature, boolean);
  public boolean canWriteFormattedNumbers();
  public boolean inRoot();
  public javax.xml.stream.XMLStreamWriter getStaxWriter();
  public void setNextIsAttribute(boolean);
  public void setNextIsUnwrapped(boolean);
  public void setNextIsCData(boolean);
  public final void setNextName(javax.xml.namespace.QName);
  public final boolean setNextNameIfMissing(javax.xml.namespace.QName);
  public void startWrappedValue(javax.xml.namespace.QName, javax.xml.namespace.QName) throws java.io.IOException;
  public void finishWrappedValue(javax.xml.namespace.QName, javax.xml.namespace.QName) throws java.io.IOException;
  public void writeRepeatedFieldName() throws java.io.IOException;
  public final void writeFieldName(java.lang.String) throws java.io.IOException;
  public final void writeStringField(java.lang.String, java.lang.String) throws java.io.IOException;
  public final void writeStartArray() throws java.io.IOException;
  public final void writeEndArray() throws java.io.IOException;
  public final void writeStartObject() throws java.io.IOException;
  public final void writeEndObject() throws java.io.IOException;
  public final void _handleStartObject() throws java.io.IOException;
  public final void _handleEndObject() throws java.io.IOException;
  public void writeFieldName(com.fasterxml.jackson.core.SerializableString) throws java.io.IOException;
  public void writeString(java.lang.String) throws java.io.IOException;
  public void writeString(char[], int, int) throws java.io.IOException;
  public void writeString(com.fasterxml.jackson.core.SerializableString) throws java.io.IOException;
  public void writeRawUTF8String(byte[], int, int) throws java.io.IOException;
  public void writeUTF8String(byte[], int, int) throws java.io.IOException;
  public void writeRawValue(java.lang.String) throws java.io.IOException;
  public void writeRawValue(java.lang.String, int, int) throws java.io.IOException;
  public void writeRawValue(char[], int, int) throws java.io.IOException;
  public void writeRawValue(com.fasterxml.jackson.core.SerializableString) throws java.io.IOException;
  public void writeRaw(java.lang.String) throws java.io.IOException;
  public void writeRaw(java.lang.String, int, int) throws java.io.IOException;
  public void writeRaw(char[], int, int) throws java.io.IOException;
  public void writeRaw(char) throws java.io.IOException;
  public void writeBinary(com.fasterxml.jackson.core.Base64Variant, byte[], int, int) throws java.io.IOException;
  private byte[] toFullBuffer(byte[], int, int);
  public void writeBoolean(boolean) throws java.io.IOException;
  public void writeNull() throws java.io.IOException;
  public void writeNumber(int) throws java.io.IOException;
  public void writeNumber(long) throws java.io.IOException;
  public void writeNumber(double) throws java.io.IOException;
  public void writeNumber(float) throws java.io.IOException;
  public void writeNumber(java.math.BigDecimal) throws java.io.IOException;
  public void writeNumber(java.math.BigInteger) throws java.io.IOException;
  public void writeNumber(java.lang.String) throws java.io.IOException, java.lang.UnsupportedOperationException;
  protected final void _verifyValueWrite(java.lang.String) throws java.io.IOException;
  public void flush() throws java.io.IOException;
  public void close() throws java.io.IOException;
  protected void _releaseBuffers();
  protected boolean checkNextIsUnwrapped();
  protected void handleMissingName();
  protected void _reportUnimplementedStax2(java.lang.String) throws java.io.IOException;
}
