Compiled from "Caverphone.java"
public class org.apache.commons.codec.language.Caverphone implements org.apache.commons.codec.StringEncoder {
  public org.apache.commons.codec.language.Caverphone();
  public java.lang.String caverphone(java.lang.String);
  public java.lang.Object encode(java.lang.Object) throws org.apache.commons.codec.EncoderException;
  public java.lang.String encode(java.lang.String);
  public boolean isCaverphoneEqual(java.lang.String, java.lang.String);
}
Compiled from "Metaphone.java"
public class org.apache.commons.codec.language.Metaphone implements org.apache.commons.codec.StringEncoder {
  private static final java.lang.String VOWELS;
  private static final java.lang.String FRONTV;
  private static final java.lang.String VARSON;
  private int maxCodeLen;
  public org.apache.commons.codec.language.Metaphone();
  public java.lang.String metaphone(java.lang.String);
  private boolean isVowel(java.lang.StringBuffer, int);
  private boolean isPreviousChar(java.lang.StringBuffer, int, char);
  private boolean isNextChar(java.lang.StringBuffer, int, char);
  private boolean regionMatch(java.lang.StringBuffer, int, java.lang.String);
  private boolean isLastChar(int, int);
  public java.lang.Object encode(java.lang.Object) throws org.apache.commons.codec.EncoderException;
  public java.lang.String encode(java.lang.String);
  public boolean isMetaphoneEqual(java.lang.String, java.lang.String);
  public int getMaxCodeLen();
  public void setMaxCodeLen(int);
}
Compiled from "SoundexUtils.java"
final class org.apache.commons.codec.language.SoundexUtils {
  org.apache.commons.codec.language.SoundexUtils();
  static java.lang.String clean(java.lang.String);
  static int difference(org.apache.commons.codec.StringEncoder, java.lang.String, java.lang.String) throws org.apache.commons.codec.EncoderException;
  static int differenceEncoded(java.lang.String, java.lang.String);
}
