Compiled from "XmlSerializerProvider.java"
public class com.fasterxml.jackson.dataformat.xml.ser.XmlSerializerProvider extends com.fasterxml.jackson.databind.ser.DefaultSerializerProvider {
  private static final long serialVersionUID;
  protected static final javax.xml.namespace.QName ROOT_NAME_FOR_NULL;
  protected final com.fasterxml.jackson.dataformat.xml.util.XmlRootNameLookup _rootNameLookup;
  public com.fasterxml.jackson.dataformat.xml.ser.XmlSerializerProvider(com.fasterxml.jackson.dataformat.xml.util.XmlRootNameLookup);
  public com.fasterxml.jackson.dataformat.xml.ser.XmlSerializerProvider(com.fasterxml.jackson.dataformat.xml.ser.XmlSerializerProvider, com.fasterxml.jackson.databind.SerializationConfig, com.fasterxml.jackson.databind.ser.SerializerFactory);
  protected com.fasterxml.jackson.dataformat.xml.ser.XmlSerializerProvider(com.fasterxml.jackson.dataformat.xml.ser.XmlSerializerProvider);
  public com.fasterxml.jackson.databind.ser.DefaultSerializerProvider copy();
  public com.fasterxml.jackson.databind.ser.DefaultSerializerProvider createInstance(com.fasterxml.jackson.databind.SerializationConfig, com.fasterxml.jackson.databind.ser.SerializerFactory);
  public void serializeValue(com.fasterxml.jackson.core.JsonGenerator, java.lang.Object) throws java.io.IOException;
  public void serializeValue(com.fasterxml.jackson.core.JsonGenerator, java.lang.Object, com.fasterxml.jackson.databind.JavaType, com.fasterxml.jackson.databind.JsonSerializer<java.lang.Object>) throws java.io.IOException;
  protected void _serializeXmlNull(com.fasterxml.jackson.core.JsonGenerator) throws java.io.IOException;
  protected void _startRootArray(com.fasterxml.jackson.dataformat.xml.ser.ToXmlGenerator, javax.xml.namespace.QName) throws java.io.IOException;
  protected void _initWithRootName(com.fasterxml.jackson.dataformat.xml.ser.ToXmlGenerator, javax.xml.namespace.QName) throws java.io.IOException;
  protected javax.xml.namespace.QName _rootNameFromConfig();
  protected com.fasterxml.jackson.dataformat.xml.ser.ToXmlGenerator _asXmlGenerator(com.fasterxml.jackson.core.JsonGenerator) throws com.fasterxml.jackson.databind.JsonMappingException;
  protected java.io.IOException _wrapAsIOE(com.fasterxml.jackson.core.JsonGenerator, java.lang.Exception);
  static {};
}
