Compiled from "TimePeriodValues.java"
public class org.jfree.data.time.TimePeriodValues extends org.jfree.data.general.Series implements java.io.Serializable {
  static final long serialVersionUID;
  protected static final java.lang.String DEFAULT_DOMAIN_DESCRIPTION;
  protected static final java.lang.String DEFAULT_RANGE_DESCRIPTION;
  private java.lang.String domain;
  private java.lang.String range;
  private java.util.List data;
  private int minStartIndex;
  private int maxStartIndex;
  private int minMiddleIndex;
  private int maxMiddleIndex;
  private int minEndIndex;
  private int maxEndIndex;
  public org.jfree.data.time.TimePeriodValues(java.lang.Comparable);
  public org.jfree.data.time.TimePeriodValues(java.lang.Comparable, java.lang.String, java.lang.String);
  public java.lang.String getDomainDescription();
  public void setDomainDescription(java.lang.String);
  public java.lang.String getRangeDescription();
  public void setRangeDescription(java.lang.String);
  public int getItemCount();
  public org.jfree.data.time.TimePeriodValue getDataItem(int);
  public org.jfree.data.time.TimePeriod getTimePeriod(int);
  public java.lang.Number getValue(int);
  public void add(org.jfree.data.time.TimePeriodValue);
  private void updateBounds(org.jfree.data.time.TimePeriod, int);
  private void recalculateBounds();
  public void add(org.jfree.data.time.TimePeriod, double);
  public void add(org.jfree.data.time.TimePeriod, java.lang.Number);
  public void update(int, java.lang.Number);
  public void delete(int, int);
  public boolean equals(java.lang.Object);
  public int hashCode();
  public java.lang.Object clone() throws java.lang.CloneNotSupportedException;
  public org.jfree.data.time.TimePeriodValues createCopy(int, int) throws java.lang.CloneNotSupportedException;
  public int getMinStartIndex();
  public int getMaxStartIndex();
  public int getMinMiddleIndex();
  public int getMaxMiddleIndex();
  public int getMinEndIndex();
  public int getMaxEndIndex();
}
