Compiled from "Period.java"
public final class org.joda.time.Period extends org.joda.time.base.BasePeriod implements org.joda.time.ReadablePeriod,java.io.Serializable {
  public static final org.joda.time.Period ZERO;
  private static final long serialVersionUID;
  public static org.joda.time.Period parse(java.lang.String);
  public static org.joda.time.Period parse(java.lang.String, org.joda.time.format.PeriodFormatter);
  public static org.joda.time.Period years(int);
  public static org.joda.time.Period months(int);
  public static org.joda.time.Period weeks(int);
  public static org.joda.time.Period days(int);
  public static org.joda.time.Period hours(int);
  public static org.joda.time.Period minutes(int);
  public static org.joda.time.Period seconds(int);
  public static org.joda.time.Period millis(int);
  public static org.joda.time.Period fieldDifference(org.joda.time.ReadablePartial, org.joda.time.ReadablePartial);
  public org.joda.time.Period();
  public org.joda.time.Period(int, int, int, int);
  public org.joda.time.Period(int, int, int, int, int, int, int, int);
  public org.joda.time.Period(int, int, int, int, int, int, int, int, org.joda.time.PeriodType);
  public org.joda.time.Period(long);
  public org.joda.time.Period(long, org.joda.time.PeriodType);
  public org.joda.time.Period(long, org.joda.time.Chronology);
  public org.joda.time.Period(long, org.joda.time.PeriodType, org.joda.time.Chronology);
  public org.joda.time.Period(long, long);
  public org.joda.time.Period(long, long, org.joda.time.PeriodType);
  public org.joda.time.Period(long, long, org.joda.time.Chronology);
  public org.joda.time.Period(long, long, org.joda.time.PeriodType, org.joda.time.Chronology);
  public org.joda.time.Period(org.joda.time.ReadableInstant, org.joda.time.ReadableInstant);
  public org.joda.time.Period(org.joda.time.ReadableInstant, org.joda.time.ReadableInstant, org.joda.time.PeriodType);
  public org.joda.time.Period(org.joda.time.ReadablePartial, org.joda.time.ReadablePartial);
  public org.joda.time.Period(org.joda.time.ReadablePartial, org.joda.time.ReadablePartial, org.joda.time.PeriodType);
  public org.joda.time.Period(org.joda.time.ReadableInstant, org.joda.time.ReadableDuration);
  public org.joda.time.Period(org.joda.time.ReadableInstant, org.joda.time.ReadableDuration, org.joda.time.PeriodType);
  public org.joda.time.Period(org.joda.time.ReadableDuration, org.joda.time.ReadableInstant);
  public org.joda.time.Period(org.joda.time.ReadableDuration, org.joda.time.ReadableInstant, org.joda.time.PeriodType);
  public org.joda.time.Period(java.lang.Object);
  public org.joda.time.Period(java.lang.Object, org.joda.time.PeriodType);
  public org.joda.time.Period(java.lang.Object, org.joda.time.Chronology);
  public org.joda.time.Period(java.lang.Object, org.joda.time.PeriodType, org.joda.time.Chronology);
  private org.joda.time.Period(int[], org.joda.time.PeriodType);
  public org.joda.time.Period toPeriod();
  public int getYears();
  public int getMonths();
  public int getWeeks();
  public int getDays();
  public int getHours();
  public int getMinutes();
  public int getSeconds();
  public int getMillis();
  public org.joda.time.Period withPeriodType(org.joda.time.PeriodType);
  public org.joda.time.Period withFields(org.joda.time.ReadablePeriod);
  public org.joda.time.Period withField(org.joda.time.DurationFieldType, int);
  public org.joda.time.Period withFieldAdded(org.joda.time.DurationFieldType, int);
  public org.joda.time.Period withYears(int);
  public org.joda.time.Period withMonths(int);
  public org.joda.time.Period withWeeks(int);
  public org.joda.time.Period withDays(int);
  public org.joda.time.Period withHours(int);
  public org.joda.time.Period withMinutes(int);
  public org.joda.time.Period withSeconds(int);
  public org.joda.time.Period withMillis(int);
  public org.joda.time.Period plus(org.joda.time.ReadablePeriod);
  public org.joda.time.Period plusYears(int);
  public org.joda.time.Period plusMonths(int);
  public org.joda.time.Period plusWeeks(int);
  public org.joda.time.Period plusDays(int);
  public org.joda.time.Period plusHours(int);
  public org.joda.time.Period plusMinutes(int);
  public org.joda.time.Period plusSeconds(int);
  public org.joda.time.Period plusMillis(int);
  public org.joda.time.Period minus(org.joda.time.ReadablePeriod);
  public org.joda.time.Period minusYears(int);
  public org.joda.time.Period minusMonths(int);
  public org.joda.time.Period minusWeeks(int);
  public org.joda.time.Period minusDays(int);
  public org.joda.time.Period minusHours(int);
  public org.joda.time.Period minusMinutes(int);
  public org.joda.time.Period minusSeconds(int);
  public org.joda.time.Period minusMillis(int);
  public org.joda.time.Period multipliedBy(int);
  public org.joda.time.Period negated();
  public org.joda.time.Weeks toStandardWeeks();
  public org.joda.time.Days toStandardDays();
  public org.joda.time.Hours toStandardHours();
  public org.joda.time.Minutes toStandardMinutes();
  public org.joda.time.Seconds toStandardSeconds();
  public org.joda.time.Duration toStandardDuration();
  private void checkYearsAndMonths(java.lang.String);
  public org.joda.time.Period normalizedStandard();
  public org.joda.time.Period normalizedStandard(org.joda.time.PeriodType);
  static {};
}
