Checking out 27a2f515 to /home/team/sqa-round2/aom-source-context-v1/Mockit OK
Init local repository...................................................... OK
Tag post-fix revision...................................................... OK
Apply patch................................................................ OK
sed: -e expression #1, char 84: unterminated `s' command
sed: can't read /home/team/sqa-round2/aom-source-context-v1/Mockito/35/f/gradle/wrapper/gradle-wrapper.properties: No such file or directory
sed: can't read /home/team/sqa-round2/aom-source-context-v1/Mockito/35/f/gradle/wrapper/gradle-wrapper.properties: No such file or directory
sed: can't read /home/team/sqa-round2/aom-source-context-v1/Mockito/35/f/buildSrc/build.gradle: No such file or directory
Run post-checkout hook..................................................... OK
Excluding broken/flaky tests............................................... OK
Excluding broken/flaky tests............................................... OK
Excluding broken/flaky tests............................................... OK
Backing up build file: /home/team/sqa-round2/aom-source-context-v1/Mockito/ OK
Initialize fixed program version........................................... OK
Apply patch................................................................ OK
Initialize buggy program version........................................... OK
Diff 27a2f515:bff7ae0f..................................................... OK
Apply patch................................................................ OK
Tag pre-fix revision....................................................... OK
Check out program version: Mockito-35f..................................... OK
