Compiled from "XYSeries.java"
public class org.jfree.data.xy.XYSeries extends org.jfree.data.general.Series implements java.lang.Cloneable,java.io.Serializable {
  static final long serialVersionUID;
  protected java.util.List data;
  private int maximumItemCount;
  private boolean autoSort;
  private boolean allowDuplicateXValues;
  public org.jfree.data.xy.XYSeries(java.lang.Comparable);
  public org.jfree.data.xy.XYSeries(java.lang.Comparable, boolean);
  public org.jfree.data.xy.XYSeries(java.lang.Comparable, boolean, boolean);
  public boolean getAutoSort();
  public boolean getAllowDuplicateXValues();
  public int getItemCount();
  public java.util.List getItems();
  public int getMaximumItemCount();
  public void setMaximumItemCount(int);
  public void add(org.jfree.data.xy.XYDataItem);
  public void add(double, double);
  public void add(double, double, boolean);
  public void add(double, java.lang.Number);
  public void add(double, java.lang.Number, boolean);
  public void add(java.lang.Number, java.lang.Number);
  public void add(java.lang.Number, java.lang.Number, boolean);
  public void add(org.jfree.data.xy.XYDataItem, boolean);
  public void delete(int, int);
  public org.jfree.data.xy.XYDataItem remove(int);
  public org.jfree.data.xy.XYDataItem remove(java.lang.Number);
  public void clear();
  public org.jfree.data.xy.XYDataItem getDataItem(int);
  public java.lang.Number getX(int);
  public java.lang.Number getY(int);
  public void updateByIndex(int, java.lang.Number);
  public void update(java.lang.Number, java.lang.Number);
  public org.jfree.data.xy.XYDataItem addOrUpdate(double, double);
  public org.jfree.data.xy.XYDataItem addOrUpdate(java.lang.Number, java.lang.Number);
  public int indexOf(java.lang.Number);
  public double[][] toArray();
  public java.lang.Object clone() throws java.lang.CloneNotSupportedException;
  public org.jfree.data.xy.XYSeries createCopy(int, int) throws java.lang.CloneNotSupportedException;
  public boolean equals(java.lang.Object);
  public int hashCode();
}
