Compiled from "UnboundedFifoBuffer.java"
public class org.apache.commons.collections.buffer.UnboundedFifoBuffer extends java.util.AbstractCollection implements org.apache.commons.collections.Buffer,java.io.Serializable {
  private static final long serialVersionUID;
  protected transient java.lang.Object[] buffer;
  protected transient int head;
  protected transient int tail;
  public org.apache.commons.collections.buffer.UnboundedFifoBuffer();
  public org.apache.commons.collections.buffer.UnboundedFifoBuffer(int);
  private void writeObject(java.io.ObjectOutputStream) throws java.io.IOException;
  private void readObject(java.io.ObjectInputStream) throws java.io.IOException, java.lang.ClassNotFoundException;
  public int size();
  public boolean isEmpty();
  public boolean add(java.lang.Object);
  public java.lang.Object get();
  public java.lang.Object remove();
  private int increment(int);
  private int decrement(int);
  public java.util.Iterator iterator();
  static int access$000(org.apache.commons.collections.buffer.UnboundedFifoBuffer, int);
  static int access$100(org.apache.commons.collections.buffer.UnboundedFifoBuffer, int);
}
