Compiled from "DoubleMetaphone.java"
public class org.apache.commons.codec.language.DoubleMetaphone implements org.apache.commons.codec.StringEncoder {
  private static final java.lang.String VOWELS;
  private static final java.lang.String[] SILENT_START;
  private static final java.lang.String[] L_R_N_M_B_H_F_V_W_SPACE;
  private static final java.lang.String[] ES_EP_EB_EL_EY_IB_IL_IN_IE_EI_ER;
  private static final java.lang.String[] L_T_K_S_N_M_B_Z;
  protected int maxCodeLen;
  public org.apache.commons.codec.language.DoubleMetaphone();
  public java.lang.String doubleMetaphone(java.lang.String);
  public java.lang.String doubleMetaphone(java.lang.String, boolean);
  public java.lang.Object encode(java.lang.Object) throws org.apache.commons.codec.EncoderException;
  public java.lang.String encode(java.lang.String);
  public boolean isDoubleMetaphoneEqual(java.lang.String, java.lang.String);
  public boolean isDoubleMetaphoneEqual(java.lang.String, java.lang.String, boolean);
  public int getMaxCodeLen();
  public void setMaxCodeLen(int);
  private int handleAEIOUY(java.lang.String, org.apache.commons.codec.language.DoubleMetaphone$DoubleMetaphoneResult, int);
  private int handleC(java.lang.String, org.apache.commons.codec.language.DoubleMetaphone$DoubleMetaphoneResult, int);
  private int handleCC(java.lang.String, org.apache.commons.codec.language.DoubleMetaphone$DoubleMetaphoneResult, int);
  private int handleCH(java.lang.String, org.apache.commons.codec.language.DoubleMetaphone$DoubleMetaphoneResult, int);
  private int handleD(java.lang.String, org.apache.commons.codec.language.DoubleMetaphone$DoubleMetaphoneResult, int);
  private int handleG(java.lang.String, org.apache.commons.codec.language.DoubleMetaphone$DoubleMetaphoneResult, int, boolean);
  private int handleGH(java.lang.String, org.apache.commons.codec.language.DoubleMetaphone$DoubleMetaphoneResult, int);
  private int handleH(java.lang.String, org.apache.commons.codec.language.DoubleMetaphone$DoubleMetaphoneResult, int);
  private int handleJ(java.lang.String, org.apache.commons.codec.language.DoubleMetaphone$DoubleMetaphoneResult, int, boolean);
  private int handleL(java.lang.String, org.apache.commons.codec.language.DoubleMetaphone$DoubleMetaphoneResult, int);
  private int handleP(java.lang.String, org.apache.commons.codec.language.DoubleMetaphone$DoubleMetaphoneResult, int);
  private int handleR(java.lang.String, org.apache.commons.codec.language.DoubleMetaphone$DoubleMetaphoneResult, int, boolean);
  private int handleS(java.lang.String, org.apache.commons.codec.language.DoubleMetaphone$DoubleMetaphoneResult, int, boolean);
  private int handleSC(java.lang.String, org.apache.commons.codec.language.DoubleMetaphone$DoubleMetaphoneResult, int);
  private int handleT(java.lang.String, org.apache.commons.codec.language.DoubleMetaphone$DoubleMetaphoneResult, int);
  private int handleW(java.lang.String, org.apache.commons.codec.language.DoubleMetaphone$DoubleMetaphoneResult, int);
  private int handleX(java.lang.String, org.apache.commons.codec.language.DoubleMetaphone$DoubleMetaphoneResult, int);
  private int handleZ(java.lang.String, org.apache.commons.codec.language.DoubleMetaphone$DoubleMetaphoneResult, int, boolean);
  private boolean conditionC0(java.lang.String, int);
  private boolean conditionCH0(java.lang.String, int);
  private boolean conditionCH1(java.lang.String, int);
  private boolean conditionL0(java.lang.String, int);
  private boolean conditionM0(java.lang.String, int);
  private boolean isSlavoGermanic(java.lang.String);
  private boolean isVowel(char);
  private boolean isSilentStart(java.lang.String);
  private java.lang.String cleanInput(java.lang.String);
  protected char charAt(java.lang.String, int);
  private static boolean contains(java.lang.String, int, int, java.lang.String);
  private static boolean contains(java.lang.String, int, int, java.lang.String, java.lang.String);
  private static boolean contains(java.lang.String, int, int, java.lang.String, java.lang.String, java.lang.String);
  private static boolean contains(java.lang.String, int, int, java.lang.String, java.lang.String, java.lang.String, java.lang.String);
  private static boolean contains(java.lang.String, int, int, java.lang.String, java.lang.String, java.lang.String, java.lang.String, java.lang.String);
  private static boolean contains(java.lang.String, int, int, java.lang.String, java.lang.String, java.lang.String, java.lang.String, java.lang.String, java.lang.String);
  protected static boolean contains(java.lang.String, int, int, java.lang.String[]);
  static {};
}
