Compiled from "HypergeometricDistribution.java"
public class org.apache.commons.math3.distribution.HypergeometricDistribution extends org.apache.commons.math3.distribution.AbstractIntegerDistribution {
  private static final long serialVersionUID;
  private final int numberOfSuccesses;
  private final int populationSize;
  private final int sampleSize;
  private double numericalVariance;
  private boolean numericalVarianceIsCalculated;
  public org.apache.commons.math3.distribution.HypergeometricDistribution(int, int, int) throws org.apache.commons.math3.exception.NotPositiveException, org.apache.commons.math3.exception.NotStrictlyPositiveException, org.apache.commons.math3.exception.NumberIsTooLargeException;
  public org.apache.commons.math3.distribution.HypergeometricDistribution(org.apache.commons.math3.random.RandomGenerator, int, int, int) throws org.apache.commons.math3.exception.NotPositiveException, org.apache.commons.math3.exception.NotStrictlyPositiveException, org.apache.commons.math3.exception.NumberIsTooLargeException;
  public double cumulativeProbability(int);
  private int[] getDomain(int, int, int);
  private int getLowerDomain(int, int, int);
  public int getNumberOfSuccesses();
  public int getPopulationSize();
  public int getSampleSize();
  private int getUpperDomain(int, int);
  public double probability(int);
  public double upperCumulativeProbability(int);
  private double innerCumulativeProbability(int, int, int);
  public double getNumericalMean();
  public double getNumericalVariance();
  protected double calculateNumericalVariance();
  public int getSupportLowerBound();
  public int getSupportUpperBound();
  public boolean isSupportConnected();
}
