D:\Projects\SQA_p\Project_SQA\output\api854-20261003\enum-boundary-development-v2\EnumBoundaryProbe.java:51: error: reference to configure is ambiguous
                    if (name.equals("configure_true")) parser.configure(null, true);
                                                             ^
  both method configure(com.fasterxml.jackson.core.JsonParser.Feature,boolean) in JsonParser and method configure(com.fasterxml.jackson.dataformat.xml.deser.FromXmlParser.Feature,boolean) in FromXmlParser match
D:\Projects\SQA_p\Project_SQA\output\api854-20261003\enum-boundary-development-v2\EnumBoundaryProbe.java:52: error: reference to configure is ambiguous
                    else if (name.equals("configure_false")) parser.configure(null, false);
                                                                   ^
  both method configure(com.fasterxml.jackson.core.JsonParser.Feature,boolean) in JsonParser and method configure(com.fasterxml.jackson.dataformat.xml.deser.FromXmlParser.Feature,boolean) in FromXmlParser match
D:\Projects\SQA_p\Project_SQA\output\api854-20261003\enum-boundary-development-v2\EnumBoundaryProbe.java:53: error: reference to enable is ambiguous
                    else if (name.equals("enable")) parser.enable(null);
                                                          ^
  both method enable(com.fasterxml.jackson.core.JsonParser.Feature) in JsonParser and method enable(com.fasterxml.jackson.dataformat.xml.deser.FromXmlParser.Feature) in FromXmlParser match
D:\Projects\SQA_p\Project_SQA\output\api854-20261003\enum-boundary-development-v2\EnumBoundaryProbe.java:54: error: reference to disable is ambiguous
                    else if (name.equals("disable")) parser.disable(null);
                                                           ^
  both method disable(com.fasterxml.jackson.core.JsonParser.Feature) in JsonParser and method disable(com.fasterxml.jackson.dataformat.xml.deser.FromXmlParser.Feature) in FromXmlParser match
D:\Projects\SQA_p\Project_SQA\output\api854-20261003\enum-boundary-development-v2\EnumBoundaryProbe.java:55: error: reference to isEnabled is ambiguous
                    else if (name.equals("isEnabled")) parser.isEnabled(null);
                                                             ^
  both method isEnabled(com.fasterxml.jackson.core.JsonParser.Feature) in JsonParser and method isEnabled(com.fasterxml.jackson.dataformat.xml.deser.FromXmlParser.Feature) in FromXmlParser match
Note: C:\Users\NATCHAPOL\AppData\Local\Temp\sqa-enum-development-zo9_pb41\src\main\java\com\fasterxml\jackson\dataformat\xml\ser\ToXmlGenerator.java uses or overrides a deprecated API.
Note: Recompile with -Xlint:deprecation for details.
5 errors
