Compiled from "Matchers.java"
public class org.mockito.Matchers {
  private static final org.mockito.internal.progress.MockingProgress MOCKING_PROGRESS;
  public org.mockito.Matchers();
  public static boolean anyBoolean();
  public static byte anyByte();
  public static char anyChar();
  public static int anyInt();
  public static long anyLong();
  public static float anyFloat();
  public static double anyDouble();
  public static short anyShort();
  public static <T> T anyObject();
  public static <T> T anyVararg();
  public static <T> T any(java.lang.Class<T>);
  public static <T> T any();
  public static java.lang.String anyString();
  public static java.util.List anyList();
  public static <T> java.util.List<T> anyListOf(java.lang.Class<T>);
  public static java.util.Set anySet();
  public static <T> java.util.Set<T> anySetOf(java.lang.Class<T>);
  public static java.util.Map anyMap();
  public static <K, V> java.util.Map<K, V> anyMapOf(java.lang.Class<K>, java.lang.Class<V>);
  public static java.util.Collection anyCollection();
  public static <T> java.util.Collection<T> anyCollectionOf(java.lang.Class<T>);
  public static <T> T isA(java.lang.Class<T>);
  public static boolean eq(boolean);
  public static byte eq(byte);
  public static char eq(char);
  public static double eq(double);
  public static float eq(float);
  public static int eq(int);
  public static long eq(long);
  public static short eq(short);
  public static <T> T eq(T);
  public static <T> T refEq(T, java.lang.String...);
  public static <T> T same(T);
  public static java.lang.Object isNull();
  public static <T> T isNull(java.lang.Class<T>);
  public static java.lang.Object notNull();
  public static <T> T notNull(java.lang.Class<T>);
  public static java.lang.Object isNotNull();
  public static <T> T isNotNull(java.lang.Class<T>);
  public static java.lang.String contains(java.lang.String);
  public static java.lang.String matches(java.lang.String);
  public static java.lang.String endsWith(java.lang.String);
  public static java.lang.String startsWith(java.lang.String);
  public static <T> T argThat(org.hamcrest.Matcher<T>);
  public static char charThat(org.hamcrest.Matcher<java.lang.Character>);
  public static boolean booleanThat(org.hamcrest.Matcher<java.lang.Boolean>);
  public static byte byteThat(org.hamcrest.Matcher<java.lang.Byte>);
  public static short shortThat(org.hamcrest.Matcher<java.lang.Short>);
  public static int intThat(org.hamcrest.Matcher<java.lang.Integer>);
  public static long longThat(org.hamcrest.Matcher<java.lang.Long>);
  public static float floatThat(org.hamcrest.Matcher<java.lang.Float>);
  public static double doubleThat(org.hamcrest.Matcher<java.lang.Double>);
  private static org.mockito.internal.progress.HandyReturnValues reportMatcher(org.hamcrest.Matcher<?>);
  static {};
}
