Compiled from "SubLine.java"
public class org.apache.commons.math3.geometry.euclidean.threed.SubLine {
  private final org.apache.commons.math3.geometry.euclidean.threed.Line line;
  private final org.apache.commons.math3.geometry.euclidean.oned.IntervalsSet remainingRegion;
  public org.apache.commons.math3.geometry.euclidean.threed.SubLine(org.apache.commons.math3.geometry.euclidean.threed.Line, org.apache.commons.math3.geometry.euclidean.oned.IntervalsSet);
  public org.apache.commons.math3.geometry.euclidean.threed.SubLine(org.apache.commons.math3.geometry.euclidean.threed.Vector3D, org.apache.commons.math3.geometry.euclidean.threed.Vector3D) throws org.apache.commons.math3.exception.MathIllegalArgumentException;
  public org.apache.commons.math3.geometry.euclidean.threed.SubLine(org.apache.commons.math3.geometry.euclidean.threed.Segment) throws org.apache.commons.math3.exception.MathIllegalArgumentException;
  public java.util.List<org.apache.commons.math3.geometry.euclidean.threed.Segment> getSegments();
  public org.apache.commons.math3.geometry.euclidean.threed.Vector3D intersection(org.apache.commons.math3.geometry.euclidean.threed.SubLine, boolean);
  private static org.apache.commons.math3.geometry.euclidean.oned.IntervalsSet buildIntervalSet(org.apache.commons.math3.geometry.euclidean.threed.Vector3D, org.apache.commons.math3.geometry.euclidean.threed.Vector3D) throws org.apache.commons.math3.exception.MathIllegalArgumentException;
}
Compiled from "SubLine.java"
public class org.apache.commons.math3.geometry.euclidean.twod.SubLine extends org.apache.commons.math3.geometry.partitioning.AbstractSubHyperplane<org.apache.commons.math3.geometry.euclidean.twod.Euclidean2D, org.apache.commons.math3.geometry.euclidean.oned.Euclidean1D> {
  public org.apache.commons.math3.geometry.euclidean.twod.SubLine(org.apache.commons.math3.geometry.partitioning.Hyperplane<org.apache.commons.math3.geometry.euclidean.twod.Euclidean2D>, org.apache.commons.math3.geometry.partitioning.Region<org.apache.commons.math3.geometry.euclidean.oned.Euclidean1D>);
  public org.apache.commons.math3.geometry.euclidean.twod.SubLine(org.apache.commons.math3.geometry.euclidean.twod.Vector2D, org.apache.commons.math3.geometry.euclidean.twod.Vector2D);
  public org.apache.commons.math3.geometry.euclidean.twod.SubLine(org.apache.commons.math3.geometry.euclidean.twod.Segment);
  public java.util.List<org.apache.commons.math3.geometry.euclidean.twod.Segment> getSegments();
  public org.apache.commons.math3.geometry.euclidean.twod.Vector2D intersection(org.apache.commons.math3.geometry.euclidean.twod.SubLine, boolean);
  private static org.apache.commons.math3.geometry.euclidean.oned.IntervalsSet buildIntervalSet(org.apache.commons.math3.geometry.euclidean.twod.Vector2D, org.apache.commons.math3.geometry.euclidean.twod.Vector2D);
  protected org.apache.commons.math3.geometry.partitioning.AbstractSubHyperplane<org.apache.commons.math3.geometry.euclidean.twod.Euclidean2D, org.apache.commons.math3.geometry.euclidean.oned.Euclidean1D> buildNew(org.apache.commons.math3.geometry.partitioning.Hyperplane<org.apache.commons.math3.geometry.euclidean.twod.Euclidean2D>, org.apache.commons.math3.geometry.partitioning.Region<org.apache.commons.math3.geometry.euclidean.oned.Euclidean1D>);
  public org.apache.commons.math3.geometry.partitioning.Side side(org.apache.commons.math3.geometry.partitioning.Hyperplane<org.apache.commons.math3.geometry.euclidean.twod.Euclidean2D>);
  public org.apache.commons.math3.geometry.partitioning.SubHyperplane$SplitSubHyperplane<org.apache.commons.math3.geometry.euclidean.twod.Euclidean2D> split(org.apache.commons.math3.geometry.partitioning.Hyperplane<org.apache.commons.math3.geometry.euclidean.twod.Euclidean2D>);
}
