Compiled from "StdDateFormat.java"
public class com.fasterxml.jackson.databind.util.StdDateFormat extends java.text.DateFormat {
  protected static final java.lang.String DATE_FORMAT_STR_ISO8601;
  protected static final java.lang.String DATE_FORMAT_STR_ISO8601_Z;
  protected static final java.lang.String DATE_FORMAT_STR_PLAIN;
  protected static final java.lang.String DATE_FORMAT_STR_RFC1123;
  protected static final java.lang.String[] ALL_FORMATS;
  private static final java.util.TimeZone DEFAULT_TIMEZONE;
  private static final java.util.Locale DEFAULT_LOCALE;
  protected static final java.text.DateFormat DATE_FORMAT_RFC1123;
  protected static final java.text.DateFormat DATE_FORMAT_ISO8601;
  protected static final java.text.DateFormat DATE_FORMAT_ISO8601_Z;
  protected static final java.text.DateFormat DATE_FORMAT_PLAIN;
  public static final com.fasterxml.jackson.databind.util.StdDateFormat instance;
  protected transient java.util.TimeZone _timezone;
  protected final java.util.Locale _locale;
  protected transient java.text.DateFormat _formatRFC1123;
  protected transient java.text.DateFormat _formatISO8601;
  protected transient java.text.DateFormat _formatISO8601_z;
  protected transient java.text.DateFormat _formatPlain;
  public com.fasterxml.jackson.databind.util.StdDateFormat();
  public com.fasterxml.jackson.databind.util.StdDateFormat(java.util.TimeZone);
  public com.fasterxml.jackson.databind.util.StdDateFormat(java.util.TimeZone, java.util.Locale);
  public static java.util.TimeZone getDefaultTimeZone();
  public com.fasterxml.jackson.databind.util.StdDateFormat withTimeZone(java.util.TimeZone);
  public com.fasterxml.jackson.databind.util.StdDateFormat withLocale(java.util.Locale);
  public com.fasterxml.jackson.databind.util.StdDateFormat clone();
  public static java.text.DateFormat getBlueprintISO8601Format();
  public static java.text.DateFormat getISO8601Format(java.util.TimeZone);
  public static java.text.DateFormat getISO8601Format(java.util.TimeZone, java.util.Locale);
  public static java.text.DateFormat getBlueprintRFC1123Format();
  public static java.text.DateFormat getRFC1123Format(java.util.TimeZone, java.util.Locale);
  public static java.text.DateFormat getRFC1123Format(java.util.TimeZone);
  public void setTimeZone(java.util.TimeZone);
  public java.util.Date parse(java.lang.String) throws java.text.ParseException;
  public java.util.Date parse(java.lang.String, java.text.ParsePosition);
  public java.lang.StringBuffer format(java.util.Date, java.lang.StringBuffer, java.text.FieldPosition);
  public java.lang.String toString();
  protected boolean looksLikeISO8601(java.lang.String);
  protected java.util.Date parseAsISO8601(java.lang.String, java.text.ParsePosition);
  protected java.util.Date parseAsRFC1123(java.lang.String, java.text.ParsePosition);
  private static final boolean hasTimeZone(java.lang.String);
  private static final java.text.DateFormat _cloneFormat(java.text.DateFormat, java.lang.String, java.util.TimeZone, java.util.Locale);
  public java.lang.Object clone();
  static {};
}
